Archive member included to satisfy reference by file (symbol)

/opt/homebrew/Cellar/arm-none-eabi-gcc/10.3-2021.07/gcc/bin/../lib/gcc/arm-none-eabi/10.3.1/thumb/v6-m/nofp/libgcc.a(_dvmd_tls.o)
                              CMakeFiles/beepmachine-firmware-v0.22.dir/Users/nickallott/pico/pico-sdk/src/rp2_common/pico_divider/divider.S.obj (__aeabi_idiv0)
/opt/homebrew/Cellar/arm-none-eabi-gcc/10.3-2021.07/gcc/bin/../lib/gcc/arm-none-eabi/10.3.1/../../../../arm-none-eabi/lib/thumb/v6-m/nofp/libg.a(lib_a-calloc.o)
                              CMakeFiles/beepmachine-firmware-v0.22.dir/Users/nickallott/pico/pico-sdk/src/rp2_common/pico_malloc/pico_malloc.c.obj (calloc)
/opt/homebrew/Cellar/arm-none-eabi-gcc/10.3-2021.07/gcc/bin/../lib/gcc/arm-none-eabi/10.3.1/../../../../arm-none-eabi/lib/thumb/v6-m/nofp/libg.a(lib_a-callocr.o)
                              /opt/homebrew/Cellar/arm-none-eabi-gcc/10.3-2021.07/gcc/bin/../lib/gcc/arm-none-eabi/10.3.1/../../../../arm-none-eabi/lib/thumb/v6-m/nofp/libg.a(lib_a-calloc.o) (_calloc_r)
/opt/homebrew/Cellar/arm-none-eabi-gcc/10.3-2021.07/gcc/bin/../lib/gcc/arm-none-eabi/10.3.1/../../../../arm-none-eabi/lib/thumb/v6-m/nofp/libg.a(lib_a-errno.o)
                              /opt/homebrew/Cellar/arm-none-eabi-gcc/10.3-2021.07/gcc/bin/../lib/gcc/arm-none-eabi/10.3.1/../../../../arm-none-eabi/lib/thumb/v6-m/nofp/libg.a(lib_a-callocr.o) (__errno)
/opt/homebrew/Cellar/arm-none-eabi-gcc/10.3-2021.07/gcc/bin/../lib/gcc/arm-none-eabi/10.3.1/../../../../arm-none-eabi/lib/thumb/v6-m/nofp/libg.a(lib_a-impure.o)
                              /opt/homebrew/Cellar/arm-none-eabi-gcc/10.3-2021.07/gcc/bin/../lib/gcc/arm-none-eabi/10.3.1/../../../../arm-none-eabi/lib/thumb/v6-m/nofp/libg.a(lib_a-calloc.o) (_impure_ptr)
/opt/homebrew/Cellar/arm-none-eabi-gcc/10.3-2021.07/gcc/bin/../lib/gcc/arm-none-eabi/10.3.1/../../../../arm-none-eabi/lib/thumb/v6-m/nofp/libg.a(lib_a-init.o)
                              /opt/homebrew/Cellar/arm-none-eabi-gcc/10.3-2021.07/gcc/bin/../lib/gcc/arm-none-eabi/10.3.1/../../../../arm-none-eabi/lib/thumb/v6-m/nofp/crt0.o (__libc_init_array)
/opt/homebrew/Cellar/arm-none-eabi-gcc/10.3-2021.07/gcc/bin/../lib/gcc/arm-none-eabi/10.3.1/../../../../arm-none-eabi/lib/thumb/v6-m/nofp/libg.a(lib_a-malloc.o)
                              CMakeFiles/beepmachine-firmware-v0.22.dir/Users/nickallott/pico/pico-sdk/src/rp2_common/pico_malloc/pico_malloc.c.obj (malloc)
/opt/homebrew/Cellar/arm-none-eabi-gcc/10.3-2021.07/gcc/bin/../lib/gcc/arm-none-eabi/10.3.1/../../../../arm-none-eabi/lib/thumb/v6-m/nofp/libg.a(lib_a-mallocr.o)
                              /opt/homebrew/Cellar/arm-none-eabi-gcc/10.3-2021.07/gcc/bin/../lib/gcc/arm-none-eabi/10.3.1/../../../../arm-none-eabi/lib/thumb/v6-m/nofp/libg.a(lib_a-callocr.o) (_malloc_r)
/opt/homebrew/Cellar/arm-none-eabi-gcc/10.3-2021.07/gcc/bin/../lib/gcc/arm-none-eabi/10.3.1/../../../../arm-none-eabi/lib/thumb/v6-m/nofp/libg.a(lib_a-mlock.o)
                              /opt/homebrew/Cellar/arm-none-eabi-gcc/10.3-2021.07/gcc/bin/../lib/gcc/arm-none-eabi/10.3.1/../../../../arm-none-eabi/lib/thumb/v6-m/nofp/libg.a(lib_a-mallocr.o) (__malloc_lock)
/opt/homebrew/Cellar/arm-none-eabi-gcc/10.3-2021.07/gcc/bin/../lib/gcc/arm-none-eabi/10.3.1/../../../../arm-none-eabi/lib/thumb/v6-m/nofp/libg.a(lib_a-realloc.o)
                              CMakeFiles/beepmachine-firmware-v0.22.dir/Users/nickallott/pico/pico-sdk/src/rp2_common/pico_malloc/pico_malloc.c.obj (realloc)
/opt/homebrew/Cellar/arm-none-eabi-gcc/10.3-2021.07/gcc/bin/../lib/gcc/arm-none-eabi/10.3.1/../../../../arm-none-eabi/lib/thumb/v6-m/nofp/libg.a(lib_a-reallocr.o)
                              /opt/homebrew/Cellar/arm-none-eabi-gcc/10.3-2021.07/gcc/bin/../lib/gcc/arm-none-eabi/10.3.1/../../../../arm-none-eabi/lib/thumb/v6-m/nofp/libg.a(lib_a-realloc.o) (_realloc_r)
/opt/homebrew/Cellar/arm-none-eabi-gcc/10.3-2021.07/gcc/bin/../lib/gcc/arm-none-eabi/10.3.1/../../../../arm-none-eabi/lib/thumb/v6-m/nofp/libg.a(lib_a-sbrkr.o)
                              /opt/homebrew/Cellar/arm-none-eabi-gcc/10.3-2021.07/gcc/bin/../lib/gcc/arm-none-eabi/10.3.1/../../../../arm-none-eabi/lib/thumb/v6-m/nofp/libg.a(lib_a-mallocr.o) (_sbrk_r)
/opt/homebrew/Cellar/arm-none-eabi-gcc/10.3-2021.07/gcc/bin/../lib/gcc/arm-none-eabi/10.3.1/../../../../arm-none-eabi/lib/thumb/v6-m/nofp/libg.a(lib_a-strlen-stub.o)
                              CMakeFiles/beepmachine-firmware-v0.22.dir/Users/nickallott/pico/pico-sdk/src/rp2_common/pico_stdio/stdio.c.obj (strlen)
/opt/homebrew/Cellar/arm-none-eabi-gcc/10.3-2021.07/gcc/bin/../lib/gcc/arm-none-eabi/10.3.1/../../../../arm-none-eabi/lib/thumb/v6-m/nofp/libg.a(lib_a-freer.o)
                              /opt/homebrew/Cellar/arm-none-eabi-gcc/10.3-2021.07/gcc/bin/../lib/gcc/arm-none-eabi/10.3.1/../../../../arm-none-eabi/lib/thumb/v6-m/nofp/libg.a(lib_a-malloc.o) (_free_r)
[...]
Memory Configuration

Name             Origin             Length             Attributes
FLASH            0x0000000010000000 0x0000000000200000 xr
RAM              0x0000000020000000 0x0000000000040000 xrw
SCRATCH_X        0x0000000020040000 0x0000000000001000 xrw
SCRATCH_Y        0x0000000020041000 0x0000000000001000 xrw
*default*        0x0000000000000000 0xffffffffffffffff

Linker script and memory map

LOAD /opt/homebrew/Cellar/arm-none-eabi-gcc/10.3-2021.07/gcc/bin/../lib/gcc/arm-none-eabi/10.3.1/thumb/v6-m/nofp/crti.o
LOAD /opt/homebrew/Cellar/arm-none-eabi-gcc/10.3-2021.07/gcc/bin/../lib/gcc/arm-none-eabi/10.3.1/thumb/v6-m/nofp/crtbegin.o
LOAD /opt/homebrew/Cellar/arm-none-eabi-gcc/10.3-2021.07/gcc/bin/../lib/gcc/arm-none-eabi/10.3.1/../../../../arm-none-eabi/lib/thumb/v6-m/nofp/crt0.o

.flash_begin    0x0000000010000000        0x0
                0x0000000010000000                __flash_binary_start = .

.boot2          0x0000000010000000      0x100
                0x0000000010000000                __boot2_start__ = .
 *(.boot2)
 .boot2         0x0000000010000000      0x100 /var/folders/qh/wzbl_dx50_s371n865l3xj_c0000gn/T//ccqQOepM.o
                0x0000000010000100                __boot2_end__ = .
                0x0000000000000001                ASSERT (((__boot2_end__ - __boot2_start__) == 0x100), ERROR: Pico second stage bootloader must be 256 bytes in size)

.text           0x0000000010000100     0x5768
                0x0000000010000100                __logical_binary_start = .
 *(.vectors)
 .vectors       0x0000000010000100       0xd4 CMakeFiles/beepmachine-firmware-v0.22.dir/Users/nickallott/pico/pico-sdk/src/rp2_common/pico_standard_link/crt0.S.obj
                0x0000000010000100                __VECTOR_TABLE
                0x0000000010000100                __vectors
                0x00000000100001c0                __default_isrs_start
                0x00000000100001c0                isr_invalid
                0x00000000100001c2                isr_nmi
                0x00000000100001c4                isr_hardfault
                0x00000000100001c6                isr_svcall
                0x00000000100001c8                isr_pendsv
                0x00000000100001ca                isr_systick
                0x00000000100001cc                isr_irq28
                0x00000000100001cc                isr_irq19
                0x00000000100001cc                isr_irq0
                0x00000000100001cc                isr_irq6
                0x00000000100001cc                isr_irq22
                0x00000000100001cc                isr_irq17
                0x00000000100001cc                isr_irq14
                0x00000000100001cc                isr_irq2
                0x00000000100001cc                isr_irq10
                0x00000000100001cc                isr_irq8
                0x00000000100001cc                isr_irq24
                0x00000000100001cc                isr_irq1
                0x00000000100001cc                isr_irq7
                0x00000000100001cc                isr_irq21
                0x00000000100001cc                isr_irq20
                0x00000000100001cc                isr_irq15
                0x00000000100001cc                isr_irq25
                0x00000000100001cc                isr_irq4
                0x00000000100001cc                isr_irq16
                0x00000000100001cc                isr_irq29
                0x00000000100001cc                isr_irq26
                0x00000000100001cc                __default_isrs_end
                0x00000000100001cc                isr_irq3
                0x00000000100001cc                isr_irq9
                0x00000000100001cc                __unhandled_user_irq
                0x00000000100001cc                isr_irq13
                0x00000000100001cc                isr_irq27
                0x00000000100001cc                isr_irq31
                0x00000000100001cc                isr_irq5
                0x00000000100001cc                isr_irq11
                0x00000000100001cc                isr_irq23
                0x00000000100001cc                isr_irq18
                0x00000000100001cc                isr_irq30
                0x00000000100001cc                isr_irq12
                0x00000000100001d2                unhandled_user_irq_num_in_r0
 *(.binary_info_header)
 .binary_info_header
                0x00000000100001d4       0x14 CMakeFiles/beepmachine-firmware-v0.22.dir/Users/nickallott/pico/pico-sdk/src/rp2_common/pico_standard_link/crt0.S.obj
                0x00000000100001e8                __binary_info_header_end = .
 *(.reset)
 .reset         0x00000000100001e8       0xa8 CMakeFiles/beepmachine-firmware-v0.22.dir/Users/nickallott/pico/pico-sdk/src/rp2_common/pico_standard_link/crt0.S.obj
                0x00000000100001e8                _entry_point
                0x0000000010000266                __get_current_exception
 .reset         0x0000000010000290       0x30 CMakeFiles/beepmachine-firmware-v0.22.dir/Users/nickallott/pico/pico-sdk/src/rp2_common/pico_standard_link/binary_info.c.obj
 *(.init)
 .init          0x00000000100002c0        0x4 /opt/homebrew/Cellar/arm-none-eabi-gcc/10.3-2021.07/gcc/bin/../lib/gcc/arm-none-eabi/10.3.1/thumb/v6-m/nofp/crti.o
                0x00000000100002c0                _init
 *(EXCLUDE_FILE(*libm.a: *libc.a:*lib_a-mem*.o *libgcc.a:) .text*)
 .text          0x00000000100002c4       0x48 /opt/homebrew/Cellar/arm-none-eabi-gcc/10.3-2021.07/gcc/bin/../lib/gcc/arm-none-eabi/10.3.1/thumb/v6-m/nofp/crtbegin.o
 .text._Z41__static_initialization_and_destruction_0ii
                0x000000001000030c       0x6c CMakeFiles/beepmachine-firmware-v0.22.dir/main.cc.obj
 .text._Z11set_note_oniii
                0x0000000010000378       0xa0 CMakeFiles/beepmachine-firmware-v0.22.dir/main.cc.obj
                0x0000000010000378                set_note_on(int, int, int)
 .text._Z12set_note_offiii
                0x0000000010000418       0x44 CMakeFiles/beepmachine-firmware-v0.22.dir/main.cc.obj
                0x0000000010000418                set_note_off(int, int, int)
 .text._Z13note_priorityiii
                0x000000001000045c      0x12c CMakeFiles/beepmachine-firmware-v0.22.dir/main.cc.obj
                0x000000001000045c                note_priority(int, int, int)
 .text._Z11voices_initv
                0x0000000010000588       0x60 CMakeFiles/beepmachine-firmware-v0.22.dir/main.cc.obj
                0x0000000010000588                voices_init()
 .text.main     0x00000000100005e8       0x84 CMakeFiles/beepmachine-firmware-v0.22.dir/main.cc.obj
                0x00000000100005e8                main
 .text._GLOBAL__sub_I_note2freq
                0x000000001000066c       0x10 CMakeFiles/beepmachine-firmware-v0.22.dir/main.cc.obj
 .text._ZN5synth18prng_xorshift_nextEv
                0x000000001000067c       0x18 CMakeFiles/beepmachine-firmware-v0.22.dir/synth.cc.obj
                0x000000001000067c                synth::prng_xorshift_next()
 .text._ZN5synth11prng_normalEv
                0x0000000010000694       0x30 CMakeFiles/beepmachine-firmware-v0.22.dir/synth.cc.obj
                0x0000000010000694                synth::prng_normal()
 .text._ZN5synth15get_audio_frameEv
                0x00000000100006c4      0x2a8 CMakeFiles/beepmachine-firmware-v0.22.dir/synth.cc.obj
                0x00000000100006c4                synth::get_audio_frame()
 .text._Z11dma_channeliiPVt
                0x000000001000096c       0xb8 CMakeFiles/beepmachine-firmware-v0.22.dir/drivers/dac.cc.obj
                0x000000001000096c                dma_channel(int, int, unsigned short volatile*)
 .text._Z8dma_initv
                0x0000000010000a24       0x98 CMakeFiles/beepmachine-firmware-v0.22.dir/drivers/dac.cc.obj
                0x0000000010000a24                dma_init()
 .text._Z8dac_initt
                0x0000000010000abc       0x68 CMakeFiles/beepmachine-firmware-v0.22.dir/drivers/dac.cc.obj
                0x0000000010000abc                dac_init(unsigned short)
 .text._Z10dma_bufferPtj
                0x0000000010000b24       0x3c CMakeFiles/beepmachine-firmware-v0.22.dir/drivers/dac.cc.obj
                0x0000000010000b24                dma_buffer(unsigned short*, unsigned int)
 .text._Z11dma_handlerv
                0x0000000010000b60       0x68 CMakeFiles/beepmachine-firmware-v0.22.dir/drivers/dac.cc.obj
                0x0000000010000b60                dma_handler()
 .text._ZN3Adc4initEv
                0x0000000010000bc8       0x94 CMakeFiles/beepmachine-firmware-v0.22.dir/drivers/adc.cc.obj
                0x0000000010000bc8                Adc::init()
 .text._ZN3Adc6updateEv
                0x0000000010000c5c      0x120 CMakeFiles/beepmachine-firmware-v0.22.dir/drivers/adc.cc.obj
                0x0000000010000c5c                Adc::update()
 .text._ZN4Keys4initEv
                0x0000000010000d7c       0xa2 CMakeFiles/beepmachine-firmware-v0.22.dir/drivers/keys.cc.obj
                0x0000000010000d7c                Keys::init()
 .text._ZN4Keys4readEv
                0x0000000010000e1e      0x26a CMakeFiles/beepmachine-firmware-v0.22.dir/drivers/keys.cc.obj
                0x0000000010000e1e                Keys::read()
 .text._Z41__static_initialization_and_destruction_0ii
                0x0000000010001088       0x3c CMakeFiles/beepmachine-firmware-v0.22.dir/hardware.cc.obj
 .text._Z13get_pitch_logi
                0x00000000100010c4        0xc CMakeFiles/beepmachine-firmware-v0.22.dir/hardware.cc.obj
                0x00000000100010c4                get_pitch_log(int)
 .text._Z12sr_shift_outh
                0x00000000100010d0       0x4a CMakeFiles/beepmachine-firmware-v0.22.dir/hardware.cc.obj
                0x00000000100010d0                sr_shift_out(unsigned char)
 *fill*         0x000000001000111a        0x2 
 .text._Z13sr_bit_togglei
                0x000000001000111c       0x20 CMakeFiles/beepmachine-firmware-v0.22.dir/hardware.cc.obj
                0x000000001000111c                sr_bit_toggle(int)
 .text._Z8sr_clearv
                0x000000001000113c       0x14 CMakeFiles/beepmachine-firmware-v0.22.dir/hardware.cc.obj
                0x000000001000113c                sr_clear()
 .text._Z7sr_initv
                0x0000000010001150       0x30 CMakeFiles/beepmachine-firmware-v0.22.dir/hardware.cc.obj
                0x0000000010001150                sr_init()
 .text._Z12pwm_pin_initi
                0x0000000010001180       0x5c CMakeFiles/beepmachine-firmware-v0.22.dir/hardware.cc.obj
                0x0000000010001180                pwm_pin_init(int)
 .text._Z19pwm_output_polarityv
                0x00000000100011dc       0x30 CMakeFiles/beepmachine-firmware-v0.22.dir/hardware.cc.obj
                0x00000000100011dc                pwm_output_polarity()
 .text._Z10led_togglei
                0x000000001000120c       0x28 CMakeFiles/beepmachine-firmware-v0.22.dir/hardware.cc.obj
                0x000000001000120c                led_toggle(int)
 .text._Z9leds_initv
                0x0000000010001234       0x46 CMakeFiles/beepmachine-firmware-v0.22.dir/hardware.cc.obj
                0x0000000010001234                leds_init()
 *fill*         0x000000001000127a        0x2 
 .text._Z15rgb_update_8bitiii
                0x000000001000127c       0x50 CMakeFiles/beepmachine-firmware-v0.22.dir/hardware.cc.obj
                0x000000001000127c                rgb_update_8bit(int, int, int)
 .text._Z10rgb_preseti
                0x00000000100012cc       0x74 CMakeFiles/beepmachine-firmware-v0.22.dir/hardware.cc.obj
                0x00000000100012cc                rgb_preset(int)
 .text._Z8rgb_initv
                0x0000000010001340        0xa CMakeFiles/beepmachine-firmware-v0.22.dir/hardware.cc.obj
                0x0000000010001340                rgb_init()
 *fill*         0x000000001000134a        0x2 
 .text._Z18default_paginationv
                0x000000001000134c       0x24 CMakeFiles/beepmachine-firmware-v0.22.dir/hardware.cc.obj
                0x000000001000134c                default_pagination()
 .text._Z15pagination_initv
                0x0000000010001370       0x34 CMakeFiles/beepmachine-firmware-v0.22.dir/hardware.cc.obj
                0x0000000010001370                pagination_init()
 .text._ZN12beep_machine14get_pagintaionEii
                0x00000000100013a4       0x14 CMakeFiles/beepmachine-firmware-v0.22.dir/hardware.cc.obj
                0x00000000100013a4                beep_machine::get_pagintaion(int, int)
 .text._Z8set_pageh
                0x00000000100013b8       0x5c CMakeFiles/beepmachine-firmware-v0.22.dir/hardware.cc.obj
                0x00000000100013b8                set_page(unsigned char)
 .text._Z13set_page_flagh
                0x0000000010001414       0x10 CMakeFiles/beepmachine-firmware-v0.22.dir/hardware.cc.obj
                0x0000000010001414                set_page_flag(unsigned char)
 .text._Z13get_page_flagv
                0x0000000010001424        0xc CMakeFiles/beepmachine-firmware-v0.22.dir/hardware.cc.obj
                0x0000000010001424                get_page_flag()
 .text._Z15toggle_lfo_flagv
                0x0000000010001430       0x18 CMakeFiles/beepmachine-firmware-v0.22.dir/hardware.cc.obj
                0x0000000010001430                toggle_lfo_flag()
 .text._Z12get_lfo_flagv
                0x0000000010001448        0xc CMakeFiles/beepmachine-firmware-v0.22.dir/hardware.cc.obj
                0x0000000010001448                get_lfo_flag()
 .text._Z15toggle_arp_flagv
                0x0000000010001454       0x18 CMakeFiles/beepmachine-firmware-v0.22.dir/hardware.cc.obj
                0x0000000010001454                toggle_arp_flag()
 .text._Z11keys_updatev
                0x000000001000146c      0x148 CMakeFiles/beepmachine-firmware-v0.22.dir/hardware.cc.obj
                0x000000001000146c                keys_update()
 .text._Z12get_arp_flagv
                0x00000000100015b4        0xc CMakeFiles/beepmachine-firmware-v0.22.dir/hardware.cc.obj
                0x00000000100015b4                get_arp_flag()
 .text._Z17pagination_updatev
                0x00000000100015c0      0x11c CMakeFiles/beepmachine-firmware-v0.22.dir/hardware.cc.obj
                0x00000000100015c0                pagination_update()
 .text._Z13hardware_initv
                0x00000000100016dc       0x3c CMakeFiles/beepmachine-firmware-v0.22.dir/hardware.cc.obj
                0x00000000100016dc                hardware_init()
 .text._Z13hardware_taskv
                0x0000000010001718      0x10c CMakeFiles/beepmachine-firmware-v0.22.dir/hardware.cc.obj
                0x0000000010001718                hardware_task()
 .text._GLOBAL__sub_I__Z13get_pitch_logi
                0x0000000010001824       0x10 CMakeFiles/beepmachine-firmware-v0.22.dir/hardware.cc.obj
 .text._ZN10modulation9set_depthEi
                0x0000000010001834        0xc CMakeFiles/beepmachine-firmware-v0.22.dir/synth/modulation.cc.obj
                0x0000000010001834                modulation::set_depth(int)
 .text._ZN10modulation8set_rateEi
                0x0000000010001840       0x18 CMakeFiles/beepmachine-firmware-v0.22.dir/synth/modulation.cc.obj
                0x0000000010001840                modulation::set_rate(int)
 .text._ZN10modulation8set_waveEi
                0x0000000010001858       0x10 CMakeFiles/beepmachine-firmware-v0.22.dir/synth/modulation.cc.obj
                0x0000000010001858                modulation::set_wave(int)
 .text._ZN10modulation10set_matrixEh
                0x0000000010001868        0xc CMakeFiles/beepmachine-firmware-v0.22.dir/synth/modulation.cc.obj
                0x0000000010001868                modulation::set_matrix(unsigned char)
 .text._ZN10modulation4initEv
                0x0000000010001874       0x16 CMakeFiles/beepmachine-firmware-v0.22.dir/synth/modulation.cc.obj
                0x0000000010001874                modulation::init()
 *fill*         0x000000001000188a        0x2 
 .text._ZN10modulation6updateEv
                0x000000001000188c       0x4c CMakeFiles/beepmachine-firmware-v0.22.dir/synth/modulation.cc.obj
                0x000000001000188c                modulation::update()
 .text._ZN10modulation15get_output_uintEv
                0x00000000100018d8       0x18 CMakeFiles/beepmachine-firmware-v0.22.dir/synth/modulation.cc.obj
                0x00000000100018d8                modulation::get_output_uint()
 .text.gpio_set_function
                0x00000000100018f0       0x30 CMakeFiles/beepmachine-firmware-v0.22.dir/Users/nickallott/pico/pico-sdk/src/rp2_common/hardware_gpio/gpio.c.obj
                0x00000000100018f0                gpio_set_function
 .text.gpio_set_pulls
                0x0000000010001920       0x34 CMakeFiles/beepmachine-firmware-v0.22.dir/Users/nickallott/pico/pico-sdk/src/rp2_common/hardware_gpio/gpio.c.obj
                0x0000000010001920                gpio_set_pulls
 .text.gpio_set_slew_rate
                0x0000000010001954       0x20 CMakeFiles/beepmachine-firmware-v0.22.dir/Users/nickallott/pico/pico-sdk/src/rp2_common/hardware_gpio/gpio.c.obj
                0x0000000010001954                gpio_set_slew_rate
 .text.gpio_set_input_enabled
                0x0000000010001974       0x30 CMakeFiles/beepmachine-firmware-v0.22.dir/Users/nickallott/pico/pico-sdk/src/rp2_common/hardware_gpio/gpio.c.obj
                0x0000000010001974                gpio_set_input_enabled
 .text.gpio_init
                0x00000000100019a4       0x16 CMakeFiles/beepmachine-firmware-v0.22.dir/Users/nickallott/pico/pico-sdk/src/rp2_common/hardware_gpio/gpio.c.obj
                0x00000000100019a4                gpio_init
 *fill*         0x00000000100019ba        0x2 
 .text.hw_claim_lock
                0x00000000100019bc       0x18 CMakeFiles/beepmachine-firmware-v0.22.dir/Users/nickallott/pico/pico-sdk/src/rp2_common/hardware_claim/claim.c.obj
                0x00000000100019bc                hw_claim_lock
 .text.hw_claim_unlock
                0x00000000100019d4       0x14 CMakeFiles/beepmachine-firmware-v0.22.dir/Users/nickallott/pico/pico-sdk/src/rp2_common/hardware_claim/claim.c.obj
                0x00000000100019d4                hw_claim_unlock
 .text.hw_claim_or_assert
                0x00000000100019e8       0x32 CMakeFiles/beepmachine-firmware-v0.22.dir/Users/nickallott/pico/pico-sdk/src/rp2_common/hardware_claim/claim.c.obj
                0x00000000100019e8                hw_claim_or_assert
 .text.hw_claim_unused_from_range
                0x0000000010001a1a       0x50 CMakeFiles/beepmachine-firmware-v0.22.dir/Users/nickallott/pico/pico-sdk/src/rp2_common/hardware_claim/claim.c.obj
                0x0000000010001a1a                hw_claim_unused_from_range
 *fill*         0x0000000010001a6a        0x2 
 .text.running_on_fpga
                0x0000000010001a6c       0x14 CMakeFiles/beepmachine-firmware-v0.22.dir/Users/nickallott/pico/pico-sdk/src/rp2_common/pico_platform/platform.c.obj
                0x0000000010001a6c                running_on_fpga
 .text.spin_locks_reset
                0x0000000010001a80       0x20 CMakeFiles/beepmachine-firmware-v0.22.dir/Users/nickallott/pico/pico-sdk/src/rp2_common/hardware_sync/sync.c.obj
                0x0000000010001a80                spin_locks_reset
 .text.next_striped_spin_lock_num
                0x0000000010001aa0       0x1c CMakeFiles/beepmachine-firmware-v0.22.dir/Users/nickallott/pico/pico-sdk/src/rp2_common/hardware_sync/sync.c.obj
                0x0000000010001aa0                next_striped_spin_lock_num
 .text.set_raw_irq_handler_and_unlock
                0x0000000010001abc       0x28 CMakeFiles/beepmachine-firmware-v0.22.dir/Users/nickallott/pico/pico-sdk/src/rp2_common/hardware_irq/irq.c.obj
 .text.make_branch
                0x0000000010001ae4       0x48 CMakeFiles/beepmachine-firmware-v0.22.dir/Users/nickallott/pico/pico-sdk/src/rp2_common/hardware_irq/irq.c.obj
 .text.insert_branch_and_link
                0x0000000010001b2c       0x40 CMakeFiles/beepmachine-firmware-v0.22.dir/Users/nickallott/pico/pico-sdk/src/rp2_common/hardware_irq/irq.c.obj
 .text.irq_is_enabled
                0x0000000010001b6c       0x18 CMakeFiles/beepmachine-firmware-v0.22.dir/Users/nickallott/pico/pico-sdk/src/rp2_common/hardware_irq/irq.c.obj
                0x0000000010001b6c                irq_is_enabled
 .text.irq_set_mask_enabled
                0x0000000010001b84       0x20 CMakeFiles/beepmachine-firmware-v0.22.dir/Users/nickallott/pico/pico-sdk/src/rp2_common/hardware_irq/irq.c.obj
                0x0000000010001b84                irq_set_mask_enabled
 .text.irq_set_enabled
                0x0000000010001ba4        0xe CMakeFiles/beepmachine-firmware-v0.22.dir/Users/nickallott/pico/pico-sdk/src/rp2_common/hardware_irq/irq.c.obj
                0x0000000010001ba4                irq_set_enabled
 *fill*         0x0000000010001bb2        0x2 
 .text.irq_get_vtable_handler
                0x0000000010001bb4       0x10 CMakeFiles/beepmachine-firmware-v0.22.dir/Users/nickallott/pico/pico-sdk/src/rp2_common/hardware_irq/irq.c.obj
                0x0000000010001bb4                irq_get_vtable_handler
 .text.irq_set_exclusive_handler
                0x0000000010001bc4       0x54 CMakeFiles/beepmachine-firmware-v0.22.dir/Users/nickallott/pico/pico-sdk/src/rp2_common/hardware_irq/irq.c.obj
                0x0000000010001bc4                irq_set_exclusive_handler
 .text.irq_remove_handler
                0x0000000010001c18      0x1a8 CMakeFiles/beepmachine-firmware-v0.22.dir/Users/nickallott/pico/pico-sdk/src/rp2_common/hardware_irq/irq.c.obj
                0x0000000010001c18                irq_remove_handler
 .text.irq_add_tail_to_free_list
                0x0000000010001dc0       0xf0 CMakeFiles/beepmachine-firmware-v0.22.dir/Users/nickallott/pico/pico-sdk/src/rp2_common/hardware_irq/irq.c.obj
                0x0000000010001dc0                irq_add_tail_to_free_list
 .text.irq_init_priorities
                0x0000000010001eb0       0x1c CMakeFiles/beepmachine-firmware-v0.22.dir/Users/nickallott/pico/pico-sdk/src/rp2_common/hardware_irq/irq.c.obj
                0x0000000010001eb0                irq_init_priorities
 .text.lock_init
                0x0000000010001ecc       0x10 CMakeFiles/beepmachine-firmware-v0.22.dir/Users/nickallott/pico/pico-sdk/src/common/pico_sync/lock_core.c.obj
                0x0000000010001ecc                lock_init
 .text.alarm_pool_post_alloc_init
                0x0000000010001edc       0x40 CMakeFiles/beepmachine-firmware-v0.22.dir/Users/nickallott/pico/pico-sdk/src/common/pico_time/time.c.obj
 .text.timer_pool_entry_comparator
                0x0000000010001f1c       0x7c CMakeFiles/beepmachine-firmware-v0.22.dir/Users/nickallott/pico/pico-sdk/src/common/pico_time/time.c.obj
                0x0000000010001f1c                timer_pool_entry_comparator
 .text.ph_add_child_node
                0x0000000010001f98       0xa4 CMakeFiles/beepmachine-firmware-v0.22.dir/Users/nickallott/pico/pico-sdk/src/common/pico_time/time.c.obj
 .text.ph_merge_nodes
                0x000000001000203c       0x3e CMakeFiles/beepmachine-firmware-v0.22.dir/Users/nickallott/pico/pico-sdk/src/common/pico_time/time.c.obj
 *fill*         0x000000001000207a        0x2 
 .text.add_alarm_under_lock
                0x000000001000207c      0x174 CMakeFiles/beepmachine-firmware-v0.22.dir/Users/nickallott/pico/pico-sdk/src/common/pico_time/time.c.obj
 .text.alarm_pool_alarm_callback
                0x00000000100021f0      0x328 CMakeFiles/beepmachine-firmware-v0.22.dir/Users/nickallott/pico/pico-sdk/src/common/pico_time/time.c.obj
 .text.alarm_pool_init_default
                0x0000000010002518       0x38 CMakeFiles/beepmachine-firmware-v0.22.dir/Users/nickallott/pico/pico-sdk/src/common/pico_time/time.c.obj
                0x0000000010002518                alarm_pool_init_default
 .text.hardware_alarm_irq_handler
                0x0000000010002550       0x8c CMakeFiles/beepmachine-firmware-v0.22.dir/Users/nickallott/pico/pico-sdk/src/rp2_common/hardware_timer/timer.c.obj
 .text.hardware_alarm_claim
                0x00000000100025dc       0x18 CMakeFiles/beepmachine-firmware-v0.22.dir/Users/nickallott/pico/pico-sdk/src/rp2_common/hardware_timer/timer.c.obj
                0x00000000100025dc                hardware_alarm_claim
 .text.time_us_64
                0x00000000100025f4       0x18 CMakeFiles/beepmachine-firmware-v0.22.dir/Users/nickallott/pico/pico-sdk/src/rp2_common/hardware_timer/timer.c.obj
                0x00000000100025f4                time_us_64
 .text.hardware_alarm_set_callback
                0x000000001000260c       0x90 CMakeFiles/beepmachine-firmware-v0.22.dir/Users/nickallott/pico/pico-sdk/src/rp2_common/hardware_timer/timer.c.obj
                0x000000001000260c                hardware_alarm_set_callback
 .text.hardware_alarm_set_target
                0x000000001000269c       0xe8 CMakeFiles/beepmachine-firmware-v0.22.dir/Users/nickallott/pico/pico-sdk/src/rp2_common/hardware_timer/timer.c.obj
                0x000000001000269c                hardware_alarm_set_target
 .text.hardware_alarm_cancel
                0x0000000010002784       0x40 CMakeFiles/beepmachine-firmware-v0.22.dir/Users/nickallott/pico/pico-sdk/src/rp2_common/hardware_timer/timer.c.obj
                0x0000000010002784                hardware_alarm_cancel
 .text.ph_add_child_node
                0x00000000100027c4       0xa4 CMakeFiles/beepmachine-firmware-v0.22.dir/Users/nickallott/pico/pico-sdk/src/common/pico_util/pheap.c.obj
 .text.ph_merge_nodes
                0x0000000010002868       0x3e CMakeFiles/beepmachine-firmware-v0.22.dir/Users/nickallott/pico/pico-sdk/src/common/pico_util/pheap.c.obj
 *fill*         0x00000000100028a6        0x2 
 .text.ph_clear
                0x00000000100028a8       0x70 CMakeFiles/beepmachine-firmware-v0.22.dir/Users/nickallott/pico/pico-sdk/src/common/pico_util/pheap.c.obj
                0x00000000100028a8                ph_clear
 .text.ph_post_alloc_init
                0x0000000010002918        0xe CMakeFiles/beepmachine-firmware-v0.22.dir/Users/nickallott/pico/pico-sdk/src/common/pico_util/pheap.c.obj
                0x0000000010002918                ph_post_alloc_init
 *fill*         0x0000000010002926        0x2 
 .text.ph_merge_two_pass
                0x0000000010002928       0xa8 CMakeFiles/beepmachine-firmware-v0.22.dir/Users/nickallott/pico/pico-sdk/src/common/pico_util/pheap.c.obj
                0x0000000010002928                ph_merge_two_pass
 .text.ph_remove_any_head
                0x00000000100029d0      0x108 CMakeFiles/beepmachine-firmware-v0.22.dir/Users/nickallott/pico/pico-sdk/src/common/pico_util/pheap.c.obj
 .text.ph_remove_head
                0x0000000010002ad8       0x14 CMakeFiles/beepmachine-firmware-v0.22.dir/Users/nickallott/pico/pico-sdk/src/common/pico_util/pheap.c.obj
                0x0000000010002ad8                ph_remove_head
 .text.ph_remove_and_free_node
                0x0000000010002aec       0xf8 CMakeFiles/beepmachine-firmware-v0.22.dir/Users/nickallott/pico/pico-sdk/src/common/pico_util/pheap.c.obj
                0x0000000010002aec                ph_remove_and_free_node
 .text.mutex_init
                0x0000000010002be4       0x1a CMakeFiles/beepmachine-firmware-v0.22.dir/Users/nickallott/pico/pico-sdk/src/common/pico_sync/mutex.c.obj
                0x0000000010002be4                mutex_init
 .text.recursive_mutex_init
                0x0000000010002bfe       0x1e CMakeFiles/beepmachine-firmware-v0.22.dir/Users/nickallott/pico/pico-sdk/src/common/pico_sync/mutex.c.obj
                0x0000000010002bfe                recursive_mutex_init
 .text.uart_set_baudrate
                0x0000000010002c1c       0x5c CMakeFiles/beepmachine-firmware-v0.22.dir/Users/nickallott/pico/pico-sdk/src/rp2_common/hardware_uart/uart.c.obj
                0x0000000010002c1c                uart_set_baudrate
 .text.uart_set_translate_crlf
                0x0000000010002c78       0x28 CMakeFiles/beepmachine-firmware-v0.22.dir/Users/nickallott/pico/pico-sdk/src/rp2_common/hardware_uart/uart.c.obj
                0x0000000010002c78                uart_set_translate_crlf
 .text.uart_init
                0x0000000010002ca0       0x80 CMakeFiles/beepmachine-firmware-v0.22.dir/Users/nickallott/pico/pico-sdk/src/rp2_common/hardware_uart/uart.c.obj
                0x0000000010002ca0                uart_init
 .text._exit    0x0000000010002d20        0x4 CMakeFiles/beepmachine-firmware-v0.22.dir/Users/nickallott/pico/pico-sdk/src/rp2_common/pico_runtime/runtime.c.obj
                0x0000000010002d20                _exit
 .text.exit     0x0000000010002d24        0x6 CMakeFiles/beepmachine-firmware-v0.22.dir/Users/nickallott/pico/pico-sdk/src/rp2_common/pico_runtime/runtime.c.obj
                0x0000000010002d24                exit
 *fill*         0x0000000010002d2a        0x2 
 .text.__assert_func
                0x0000000010002d2c       0x3c CMakeFiles/beepmachine-firmware-v0.22.dir/Users/nickallott/pico/pico-sdk/src/rp2_common/pico_runtime/runtime.c.obj
                0x0000000010002d2c                __assert_func
 .text.runtime_init
                0x0000000010002d68       0xf8 CMakeFiles/beepmachine-firmware-v0.22.dir/Users/nickallott/pico/pico-sdk/src/rp2_common/pico_runtime/runtime.c.obj
                0x0000000010002d68                runtime_init
 .text.panic    0x0000000010002e60       0x30 CMakeFiles/beepmachine-firmware-v0.22.dir/Users/nickallott/pico/pico-sdk/src/rp2_common/pico_runtime/runtime.c.obj
                0x0000000010002e60                panic
 .text.clock_configure
                0x0000000010002e90      0x104 CMakeFiles/beepmachine-firmware-v0.22.dir/Users/nickallott/pico/pico-sdk/src/rp2_common/hardware_clocks/clocks.c.obj
                0x0000000010002e90                clock_configure
 .text.clocks_init
                0x0000000010002f94      0x100 CMakeFiles/beepmachine-firmware-v0.22.dir/Users/nickallott/pico/pico-sdk/src/rp2_common/hardware_clocks/clocks.c.obj
                0x0000000010002f94                clocks_init
 .text.clock_get_hz
                0x0000000010003094        0xc CMakeFiles/beepmachine-firmware-v0.22.dir/Users/nickallott/pico/pico-sdk/src/rp2_common/hardware_clocks/clocks.c.obj
                0x0000000010003094                clock_get_hz
 .text.pll_init
                0x00000000100030a0      0x140 CMakeFiles/beepmachine-firmware-v0.22.dir/Users/nickallott/pico/pico-sdk/src/rp2_common/hardware_pll/pll.c.obj
                0x00000000100030a0                pll_init
 .text.watchdog_start_tick
                0x00000000100031e0       0x10 CMakeFiles/beepmachine-firmware-v0.22.dir/Users/nickallott/pico/pico-sdk/src/rp2_common/hardware_watchdog/watchdog.c.obj
                0x00000000100031e0                watchdog_start_tick
 .text.xosc_init
                0x00000000100031f0       0x28 CMakeFiles/beepmachine-firmware-v0.22.dir/Users/nickallott/pico/pico-sdk/src/rp2_common/hardware_xosc/xosc.c.obj
                0x00000000100031f0                xosc_init
 .text._out_null
                0x0000000010003218        0x2 CMakeFiles/beepmachine-firmware-v0.22.dir/Users/nickallott/pico/pico-sdk/src/rp2_common/pico_printf/printf.c.obj
 .text._out_fct
                0x000000001000321a        0xe CMakeFiles/beepmachine-firmware-v0.22.dir/Users/nickallott/pico/pico-sdk/src/rp2_common/pico_printf/printf.c.obj
 .text._atoi    0x0000000010003228       0x24 CMakeFiles/beepmachine-firmware-v0.22.dir/Users/nickallott/pico/pico-sdk/src/rp2_common/pico_printf/printf.c.obj
 .text._out_rev
                0x000000001000324c       0xae CMakeFiles/beepmachine-firmware-v0.22.dir/Users/nickallott/pico/pico-sdk/src/rp2_common/pico_printf/printf.c.obj
 .text._ntoa_format
                0x00000000100032fa      0x112 CMakeFiles/beepmachine-firmware-v0.22.dir/Users/nickallott/pico/pico-sdk/src/rp2_common/pico_printf/printf.c.obj
 .text._ntoa_long
                0x000000001000340c       0xbc CMakeFiles/beepmachine-firmware-v0.22.dir/Users/nickallott/pico/pico-sdk/src/rp2_common/pico_printf/printf.c.obj
 .text._ntoa_long_long
                0x00000000100034c8       0xe2 CMakeFiles/beepmachine-firmware-v0.22.dir/Users/nickallott/pico/pico-sdk/src/rp2_common/pico_printf/printf.c.obj
 *fill*         0x00000000100035aa        0x2 
 .text._etoa    0x00000000100035ac      0x414 CMakeFiles/beepmachine-firmware-v0.22.dir/Users/nickallott/pico/pico-sdk/src/rp2_common/pico_printf/printf.c.obj
 .text._ftoa    0x00000000100039c0      0x354 CMakeFiles/beepmachine-firmware-v0.22.dir/Users/nickallott/pico/pico-sdk/src/rp2_common/pico_printf/printf.c.obj
 .text._vsnprintf
                0x0000000010003d14      0x624 CMakeFiles/beepmachine-firmware-v0.22.dir/Users/nickallott/pico/pico-sdk/src/rp2_common/pico_printf/printf.c.obj
 .text.vfctprintf
                0x0000000010004338       0x20 CMakeFiles/beepmachine-firmware-v0.22.dir/Users/nickallott/pico/pico-sdk/src/rp2_common/pico_printf/printf.c.obj
                0x0000000010004338                vfctprintf
 .text          0x0000000010004358       0x10 CMakeFiles/beepmachine-firmware-v0.22.dir/Users/nickallott/pico/pico-sdk/src/rp2_common/pico_bit_ops/bit_ops_aeabi.S.obj
 .text.rom_func_lookup
                0x0000000010004368       0x10 CMakeFiles/beepmachine-firmware-v0.22.dir/Users/nickallott/pico/pico-sdk/src/rp2_common/pico_bootrom/bootrom.c.obj
                0x0000000010004368                rom_func_lookup
 .text.rom_data_lookup
                0x0000000010004378       0x10 CMakeFiles/beepmachine-firmware-v0.22.dir/Users/nickallott/pico/pico-sdk/src/rp2_common/pico_bootrom/bootrom.c.obj
                0x0000000010004378                rom_data_lookup
 .text.rom_funcs_lookup
                0x0000000010004388       0x36 CMakeFiles/beepmachine-firmware-v0.22.dir/Users/nickallott/pico/pico-sdk/src/rp2_common/pico_bootrom/bootrom.c.obj
                0x0000000010004388                rom_funcs_lookup
 *fill*         0x00000000100043be        0x2 
 .text.__wrap___aeabi_idiv
                0x00000000100043c0       0x50 CMakeFiles/beepmachine-firmware-v0.22.dir/Users/nickallott/pico/pico-sdk/src/rp2_common/pico_divider/divider.S.obj
                0x00000000100043c0                __wrap___aeabi_idivmod
                0x00000000100043c0                divmod_s32s32
                0x00000000100043c0                div_s32s32
                0x00000000100043c0                __wrap___aeabi_idiv
                0x00000000100043c8                divmod_s32s32_unsafe
                0x00000000100043f4                divmod_s32s32_savestate
 .text.__wrap___aeabi_uidiv
                0x0000000010004410       0x4c CMakeFiles/beepmachine-firmware-v0.22.dir/Users/nickallott/pico/pico-sdk/src/rp2_common/pico_divider/divider.S.obj
                0x0000000010004410                __wrap___aeabi_uidiv
                0x0000000010004410                __wrap___aeabi_uidivmod
                0x0000000010004410                div_u32u32
                0x0000000010004410                divmod_u32u32
                0x0000000010004418                divmod_u32u32_unsafe
                0x0000000010004440                divmod_u32u32_savestate
 .text.__wrap___aeabi_ldiv
                0x000000001000445c      0x434 CMakeFiles/beepmachine-firmware-v0.22.dir/Users/nickallott/pico/pico-sdk/src/rp2_common/pico_divider/divider.S.obj
                0x000000001000445c                __wrap___aeabi_ldivmod
                0x000000001000445c                div_s64s64
                0x000000001000445c                divmod_s64s64
                0x0000000010004494                divmod_u64u64
                0x0000000010004494                div_u64u64
                0x0000000010004494                __wrap___aeabi_uldivmod
                0x00000000100044a4                divmod_u64u64_savestate
                0x00000000100044cc                divmod_s64s64_unsafe
                0x0000000010004554                divmod_u64u64_unsafe
 .text.__wrap___aeabi_darithmetic
                0x0000000010004890       0x80 CMakeFiles/beepmachine-firmware-v0.22.dir/Users/nickallott/pico/pico-sdk/src/rp2_common/pico_double/double_aeabi.S.obj
                0x0000000010004890                __wrap___aeabi_drsub
                0x0000000010004896                __wrap___aeabi_dsub
                0x00000000100048a8                __wrap___aeabi_dadd
                0x00000000100048ba                __wrap___aeabi_ddiv
                0x00000000100048f6                __wrap___aeabi_dmul
 .text.__wrap___aeabi_cdcmple
                0x0000000010004910       0x6c CMakeFiles/beepmachine-firmware-v0.22.dir/Users/nickallott/pico/pico-sdk/src/rp2_common/pico_double/double_aeabi.S.obj
                0x0000000010004910                __wrap___aeabi_cdrcmple
                0x0000000010004920                __wrap___aeabi_cdcmple
                0x0000000010004920                __wrap___aeabi_cdcmpeq
 .text.__wrap___aeabi_dcmplt
                0x000000001000497c        0xc CMakeFiles/beepmachine-firmware-v0.22.dir/Users/nickallott/pico/pico-sdk/src/rp2_common/pico_double/double_aeabi.S.obj
                0x000000001000497c                __wrap___aeabi_dcmplt
 .text.__wrap___aeabi_dcmple
                0x0000000010004988       0x10 CMakeFiles/beepmachine-firmware-v0.22.dir/Users/nickallott/pico/pico-sdk/src/rp2_common/pico_double/double_aeabi.S.obj
                0x0000000010004988                __wrap___aeabi_dcmple
 .text.__wrap___aeabi_dcmpge
                0x0000000010004998       0x10 CMakeFiles/beepmachine-firmware-v0.22.dir/Users/nickallott/pico/pico-sdk/src/rp2_common/pico_double/double_aeabi.S.obj
                0x0000000010004998                __wrap___aeabi_dcmpge
 .text.__wrap___aeabi_dcmpgt
                0x00000000100049a8        0xa CMakeFiles/beepmachine-firmware-v0.22.dir/Users/nickallott/pico/pico-sdk/src/rp2_common/pico_double/double_aeabi.S.obj
                0x00000000100049a8                __wrap___aeabi_dcmpgt
 .text.__wrap___aeabi_dcmpun
                0x00000000100049b2       0x1c CMakeFiles/beepmachine-firmware-v0.22.dir/Users/nickallott/pico/pico-sdk/src/rp2_common/pico_double/double_aeabi.S.obj
                0x00000000100049b2                __wrap___aeabi_dcmpun
 *fill*         0x00000000100049ce        0x2 
 .text.__wrap___aeabi_i2d
                0x00000000100049d0       0x38 CMakeFiles/beepmachine-firmware-v0.22.dir/Users/nickallott/pico/pico-sdk/src/rp2_common/pico_double/double_aeabi.S.obj
                0x00000000100049d0                __wrap___aeabi_ui2d
                0x00000000100049d8                __wrap___aeabi_i2d
 .text.__wrap___aeabi_d2iz
                0x0000000010004a08       0x48 CMakeFiles/beepmachine-firmware-v0.22.dir/Users/nickallott/pico/pico-sdk/src/rp2_common/pico_double/double_aeabi.S.obj
                0x0000000010004a08                __wrap___aeabi_d2iz
                0x0000000010004a08                double2int_z
 .text.__wrap___aeabi_d2uiz
                0x0000000010004a50       0x18 CMakeFiles/beepmachine-firmware-v0.22.dir/Users/nickallott/pico/pico-sdk/src/rp2_common/pico_double/double_aeabi.S.obj
                0x0000000010004a50                double2uint
                0x0000000010004a50                __wrap___aeabi_d2uiz
 .text.__aeabi_double_init
                0x0000000010004a68       0xc8 CMakeFiles/beepmachine-firmware-v0.22.dir/Users/nickallott/pico/pico-sdk/src/rp2_common/pico_double/double_init_rom.c.obj
                0x0000000010004a68                __aeabi_double_init
 .text.double_table_shim_on_use_helper
                0x0000000010004b30       0x34 CMakeFiles/beepmachine-firmware-v0.22.dir/Users/nickallott/pico/pico-sdk/src/rp2_common/pico_double/double_v1_rom_shim.S.obj
                0x0000000010004b30                double_table_shim_on_use_helper
 .text.__wrap___aeabi_dsub
                0x0000000010004b64       0x10 CMakeFiles/beepmachine-firmware-v0.22.dir/Users/nickallott/pico/pico-sdk/src/rp2_common/pico_double/double_v1_rom_shim.S.obj
                0x0000000010004b64                drsub_shim
                0x0000000010004b6a                dsub_shim
 .text.dadd_shim
                0x0000000010004b74      0x15c CMakeFiles/beepmachine-firmware-v0.22.dir/Users/nickallott/pico/pico-sdk/src/rp2_common/pico_double/double_v1_rom_shim.S.obj
                0x0000000010004b74                dadd_shim
 .text.dmul_shim
                0x0000000010004cd0      0x15c CMakeFiles/beepmachine-firmware-v0.22.dir/Users/nickallott/pico/pico-sdk/src/rp2_common/pico_double/double_v1_rom_shim.S.obj
                0x0000000010004cd0                dmul_shim
 .text.ddiv_shim
                0x0000000010004e2c      0x1b0 CMakeFiles/beepmachine-firmware-v0.22.dir/Users/nickallott/pico/pico-sdk/src/rp2_common/pico_double/double_v1_rom_shim.S.obj
                0x0000000010004e2c                ddiv_shim
 .text.double2uint_shim
                0x0000000010004fdc        0xe CMakeFiles/beepmachine-firmware-v0.22.dir/Users/nickallott/pico/pico-sdk/src/rp2_common/pico_double/double_v1_rom_shim.S.obj
                0x0000000010004fdc                double2uint_shim
                0x0000000010004fde                double2ufix_shim
 *fill*         0x0000000010004fea        0x2 
 .text.double2uint64_shim
                0x0000000010004fec       0x70 CMakeFiles/beepmachine-firmware-v0.22.dir/Users/nickallott/pico/pico-sdk/src/rp2_common/pico_double/double_v1_rom_shim.S.obj
                0x0000000010004fec                double2uint64_shim
                0x0000000010004fee                double2ufix64_shim
                0x000000001000500e                d2fix_a
 .text.dunpacks
                0x000000001000505c       0x3c CMakeFiles/beepmachine-firmware-v0.22.dir/Users/nickallott/pico/pico-sdk/src/rp2_common/pico_double/double_v1_rom_shim.S.obj
                0x000000001000505c                dunpacks
 .text.__aeabi_lmul
                0x0000000010005098       0x32 CMakeFiles/beepmachine-firmware-v0.22.dir/Users/nickallott/pico/pico-sdk/src/rp2_common/pico_int64_ops/pico_int64_ops_aeabi.S.obj
                0x0000000010005098                __wrap___aeabi_lmul
 .text.__wrap___aeabi_ui2f
                0x00000000100050ca        0xa CMakeFiles/beepmachine-firmware-v0.22.dir/Users/nickallott/pico/pico-sdk/src/rp2_common/pico_float/float_aeabi.S.obj
                0x00000000100050ca                __wrap___aeabi_ui2f
 .text.__wrap___aeabi_i2f
                0x00000000100050d4       0x44 CMakeFiles/beepmachine-firmware-v0.22.dir/Users/nickallott/pico/pico-sdk/src/rp2_common/pico_float/float_aeabi.S.obj
                0x00000000100050d4                __wrap___aeabi_i2f
 .text.__wrap___aeabi_f2uiz
                0x0000000010005118       0x10 CMakeFiles/beepmachine-firmware-v0.22.dir/Users/nickallott/pico/pico-sdk/src/rp2_common/pico_float/float_aeabi.S.obj
                0x0000000010005118                __wrap___aeabi_f2uiz
 .text.__aeabi_float_init
                0x0000000010005128       0xfc CMakeFiles/beepmachine-firmware-v0.22.dir/Users/nickallott/pico/pico-sdk/src/rp2_common/pico_float/float_init_rom.c.obj
                0x0000000010005128                __aeabi_float_init
 .text.float_table_shim_on_use_helper
                0x0000000010005224       0x34 CMakeFiles/beepmachine-firmware-v0.22.dir/Users/nickallott/pico/pico-sdk/src/rp2_common/pico_float/float_v1_rom_shim.S.obj
                0x0000000010005224                float_table_shim_on_use_helper
 .text          0x0000000010005258       0x10 CMakeFiles/beepmachine-firmware-v0.22.dir/Users/nickallott/pico/pico-sdk/src/rp2_common/pico_mem_ops/mem_ops_aeabi.S.obj
                0x0000000010005258                __aeabi_mem_init
 .text.memset   0x0000000010005268        0xc CMakeFiles/beepmachine-firmware-v0.22.dir/Users/nickallott/pico/pico-sdk/src/rp2_common/pico_mem_ops/mem_ops_aeabi.S.obj
                0x0000000010005268                __wrap_memset
 .text.memcpy   0x0000000010005274        0xc CMakeFiles/beepmachine-firmware-v0.22.dir/Users/nickallott/pico/pico-sdk/src/rp2_common/pico_mem_ops/mem_ops_aeabi.S.obj
                0x0000000010005274                __wrap___aeabi_memcpy
                0x0000000010005274                __wrap_memcpy
 .text.stdio_out_chars_no_crlf
                0x0000000010005280        0xe CMakeFiles/beepmachine-firmware-v0.22.dir/Users/nickallott/pico/pico-sdk/src/rp2_common/pico_stdio/stdio.c.obj
 *fill*         0x000000001000528e        0x2 
 .text.stdio_out_chars_crlf
                0x0000000010005290       0x80 CMakeFiles/beepmachine-firmware-v0.22.dir/Users/nickallott/pico/pico-sdk/src/rp2_common/pico_stdio/stdio.c.obj
 .text.stdio_stack_buffer_flush
                0x0000000010005310       0x44 CMakeFiles/beepmachine-firmware-v0.22.dir/Users/nickallott/pico/pico-sdk/src/rp2_common/pico_stdio/stdio.c.obj
 .text.stdio_buffered_printer
                0x0000000010005354       0x20 CMakeFiles/beepmachine-firmware-v0.22.dir/Users/nickallott/pico/pico-sdk/src/rp2_common/pico_stdio/stdio.c.obj
 .text.stdout_serialize_begin
                0x0000000010005374       0x30 CMakeFiles/beepmachine-firmware-v0.22.dir/Users/nickallott/pico/pico-sdk/src/rp2_common/pico_stdio/stdio.c.obj
                0x0000000010005374                stdout_serialize_begin
 .text.stdout_serialize_end
                0x00000000100053a4       0x10 CMakeFiles/beepmachine-firmware-v0.22.dir/Users/nickallott/pico/pico-sdk/src/rp2_common/pico_stdio/stdio.c.obj
                0x00000000100053a4                stdout_serialize_end
 .text.stdio_put_string
                0x00000000100053b4       0x98 CMakeFiles/beepmachine-firmware-v0.22.dir/Users/nickallott/pico/pico-sdk/src/rp2_common/pico_stdio/stdio.c.obj
 .text.stdio_set_driver_enabled
                0x000000001000544c       0x2c CMakeFiles/beepmachine-firmware-v0.22.dir/Users/nickallott/pico/pico-sdk/src/rp2_common/pico_stdio/stdio.c.obj
                0x000000001000544c                stdio_set_driver_enabled
 .text.stdio_flush
                0x0000000010005478       0x20 CMakeFiles/beepmachine-firmware-v0.22.dir/Users/nickallott/pico/pico-sdk/src/rp2_common/pico_stdio/stdio.c.obj
                0x0000000010005478                stdio_flush
 .text.__wrap_puts
                0x0000000010005498       0x1e CMakeFiles/beepmachine-firmware-v0.22.dir/Users/nickallott/pico/pico-sdk/src/rp2_common/pico_stdio/stdio.c.obj
                0x0000000010005498                __wrap_puts
 *fill*         0x00000000100054b6        0x2 
 .text.__wrap_vprintf
                0x00000000100054b8       0x44 CMakeFiles/beepmachine-firmware-v0.22.dir/Users/nickallott/pico/pico-sdk/src/rp2_common/pico_stdio/stdio.c.obj
                0x00000000100054b8                __wrap_vprintf
 .text.__wrap_printf
                0x00000000100054fc       0x18 CMakeFiles/beepmachine-firmware-v0.22.dir/Users/nickallott/pico/pico-sdk/src/rp2_common/pico_stdio/stdio.c.obj
                0x00000000100054fc                __wrap_printf
 .text.stdio_init_all
                0x0000000010005514        0x8 CMakeFiles/beepmachine-firmware-v0.22.dir/Users/nickallott/pico/pico-sdk/src/rp2_common/pico_stdio/stdio.c.obj
                0x0000000010005514                stdio_init_all
 .text.stdio_uart_out_chars
                0x000000001000551c       0x74 CMakeFiles/beepmachine-firmware-v0.22.dir/Users/nickallott/pico/pico-sdk/src/rp2_common/pico_stdio_uart/stdio_uart.c.obj
 .text.stdio_uart_in_chars
                0x0000000010005590       0x58 CMakeFiles/beepmachine-firmware-v0.22.dir/Users/nickallott/pico/pico-sdk/src/rp2_common/pico_stdio_uart/stdio_uart.c.obj
                0x0000000010005590                stdio_uart_in_chars
 .text.stdio_uart_init_full
                0x00000000100055e8       0x3c CMakeFiles/beepmachine-firmware-v0.22.dir/Users/nickallott/pico/pico-sdk/src/rp2_common/pico_stdio_uart/stdio_uart.c.obj
                0x00000000100055e8                stdio_uart_init_full
 .text.stdio_uart_init
                0x0000000010005624       0x28 CMakeFiles/beepmachine-firmware-v0.22.dir/Users/nickallott/pico/pico-sdk/src/rp2_common/pico_stdio_uart/stdio_uart.c.obj
                0x0000000010005624                stdio_uart_init
 .text.spi_set_baudrate
                0x000000001000564c       0x92 CMakeFiles/beepmachine-firmware-v0.22.dir/Users/nickallott/pico/pico-sdk/src/rp2_common/hardware_spi/spi.c.obj
                0x000000001000564c                spi_set_baudrate
 *fill*         0x00000000100056de        0x2 
 .text.spi_init
                0x00000000100056e0       0x68 CMakeFiles/beepmachine-firmware-v0.22.dir/Users/nickallott/pico/pico-sdk/src/rp2_common/hardware_spi/spi.c.obj
                0x00000000100056e0                spi_init
 .text.dma_claim_unused_channel
                0x0000000010005748       0x20 CMakeFiles/beepmachine-firmware-v0.22.dir/Users/nickallott/pico/pico-sdk/src/rp2_common/hardware_dma/dma.c.obj
                0x0000000010005748                dma_claim_unused_channel
 .text.dma_timer_claim
                0x0000000010005768       0x18 CMakeFiles/beepmachine-firmware-v0.22.dir/Users/nickallott/pico/pico-sdk/src/rp2_common/hardware_dma/dma.c.obj
                0x0000000010005768                dma_timer_claim
 .text.adc_init
                0x0000000010005780       0x34 CMakeFiles/beepmachine-firmware-v0.22.dir/Users/nickallott/pico/pico-sdk/src/rp2_common/hardware_adc/adc.c.obj
                0x0000000010005780                adc_init
 .text.strlen   0x00000000100057b4       0x5c /opt/homebrew/Cellar/arm-none-eabi-gcc/10.3-2021.07/gcc/bin/../lib/gcc/arm-none-eabi/10.3.1/../../../../arm-none-eabi/lib/thumb/v6-m/nofp/libg.a(lib_a-strlen-stub.o)
                0x00000000100057b4                strlen
 *(.fini)
 .fini          0x0000000010005810        0x4 /opt/homebrew/Cellar/arm-none-eabi-gcc/10.3-2021.07/gcc/bin/../lib/gcc/arm-none-eabi/10.3.1/thumb/v6-m/nofp/crti.o
                0x0000000010005810                _fini
 *fill*         0x0000000010005814        0x4 
 .fini.__stub   0x0000000010005818       0x50 linker stubs
 *crtbegin.o(.ctors)
 *crtbegin?.o(.ctors)
 *(EXCLUDE_FILE(*crtend.o *crtend?.o) .ctors)
 *(SORT_BY_NAME(.ctors.*))
 *(.ctors)
 *crtbegin.o(.dtors)
 *crtbegin?.o(.dtors)
 *(EXCLUDE_FILE(*crtend.o *crtend?.o) .dtors)
 *(SORT_BY_NAME(.dtors.*))
 *(.dtors)
 *(.eh_frame*)
 .eh_frame      0x0000000010005868        0x0 /opt/homebrew/Cellar/arm-none-eabi-gcc/10.3-2021.07/gcc/bin/../lib/gcc/arm-none-eabi/10.3.1/thumb/v6-m/nofp/crtbegin.o
                0x0000000010005868                . = ALIGN (0x4)

.glue_7         0x0000000010005868        0x0
 .glue_7        0x0000000010005868        0x0 linker stubs

.glue_7t        0x0000000010005868        0x0
 .glue_7t       0x0000000010005868        0x0 linker stubs

.vfp11_veneer   0x0000000010005868        0x0
 .vfp11_veneer  0x0000000010005868        0x0 linker stubs

.v4_bx          0x0000000010005868        0x0
 .v4_bx         0x0000000010005868        0x0 linker stubs

.iplt           0x0000000010005868        0x0
 .iplt          0x0000000010005868        0x0 /opt/homebrew/Cellar/arm-none-eabi-gcc/10.3-2021.07/gcc/bin/../lib/gcc/arm-none-eabi/10.3.1/thumb/v6-m/nofp/crtbegin.o

.rodata         0x0000000010005868     0x9808
 *(EXCLUDE_FILE(*libm.a: *libc.a:*lib_a-mem*.o *libgcc.a:) .rodata*)
 .rodata._Z11set_note_oniii.str1.4
                0x0000000010005868       0x9e CMakeFiles/beepmachine-firmware-v0.22.dir/main.cc.obj
 *fill*         0x0000000010005906        0x2 
 .rodata._ZL9wavetable
                0x0000000010005908     0x3ffa CMakeFiles/beepmachine-firmware-v0.22.dir/synth.cc.obj
 *fill*         0x0000000010009902        0x2 
 .rodata._Z11dma_channeliiPVt.str1.4
                0x0000000010009904       0xaf CMakeFiles/beepmachine-firmware-v0.22.dir/drivers/dac.cc.obj
 *fill*         0x00000000100099b3        0x1 
 .rodata._Z10rgb_preseti
                0x00000000100099b4       0x20 CMakeFiles/beepmachine-firmware-v0.22.dir/hardware.cc.obj
 .rodata._Z11keys_updatev.str1.4
                0x00000000100099d4       0x9e CMakeFiles/beepmachine-firmware-v0.22.dir/hardware.cc.obj
 .rodata._Z13hardware_initv.str1.4
                0x00000000100099d4       0x19 CMakeFiles/beepmachine-firmware-v0.22.dir/hardware.cc.obj
 *fill*         0x00000000100099ed        0x3 
 .rodata        0x00000000100099f0       0x20 CMakeFiles/beepmachine-firmware-v0.22.dir/hardware.cc.obj
 .rodata._ZL9log_table
                0x0000000010009a10      0x800 CMakeFiles/beepmachine-firmware-v0.22.dir/hardware.cc.obj
 .rodata._ZL9wavetable
                0x000000001000a210     0x3ffa CMakeFiles/beepmachine-firmware-v0.22.dir/synth/modulation.cc.obj
 *fill*         0x000000001000e20a        0x2 
 .rodata.make_branch.str1.4
                0x000000001000e20c       0x72 CMakeFiles/beepmachine-firmware-v0.22.dir/Users/nickallott/pico/pico-sdk/src/rp2_common/hardware_irq/irq.c.obj
 *fill*         0x000000001000e27e        0x2 
 .rodata.insert_branch_and_link.str1.4
                0x000000001000e280       0x10 CMakeFiles/beepmachine-firmware-v0.22.dir/Users/nickallott/pico/pico-sdk/src/rp2_common/hardware_irq/irq.c.obj
 .rodata.irq_set_exclusive_handler.str1.4
                0x000000001000e290       0x36 CMakeFiles/beepmachine-firmware-v0.22.dir/Users/nickallott/pico/pico-sdk/src/rp2_common/hardware_irq/irq.c.obj
 *fill*         0x000000001000e2c6        0x2 
 .rodata.irq_add_shared_handler.str1.4
                0x000000001000e2c8       0xd9 CMakeFiles/beepmachine-firmware-v0.22.dir/Users/nickallott/pico/pico-sdk/src/rp2_common/hardware_irq/irq.c.obj
 *fill*         0x000000001000e3a1        0x3 
 .rodata.irq_remove_handler.str1.4
                0x000000001000e3a4       0x2a CMakeFiles/beepmachine-firmware-v0.22.dir/Users/nickallott/pico/pico-sdk/src/rp2_common/hardware_irq/irq.c.obj
 *fill*         0x000000001000e3ce        0x2 
 .rodata.irq_add_tail_to_free_list.str1.4
                0x000000001000e3d0       0x3a CMakeFiles/beepmachine-firmware-v0.22.dir/Users/nickallott/pico/pico-sdk/src/rp2_common/hardware_irq/irq.c.obj
 *fill*         0x000000001000e40a        0x2 
 .rodata.__func__.0
                0x000000001000e40c       0x1a CMakeFiles/beepmachine-firmware-v0.22.dir/Users/nickallott/pico/pico-sdk/src/rp2_common/hardware_irq/irq.c.obj
 *fill*         0x000000001000e426        0x2 
 .rodata.__func__.1
                0x000000001000e428       0x17 CMakeFiles/beepmachine-firmware-v0.22.dir/Users/nickallott/pico/pico-sdk/src/rp2_common/hardware_irq/irq.c.obj
 *fill*         0x000000001000e43f        0x1 
 .rodata.__func__.2
                0x000000001000e440       0x13 CMakeFiles/beepmachine-firmware-v0.22.dir/Users/nickallott/pico/pico-sdk/src/rp2_common/hardware_irq/irq.c.obj
 *fill*         0x000000001000e453        0x1 
 .rodata.__func__.3
                0x000000001000e454        0xc CMakeFiles/beepmachine-firmware-v0.22.dir/Users/nickallott/pico/pico-sdk/src/rp2_common/hardware_irq/irq.c.obj
 .rodata.__func__.4
                0x000000001000e460        0xf CMakeFiles/beepmachine-firmware-v0.22.dir/Users/nickallott/pico/pico-sdk/src/rp2_common/hardware_irq/irq.c.obj
 *fill*         0x000000001000e46f        0x1 
 .rodata.__func__.6
                0x000000001000e470       0x1a CMakeFiles/beepmachine-firmware-v0.22.dir/Users/nickallott/pico/pico-sdk/src/rp2_common/hardware_irq/irq.c.obj
 *fill*         0x000000001000e48a        0x2 
 .rodata.repeating_timer_callback.str1.4
                0x000000001000e48c       0x50 CMakeFiles/beepmachine-firmware-v0.22.dir/Users/nickallott/pico/pico-sdk/src/common/pico_time/time.c.obj
 .rodata.alarm_pool_dump_key.str1.4
                0x000000001000e4dc       0x33 CMakeFiles/beepmachine-firmware-v0.22.dir/Users/nickallott/pico/pico-sdk/src/common/pico_time/time.c.obj
 *fill*         0x000000001000e50f        0x1 
 .rodata.ph_add_child_node.str1.4
                0x000000001000e510       0x9a CMakeFiles/beepmachine-firmware-v0.22.dir/Users/nickallott/pico/pico-sdk/src/common/pico_time/time.c.obj
 *fill*         0x000000001000e5aa        0x2 
 .rodata.add_alarm_under_lock.str1.4
                0x000000001000e5ac       0x28 CMakeFiles/beepmachine-firmware-v0.22.dir/Users/nickallott/pico/pico-sdk/src/common/pico_time/time.c.obj
                                         0x2b (size before relaxing)
 .rodata.alarm_pool_alarm_callback.str1.4
                0x000000001000e5d4       0x82 CMakeFiles/beepmachine-firmware-v0.22.dir/Users/nickallott/pico/pico-sdk/src/common/pico_time/time.c.obj
                                         0xea (size before relaxing)
 *fill*         0x000000001000e656        0x2 
 .rodata.__func__.10
                0x000000001000e658       0x15 CMakeFiles/beepmachine-firmware-v0.22.dir/Users/nickallott/pico/pico-sdk/src/common/pico_time/time.c.obj
 *fill*         0x000000001000e66d        0x3 
 .rodata.__func__.11
                0x000000001000e670       0x1a CMakeFiles/beepmachine-firmware-v0.22.dir/Users/nickallott/pico/pico-sdk/src/common/pico_time/time.c.obj
 *fill*         0x000000001000e68a        0x2 
 .rodata.__func__.12
                0x000000001000e68c        0xa CMakeFiles/beepmachine-firmware-v0.22.dir/Users/nickallott/pico/pico-sdk/src/common/pico_time/time.c.obj
 *fill*         0x000000001000e696        0x2 
 .rodata.__func__.4
                0x000000001000e698       0x12 CMakeFiles/beepmachine-firmware-v0.22.dir/Users/nickallott/pico/pico-sdk/src/common/pico_time/time.c.obj
 *fill*         0x000000001000e6aa        0x2 
 .rodata.__func__.5
                0x000000001000e6ac        0xd CMakeFiles/beepmachine-firmware-v0.22.dir/Users/nickallott/pico/pico-sdk/src/common/pico_time/time.c.obj
 *fill*         0x000000001000e6b9        0x3 
 .rodata.__func__.6
                0x000000001000e6bc       0x12 CMakeFiles/beepmachine-firmware-v0.22.dir/Users/nickallott/pico/pico-sdk/src/common/pico_time/time.c.obj
 *fill*         0x000000001000e6ce        0x2 
 .rodata.__func__.7
                0x000000001000e6d0        0xf CMakeFiles/beepmachine-firmware-v0.22.dir/Users/nickallott/pico/pico-sdk/src/common/pico_time/time.c.obj
 *fill*         0x000000001000e6df        0x1 
 .rodata.__func__.8
                0x000000001000e6e0        0xc CMakeFiles/beepmachine-firmware-v0.22.dir/Users/nickallott/pico/pico-sdk/src/common/pico_time/time.c.obj
 .rodata.__func__.9
                0x000000001000e6ec       0x15 CMakeFiles/beepmachine-firmware-v0.22.dir/Users/nickallott/pico/pico-sdk/src/common/pico_time/time.c.obj
 *fill*         0x000000001000e701        0x3 
 .rodata.hardware_alarm_claim.str1.4
                0x000000001000e704       0x22 CMakeFiles/beepmachine-firmware-v0.22.dir/Users/nickallott/pico/pico-sdk/src/rp2_common/hardware_timer/timer.c.obj
 *fill*         0x000000001000e726        0x2 
 .rodata.hardware_alarm_set_target.str1.4
                0x000000001000e728       0x6a CMakeFiles/beepmachine-firmware-v0.22.dir/Users/nickallott/pico/pico-sdk/src/rp2_common/hardware_timer/timer.c.obj
 *fill*         0x000000001000e792        0x2 
 .rodata.__func__.0
                0x000000001000e794       0x1a CMakeFiles/beepmachine-firmware-v0.22.dir/Users/nickallott/pico/pico-sdk/src/rp2_common/hardware_timer/timer.c.obj
 .rodata.ph_add_child_node.str1.4
                0x000000001000e7ae       0x9a CMakeFiles/beepmachine-firmware-v0.22.dir/Users/nickallott/pico/pico-sdk/src/common/pico_util/pheap.c.obj
 *fill*         0x000000001000e7ae        0x2 
 .rodata.ph_remove_any_head.str1.4
                0x000000001000e7b0       0x94 CMakeFiles/beepmachine-firmware-v0.22.dir/Users/nickallott/pico/pico-sdk/src/common/pico_util/pheap.c.obj
 .rodata.ph_remove_and_free_node.str1.4
                0x000000001000e844       0x1e CMakeFiles/beepmachine-firmware-v0.22.dir/Users/nickallott/pico/pico-sdk/src/common/pico_util/pheap.c.obj
                                         0x26 (size before relaxing)
 *fill*         0x000000001000e862        0x2 
 .rodata.__func__.0
                0x000000001000e864       0x18 CMakeFiles/beepmachine-firmware-v0.22.dir/Users/nickallott/pico/pico-sdk/src/common/pico_util/pheap.c.obj
 .rodata.__func__.1
                0x000000001000e87c       0x13 CMakeFiles/beepmachine-firmware-v0.22.dir/Users/nickallott/pico/pico-sdk/src/common/pico_util/pheap.c.obj
 *fill*         0x000000001000e88f        0x1 
 .rodata.__func__.2
                0x000000001000e890       0x12 CMakeFiles/beepmachine-firmware-v0.22.dir/Users/nickallott/pico/pico-sdk/src/common/pico_util/pheap.c.obj
 *fill*         0x000000001000e8a2        0x2 
 .rodata.__func__.3
                0x000000001000e8a4        0xc CMakeFiles/beepmachine-firmware-v0.22.dir/Users/nickallott/pico/pico-sdk/src/common/pico_util/pheap.c.obj
 .rodata.str1.4
                0x000000001000e8b0       0x91 CMakeFiles/beepmachine-firmware-v0.22.dir/Users/nickallott/pico/pico-sdk/src/common/pico_sync/mutex.c.obj
                                         0xf9 (size before relaxing)
 *fill*         0x000000001000e941        0x3 
 .rodata.__func__.1
                0x000000001000e944        0xb CMakeFiles/beepmachine-firmware-v0.22.dir/Users/nickallott/pico/pico-sdk/src/common/pico_sync/mutex.c.obj
 *fill*         0x000000001000e94f        0x1 
 .rodata.__assert_func.str1.4
                0x000000001000e950       0x3f CMakeFiles/beepmachine-firmware-v0.22.dir/Users/nickallott/pico/pico-sdk/src/rp2_common/pico_runtime/runtime.c.obj
                                         0x43 (size before relaxing)
 *fill*         0x000000001000e98f        0x1 
 .rodata.runtime_init.str1.4
                0x000000001000e990       0x66 CMakeFiles/beepmachine-firmware-v0.22.dir/Users/nickallott/pico/pico-sdk/src/rp2_common/pico_runtime/runtime.c.obj
 *fill*         0x000000001000e9f6        0x2 
 .rodata.panic.str1.4
                0x000000001000e9f8       0x12 CMakeFiles/beepmachine-firmware-v0.22.dir/Users/nickallott/pico/pico-sdk/src/rp2_common/pico_runtime/runtime.c.obj
 *fill*         0x000000001000ea0a        0x2 
 .rodata.__func__.1
                0x000000001000ea0c        0xd CMakeFiles/beepmachine-firmware-v0.22.dir/Users/nickallott/pico/pico-sdk/src/rp2_common/pico_runtime/runtime.c.obj
 *fill*         0x000000001000ea19        0x3 
 .rodata.clock_configure.str1.4
                0x000000001000ea1c       0x5c CMakeFiles/beepmachine-firmware-v0.22.dir/Users/nickallott/pico/pico-sdk/src/rp2_common/hardware_clocks/clocks.c.obj
 .rodata.__func__.1
                0x000000001000ea78       0x10 CMakeFiles/beepmachine-firmware-v0.22.dir/Users/nickallott/pico/pico-sdk/src/rp2_common/hardware_clocks/clocks.c.obj
 .rodata.pll_init.str1.4
                0x000000001000ea88      0x13f CMakeFiles/beepmachine-firmware-v0.22.dir/Users/nickallott/pico/pico-sdk/src/rp2_common/hardware_pll/pll.c.obj
 *fill*         0x000000001000ebc7        0x1 
 .rodata.__func__.0
                0x000000001000ebc8        0x9 CMakeFiles/beepmachine-firmware-v0.22.dir/Users/nickallott/pico/pico-sdk/src/rp2_common/hardware_pll/pll.c.obj
 *fill*         0x000000001000ebd1        0x3 
 .rodata._ftoa.str1.4
                0x000000001000ebd4       0x15 CMakeFiles/beepmachine-firmware-v0.22.dir/Users/nickallott/pico/pico-sdk/src/rp2_common/pico_printf/printf.c.obj
 *fill*         0x000000001000ebe9        0x3 
 .rodata._vsnprintf
                0x000000001000ebec      0x1e0 CMakeFiles/beepmachine-firmware-v0.22.dir/Users/nickallott/pico/pico-sdk/src/rp2_common/pico_printf/printf.c.obj
 *fill*         0x000000001000edcc        0x4 
 .rodata.pow10.0
                0x000000001000edd0       0x50 CMakeFiles/beepmachine-firmware-v0.22.dir/Users/nickallott/pico/pico-sdk/src/rp2_common/pico_printf/printf.c.obj
 .rodata.__aeabi_double_init.str1.4
                0x000000001000ee20       0xad CMakeFiles/beepmachine-firmware-v0.22.dir/Users/nickallott/pico/pico-sdk/src/rp2_common/pico_double/double_init_rom.c.obj
 *fill*         0x000000001000eecd        0x3 
 .rodata.__func__.0
                0x000000001000eed0       0x14 CMakeFiles/beepmachine-firmware-v0.22.dir/Users/nickallott/pico/pico-sdk/src/rp2_common/pico_double/double_init_rom.c.obj
 .rodata.__aeabi_float_init.str1.4
                0x000000001000eee4       0x7f CMakeFiles/beepmachine-firmware-v0.22.dir/Users/nickallott/pico/pico-sdk/src/rp2_common/pico_float/float_init_rom.c.obj
                                         0x83 (size before relaxing)
 *fill*         0x000000001000ef63        0x1 
 .rodata.__func__.0
                0x000000001000ef64       0x13 CMakeFiles/beepmachine-firmware-v0.22.dir/Users/nickallott/pico/pico-sdk/src/rp2_common/pico_float/float_init_rom.c.obj
 *fill*         0x000000001000ef77        0x1 
 .rodata.str1.4
                0x000000001000ef78       0x50 CMakeFiles/beepmachine-firmware-v0.22.dir/Users/nickallott/pico/pico-sdk/src/rp2_common/pico_standard_link/binary_info.c.obj
 .rodata.__bi_44
                0x000000001000efc8        0xc CMakeFiles/beepmachine-firmware-v0.22.dir/Users/nickallott/pico/pico-sdk/src/rp2_common/pico_standard_link/binary_info.c.obj
 .rodata.__bi_75
                0x000000001000efd4        0xc CMakeFiles/beepmachine-firmware-v0.22.dir/Users/nickallott/pico/pico-sdk/src/rp2_common/pico_standard_link/binary_info.c.obj
 .rodata.__bi_81
                0x000000001000efe0        0xc CMakeFiles/beepmachine-firmware-v0.22.dir/Users/nickallott/pico/pico-sdk/src/rp2_common/pico_standard_link/binary_info.c.obj
 .rodata.crlf_str.3
                0x000000001000efec        0x2 CMakeFiles/beepmachine-firmware-v0.22.dir/Users/nickallott/pico/pico-sdk/src/rp2_common/pico_stdio/stdio.c.obj
 *fill*         0x000000001000efee        0x2 
 .rodata.str1.4
                0x000000001000eff0       0x2c CMakeFiles/beepmachine-firmware-v0.22.dir/Users/nickallott/pico/pico-sdk/src/rp2_common/pico_stdio_uart/stdio_uart.c.obj
 .rodata.__bi_28.4
                0x000000001000f01c        0xc CMakeFiles/beepmachine-firmware-v0.22.dir/Users/nickallott/pico/pico-sdk/src/rp2_common/pico_stdio_uart/stdio_uart.c.obj
 .rodata.__bi_29.5
                0x000000001000f028        0x8 CMakeFiles/beepmachine-firmware-v0.22.dir/Users/nickallott/pico/pico-sdk/src/rp2_common/pico_stdio_uart/stdio_uart.c.obj
 .rodata.dma_claim_unused_channel.str1.4
                0x000000001000f030       0x1e CMakeFiles/beepmachine-firmware-v0.22.dir/Users/nickallott/pico/pico-sdk/src/rp2_common/hardware_dma/dma.c.obj
 *fill*         0x000000001000f04e        0x2 
 .rodata.dma_timer_claim.str1.4
                0x000000001000f050       0x20 CMakeFiles/beepmachine-firmware-v0.22.dir/Users/nickallott/pico/pico-sdk/src/rp2_common/hardware_dma/dma.c.obj
                0x000000001000f070                . = ALIGN (0x4)
 *(SORT_BY_ALIGNMENT(SORT_BY_NAME(.flashdata*)))
                0x000000001000f070                . = ALIGN (0x4)

.rel.dyn        0x000000001000f070        0x0
 .rel.iplt      0x000000001000f070        0x0 /opt/homebrew/Cellar/arm-none-eabi-gcc/10.3-2021.07/gcc/bin/../lib/gcc/arm-none-eabi/10.3.1/thumb/v6-m/nofp/crtbegin.o

.ARM.extab
 *(.ARM.extab* .gnu.linkonce.armextab.*)
                0x000000001000f070                __exidx_start = .

.ARM.exidx
 *(.ARM.exidx* .gnu.linkonce.armexidx.*)
                0x000000001000f070                __exidx_end = .
                0x000000001000f070                . = ALIGN (0x4)
                0x000000001000f070                __binary_info_start = .

.binary_info    0x000000001000f070       0x24
 *(.binary_info.keep.*)
 .binary_info.keep.__bi_ptr22
                0x000000001000f070        0x4 CMakeFiles/beepmachine-firmware-v0.22.dir/Users/nickallott/pico/pico-sdk/src/rp2_common/pico_standard_link/binary_info.c.obj
 .binary_info.keep.__bi_ptr30
                0x000000001000f074        0x4 CMakeFiles/beepmachine-firmware-v0.22.dir/Users/nickallott/pico/pico-sdk/src/rp2_common/pico_standard_link/binary_info.c.obj
 .binary_info.keep.__bi_ptr38
                0x000000001000f078        0x4 CMakeFiles/beepmachine-firmware-v0.22.dir/Users/nickallott/pico/pico-sdk/src/rp2_common/pico_standard_link/binary_info.c.obj
 .binary_info.keep.__bi_ptr44
                0x000000001000f07c        0x4 CMakeFiles/beepmachine-firmware-v0.22.dir/Users/nickallott/pico/pico-sdk/src/rp2_common/pico_standard_link/binary_info.c.obj
 .binary_info.keep.__bi_ptr50
                0x000000001000f080        0x4 CMakeFiles/beepmachine-firmware-v0.22.dir/Users/nickallott/pico/pico-sdk/src/rp2_common/pico_standard_link/binary_info.c.obj
 .binary_info.keep.__bi_ptr75
                0x000000001000f084        0x4 CMakeFiles/beepmachine-firmware-v0.22.dir/Users/nickallott/pico/pico-sdk/src/rp2_common/pico_standard_link/binary_info.c.obj
 .binary_info.keep.__bi_ptr81
                0x000000001000f088        0x4 CMakeFiles/beepmachine-firmware-v0.22.dir/Users/nickallott/pico/pico-sdk/src/rp2_common/pico_standard_link/binary_info.c.obj
 *(.binary_info.*)
 .binary_info.__bi_ptr28
                0x000000001000f08c        0x4 CMakeFiles/beepmachine-firmware-v0.22.dir/Users/nickallott/pico/pico-sdk/src/rp2_common/pico_stdio_uart/stdio_uart.c.obj
 .binary_info.__bi_ptr29
                0x000000001000f090        0x4 CMakeFiles/beepmachine-firmware-v0.22.dir/Users/nickallott/pico/pico-sdk/src/rp2_common/pico_stdio_uart/stdio_uart.c.obj
                0x000000001000f094                __binary_info_end = .
                0x000000001000f094                . = ALIGN (0x4)
                0x000000001000f094                __etext = .

.ram_vector_table
                0x0000000020000000       0xc0
 *(.ram_vector_table)
 .ram_vector_table
                0x0000000020000000       0xc0 CMakeFiles/beepmachine-firmware-v0.22.dir/Users/nickallott/pico/pico-sdk/src/rp2_common/pico_runtime/runtime.c.obj
                0x0000000020000000                ram_vector_table

.data           0x00000000200000c0      0x3c8 load address 0x000000001000f094
                0x00000000200000c0                __data_start__ = .
 *(vtable)
 *(.time_critical*)
 .time_critical.mutex_enter_blocking
                0x00000000200000c0       0x48 CMakeFiles/beepmachine-firmware-v0.22.dir/Users/nickallott/pico/pico-sdk/src/common/pico_sync/mutex.c.obj
                0x00000000200000c0                mutex_enter_blocking
 .time_critical.mutex_try_enter
                0x0000000020000108       0x46 CMakeFiles/beepmachine-firmware-v0.22.dir/Users/nickallott/pico/pico-sdk/src/common/pico_sync/mutex.c.obj
                0x0000000020000108                mutex_try_enter
 *fill*         0x000000002000014e        0x2 
 .time_critical.mutex_exit
                0x0000000020000150       0x4c CMakeFiles/beepmachine-firmware-v0.22.dir/Users/nickallott/pico/pico-sdk/src/common/pico_sync/mutex.c.obj
                0x0000000020000150                mutex_exit
 *(.text*)
 .text          0x000000002000019c        0x4 /opt/homebrew/Cellar/arm-none-eabi-gcc/10.3-2021.07/gcc/bin/../lib/gcc/arm-none-eabi/10.3.1/thumb/v6-m/nofp/libgcc.a(_dvmd_tls.o)
                0x000000002000019c                __aeabi_ldiv0
                0x000000002000019c                __aeabi_idiv0
 .text.__stub   0x00000000200001a0       0x10 linker stubs
                0x00000000200001b0                . = ALIGN (0x4)
 *(.rodata*)
                0x00000000200001b0                . = ALIGN (0x4)
 *(.data*)
 .data.note2freq
                0x00000000200001b0      0x200 CMakeFiles/beepmachine-firmware-v0.22.dir/main.cc.obj
                0x00000000200001b0                note2freq
 .data._ZN5synth19prng_xorshift_stateE
                0x00000000200003b0        0x4 CMakeFiles/beepmachine-firmware-v0.22.dir/synth.cc.obj
                0x00000000200003b0                synth::prng_xorshift_state
 .data._ZN5synth6volumeE
                0x00000000200003b4        0x2 CMakeFiles/beepmachine-firmware-v0.22.dir/synth.cc.obj
                0x00000000200003b4                synth::volume
 .data._ZN12beep_machineL4ledsE
                0x00000000200003b6        0x1 CMakeFiles/beepmachine-firmware-v0.22.dir/hardware.cc.obj
 .data.striped_spin_lock_num
                0x00000000200003b7        0x1 CMakeFiles/beepmachine-firmware-v0.22.dir/Users/nickallott/pico/pico-sdk/src/rp2_common/hardware_sync/sync.c.obj
 .data          0x00000000200003b8       0x48 CMakeFiles/beepmachine-firmware-v0.22.dir/Users/nickallott/pico/pico-sdk/src/rp2_common/hardware_irq/irq_handler_chain.S.obj
                0x00000000200003b8                irq_handler_chain_slots
                0x00000000200003e8                irq_handler_chain_first_slot
                0x00000000200003f2                irq_handler_chain_remove_tail
 .data.default_alarm_pool
                0x0000000020000400       0x18 CMakeFiles/beepmachine-firmware-v0.22.dir/Users/nickallott/pico/pico-sdk/src/common/pico_time/time.c.obj
 .data.default_alarm_pool_heap
                0x0000000020000418       0x10 CMakeFiles/beepmachine-firmware-v0.22.dir/Users/nickallott/pico/pico-sdk/src/common/pico_time/time.c.obj
 *fill*         0x0000000020000428        0x8 
 .data.aeabi_bits_funcs
                0x0000000020000430       0x10 CMakeFiles/beepmachine-firmware-v0.22.dir/Users/nickallott/pico/pico-sdk/src/rp2_common/pico_bit_ops/bit_ops_aeabi.S.obj
                0x0000000020000430                aeabi_bits_funcs
                0x0000000020000440                aeabi_bits_funcs_end
 .data.aeabi_mem_funcs
                0x0000000020000440       0x10 CMakeFiles/beepmachine-firmware-v0.22.dir/Users/nickallott/pico/pico-sdk/src/rp2_common/pico_mem_ops/mem_ops_aeabi.S.obj
                0x0000000020000440                aeabi_mem_funcs
                0x0000000020000450                aeabi_mem_funcs_end
 .data.stdio_uart
                0x0000000020000450       0x14 CMakeFiles/beepmachine-firmware-v0.22.dir/Users/nickallott/pico/pico-sdk/src/rp2_common/pico_stdio_uart/stdio_uart.c.obj
                0x0000000020000450                stdio_uart
                0x0000000020000464                . = ALIGN (0x4)
 *(.after_data.*)
                0x0000000020000464                . = ALIGN (0x4)
                0x0000000020000464                PROVIDE (__mutex_array_start = .)
 *(SORT_BY_NAME(.mutex_array.*))
 *(.mutex_array)
 .mutex_array   0x0000000020000464        0x8 CMakeFiles/beepmachine-firmware-v0.22.dir/Users/nickallott/pico/pico-sdk/src/rp2_common/pico_stdio/stdio.c.obj
                0x000000002000046c                PROVIDE (__mutex_array_end = .)
                0x000000002000046c                . = ALIGN (0x4)
                0x000000002000046c                PROVIDE (__preinit_array_start = .)
 *(SORT_BY_NAME(.preinit_array.*))
 .preinit_array.00001
                0x000000002000046c        0x4 CMakeFiles/beepmachine-firmware-v0.22.dir/Users/nickallott/pico/pico-sdk/src/rp2_common/pico_mem_ops/mem_ops_aeabi.S.obj
 .preinit_array.00010
                0x0000000020000470        0x4 CMakeFiles/beepmachine-firmware-v0.22.dir/Users/nickallott/pico/pico-sdk/src/rp2_common/pico_bit_ops/bit_ops_aeabi.S.obj
 .preinit_array.00020
                0x0000000020000474        0x4 CMakeFiles/beepmachine-firmware-v0.22.dir/Users/nickallott/pico/pico-sdk/src/rp2_common/pico_double/double_aeabi.S.obj
 .preinit_array.00020
                0x0000000020000478        0x4 CMakeFiles/beepmachine-firmware-v0.22.dir/Users/nickallott/pico/pico-sdk/src/rp2_common/pico_float/float_aeabi.S.obj
 *(.preinit_array)
                0x000000002000047c                PROVIDE (__preinit_array_end = .)
                0x000000002000047c                . = ALIGN (0x4)
                0x000000002000047c                PROVIDE (__init_array_start = .)
 *(SORT_BY_NAME(.init_array.*))
 *(.init_array)
 .init_array    0x000000002000047c        0x4 /opt/homebrew/Cellar/arm-none-eabi-gcc/10.3-2021.07/gcc/bin/../lib/gcc/arm-none-eabi/10.3.1/thumb/v6-m/nofp/crtbegin.o
 .init_array    0x0000000020000480        0x4 CMakeFiles/beepmachine-firmware-v0.22.dir/main.cc.obj
 .init_array    0x0000000020000484        0x4 CMakeFiles/beepmachine-firmware-v0.22.dir/hardware.cc.obj
                0x0000000020000488                PROVIDE (__init_array_end = .)
                0x0000000020000488                . = ALIGN (0x4)
                [!provide]                        PROVIDE (__fini_array_start = .)
 *(SORT_BY_NAME(.fini_array.*))
 *(.fini_array)
                [!provide]                        PROVIDE (__fini_array_end = .)
 *(.jcr)
                0x0000000020000488                . = ALIGN (0x4)
                0x0000000020000488                __data_end__ = .

.igot.plt       0x0000000020000488        0x0 load address 0x000000001000f45c
 .igot.plt      0x0000000020000488        0x0 /opt/homebrew/Cellar/arm-none-eabi-gcc/10.3-2021.07/gcc/bin/../lib/gcc/arm-none-eabi/10.3.1/thumb/v6-m/nofp/crtbegin.o

.uninitialized_data
                0x0000000020000488        0x0 load address 0x000000001000f45c
                0x0000000020000488                . = ALIGN (0x4)
 *(.uninitialized_data*)

.scratch_x      0x0000000020040000        0x0 load address 0x000000001000f45c
                0x0000000020040000                __scratch_x_start__ = .
 *(.scratch_x.*)
                0x0000000020040000                . = ALIGN (0x4)
                0x0000000020040000                __scratch_x_end__ = .
                0x000000001000f45c                __scratch_x_source__ = LOADADDR (.scratch_x)

.scratch_y      0x0000000020041000        0x0 load address 0x000000001000f45c
                0x0000000020041000                __scratch_y_start__ = .
 *(.scratch_y.*)
                0x0000000020041000                . = ALIGN (0x4)
                0x0000000020041000                __scratch_y_end__ = .
                0x000000001000f45c                __scratch_y_source__ = LOADADDR (.scratch_y)

.bss            0x0000000020000600     0x1110
                0x0000000020000600                . = ALIGN (0x4)
                0x0000000020000600                __bss_start__ = .
 *(SORT_BY_ALIGNMENT(SORT_BY_NAME(.bss*)))
 .bss._ZL5buf_a
                0x0000000020000600      0x200 CMakeFiles/beepmachine-firmware-v0.22.dir/drivers/dac.cc.obj
 .bss._ZL5buf_b
                0x0000000020000800      0x200 CMakeFiles/beepmachine-firmware-v0.22.dir/drivers/dac.cc.obj
 .bss._ZN5synth8channelsE
                0x0000000020000a00      0x640 CMakeFiles/beepmachine-firmware-v0.22.dir/main.cc.obj
                0x0000000020000a00                synth::channels
 .bss.default_alarm_pool_entries
                0x0000000020001040      0x100 CMakeFiles/beepmachine-firmware-v0.22.dir/Users/nickallott/pico/pico-sdk/src/common/pico_time/time.c.obj
 .bss           0x0000000020001140       0x1c /opt/homebrew/Cellar/arm-none-eabi-gcc/10.3-2021.07/gcc/bin/../lib/gcc/arm-none-eabi/10.3.1/thumb/v6-m/nofp/crtbegin.o
 .bss._ZL10dma_chan_a
                0x000000002000115c        0x4 CMakeFiles/beepmachine-firmware-v0.22.dir/drivers/dac.cc.obj
 .bss._ZL10dma_chan_b
                0x0000000020001160        0x4 CMakeFiles/beepmachine-firmware-v0.22.dir/drivers/dac.cc.obj
 .bss._ZL11clock_speed
                0x0000000020001164        0x4 CMakeFiles/beepmachine-firmware-v0.22.dir/drivers/dac.cc.obj
 .bss._ZL15sample_rate_div
                0x0000000020001168        0x4 CMakeFiles/beepmachine-firmware-v0.22.dir/drivers/dac.cc.obj
 .bss._ZN12beep_machineL10preset_endE
                0x000000002000116c        0x4 CMakeFiles/beepmachine-firmware-v0.22.dir/hardware.cc.obj
 .bss._ZN12beep_machineL11knob_statesE
                0x0000000020001170        0x4 CMakeFiles/beepmachine-firmware-v0.22.dir/hardware.cc.obj
 .bss._ZN12beep_machineL11knob_valuesE
                0x0000000020001174       0x10 CMakeFiles/beepmachine-firmware-v0.22.dir/hardware.cc.obj
 .bss._ZN12beep_machineL11page_valuesE
                0x0000000020001184       0x40 CMakeFiles/beepmachine-firmware-v0.22.dir/hardware.cc.obj
 .bss._ZN12beep_machineL12preset_startE
                0x00000000200011c4        0x4 CMakeFiles/beepmachine-firmware-v0.22.dir/hardware.cc.obj
 .bss._ZN12beep_machineL5valueE
                0x00000000200011c8        0x4 CMakeFiles/beepmachine-firmware-v0.22.dir/hardware.cc.obj
 .bss._ZN12beep_machineL9led_stateE
                0x00000000200011cc       0x16 CMakeFiles/beepmachine-firmware-v0.22.dir/hardware.cc.obj
 *fill*         0x00000000200011e2        0x2 
 .bss.adc       0x00000000200011e4       0x20 CMakeFiles/beepmachine-firmware-v0.22.dir/hardware.cc.obj
                0x00000000200011e4                adc
 .bss.alarm_callbacks
                0x0000000020001204       0x10 CMakeFiles/beepmachine-firmware-v0.22.dir/Users/nickallott/pico/pico-sdk/src/rp2_common/hardware_timer/timer.c.obj
 .bss.configured_freq
                0x0000000020001214       0x28 CMakeFiles/beepmachine-firmware-v0.22.dir/Users/nickallott/pico/pico-sdk/src/rp2_common/hardware_clocks/clocks.c.obj
 .bss.default_alarm_pool_entry_ids_high
                0x000000002000123c       0x10 CMakeFiles/beepmachine-firmware-v0.22.dir/Users/nickallott/pico/pico-sdk/src/common/pico_time/time.c.obj
 .bss.default_alarm_pool_heap_nodes
                0x000000002000124c       0x30 CMakeFiles/beepmachine-firmware-v0.22.dir/Users/nickallott/pico/pico-sdk/src/common/pico_time/time.c.obj
 .bss.drivers   0x000000002000127c        0x4 CMakeFiles/beepmachine-firmware-v0.22.dir/Users/nickallott/pico/pico-sdk/src/rp2_common/pico_stdio/stdio.c.obj
 .bss.filter    0x0000000020001280        0x4 CMakeFiles/beepmachine-firmware-v0.22.dir/Users/nickallott/pico/pico-sdk/src/rp2_common/pico_stdio/stdio.c.obj
 .bss.keys      0x0000000020001284       0x2c CMakeFiles/beepmachine-firmware-v0.22.dir/hardware.cc.obj
                0x0000000020001284                keys
 .bss.play_buffer
                0x00000000200012b0      0x200 CMakeFiles/beepmachine-firmware-v0.22.dir/drivers/dac.cc.obj
                0x00000000200012b0                play_buffer
 .bss.pools     0x00000000200014b0       0x10 CMakeFiles/beepmachine-firmware-v0.22.dir/Users/nickallott/pico/pico-sdk/src/common/pico_time/time.c.obj
 .bss.sd_table  0x00000000200014c0      0x100 CMakeFiles/beepmachine-firmware-v0.22.dir/Users/nickallott/pico/pico-sdk/src/rp2_common/pico_double/double_init_rom.c.obj
                0x00000000200014c0                sd_table
 .bss.sf_clz_func
                0x00000000200015c0        0x4 CMakeFiles/beepmachine-firmware-v0.22.dir/Users/nickallott/pico/pico-sdk/src/rp2_common/pico_double/double_init_rom.c.obj
                0x00000000200015c0                sf_clz_func
 .bss.sf_table  0x00000000200015c4      0x100 CMakeFiles/beepmachine-firmware-v0.22.dir/Users/nickallott/pico/pico-sdk/src/rp2_common/pico_float/float_init_rom.c.obj
                0x00000000200015c4                sf_table
 .bss.sleep_notifier
                0x00000000200016c4        0x4 CMakeFiles/beepmachine-firmware-v0.22.dir/Users/nickallott/pico/pico-sdk/src/common/pico_time/time.c.obj
 .bss.target_hi
                0x00000000200016c8       0x10 CMakeFiles/beepmachine-firmware-v0.22.dir/Users/nickallott/pico/pico-sdk/src/rp2_common/hardware_timer/timer.c.obj
 .bss.uart_char_to_line_feed
                0x00000000200016d8        0x4 CMakeFiles/beepmachine-firmware-v0.22.dir/Users/nickallott/pico/pico-sdk/src/rp2_common/hardware_uart/uart.c.obj
                0x00000000200016d8                uart_char_to_line_feed
 .bss.uart_instance
                0x00000000200016dc        0x4 CMakeFiles/beepmachine-firmware-v0.22.dir/Users/nickallott/pico/pico-sdk/src/rp2_common/pico_stdio_uart/stdio_uart.c.obj
 .bss._ZN10modulationL3accE
                0x00000000200016e0        0x2 CMakeFiles/beepmachine-firmware-v0.22.dir/synth/modulation.cc.obj
 .bss._ZN10modulationL4rateE
                0x00000000200016e2        0x2 CMakeFiles/beepmachine-firmware-v0.22.dir/synth/modulation.cc.obj
 .bss._ZN10modulationL4waveE
                0x00000000200016e4        0x2 CMakeFiles/beepmachine-firmware-v0.22.dir/synth/modulation.cc.obj
 .bss._ZN10modulationL5depthE
                0x00000000200016e6        0x2 CMakeFiles/beepmachine-firmware-v0.22.dir/synth/modulation.cc.obj
 .bss._ZN10modulationL6outputE
                0x00000000200016e8        0x2 CMakeFiles/beepmachine-firmware-v0.22.dir/synth/modulation.cc.obj
 .bss._ZN5synth10release_msE
                0x00000000200016ea        0x2 CMakeFiles/beepmachine-firmware-v0.22.dir/synth.cc.obj
                0x00000000200016ea                synth::release_ms
 .bss._ZN5synth11wave_vectorE
                0x00000000200016ec        0x2 CMakeFiles/beepmachine-firmware-v0.22.dir/synth.cc.obj
                0x00000000200016ec                synth::wave_vector
 .bss._ZN5synth4waveE
                0x00000000200016ee        0x2 CMakeFiles/beepmachine-firmware-v0.22.dir/synth.cc.obj
                0x00000000200016ee                synth::wave
 .bss._ZN5synth7sustainE
                0x00000000200016f0        0x2 CMakeFiles/beepmachine-firmware-v0.22.dir/synth.cc.obj
                0x00000000200016f0                synth::sustain
 .bss._ZN5synth8decay_msE
                0x00000000200016f2        0x2 CMakeFiles/beepmachine-firmware-v0.22.dir/synth.cc.obj
                0x00000000200016f2                synth::decay_ms
 .bss._ZN5synth9attack_msE
                0x00000000200016f4        0x2 CMakeFiles/beepmachine-firmware-v0.22.dir/synth.cc.obj
                0x00000000200016f4                synth::attack_ms
 .bss._ZZ10dma_bufferPtjE6sample
                0x00000000200016f6        0x2 CMakeFiles/beepmachine-firmware-v0.22.dir/drivers/dac.cc.obj
 .bss._claimed  0x00000000200016f8        0x2 CMakeFiles/beepmachine-firmware-v0.22.dir/Users/nickallott/pico/pico-sdk/src/rp2_common/hardware_dma/dma.c.obj
 .bss.pitch_scale
                0x00000000200016fa        0x2 CMakeFiles/beepmachine-firmware-v0.22.dir/synth.cc.obj
                0x00000000200016fa                pitch_scale
 .bss._ZN10modulationL5indexE
                0x00000000200016fc        0x1 CMakeFiles/beepmachine-firmware-v0.22.dir/synth/modulation.cc.obj
 .bss._ZN10modulationL6matrixE
                0x00000000200016fd        0x1 CMakeFiles/beepmachine-firmware-v0.22.dir/synth/modulation.cc.obj
 .bss._ZN12beep_machineL11page_changeE
                0x00000000200016fe        0x1 CMakeFiles/beepmachine-firmware-v0.22.dir/hardware.cc.obj
 .bss._ZN12beep_machineL11preset_flagE
                0x00000000200016ff        0x1 CMakeFiles/beepmachine-firmware-v0.22.dir/hardware.cc.obj
 .bss._ZN12beep_machineL12current_pageE
                0x0000000020001700        0x1 CMakeFiles/beepmachine-firmware-v0.22.dir/hardware.cc.obj
 .bss._ZN12beep_machineL15pagination_flagE
                0x0000000020001701        0x1 CMakeFiles/beepmachine-firmware-v0.22.dir/hardware.cc.obj
 .bss._ZN12beep_machineL4pageE
                0x0000000020001702        0x1 CMakeFiles/beepmachine-firmware-v0.22.dir/hardware.cc.obj
 .bss._ZN12beep_machineL6presetE
                0x0000000020001703        0x1 CMakeFiles/beepmachine-firmware-v0.22.dir/hardware.cc.obj
 .bss._ZN12beep_machineL7in_syncE
                0x0000000020001704        0x1 CMakeFiles/beepmachine-firmware-v0.22.dir/hardware.cc.obj
 .bss._ZN12beep_machineL8arp_flagE
                0x0000000020001705        0x1 CMakeFiles/beepmachine-firmware-v0.22.dir/hardware.cc.obj
 .bss._ZN12beep_machineL8lfo_flagE
                0x0000000020001706        0x1 CMakeFiles/beepmachine-firmware-v0.22.dir/hardware.cc.obj
 .bss._ZN12beep_machineL9page_flagE
                0x0000000020001707        0x1 CMakeFiles/beepmachine-firmware-v0.22.dir/hardware.cc.obj
 .bss._ZN12beep_machineL9rgb_stateE
                0x0000000020001708        0x1 CMakeFiles/beepmachine-firmware-v0.22.dir/hardware.cc.obj
 .bss._ZN5synth9waveformsE
                0x0000000020001709        0x1 CMakeFiles/beepmachine-firmware-v0.22.dir/synth.cc.obj
                0x0000000020001709                synth::waveforms
 .bss._timer_claimed
                0x000000002000170a        0x1 CMakeFiles/beepmachine-firmware-v0.22.dir/Users/nickallott/pico/pico-sdk/src/rp2_common/hardware_dma/dma.c.obj
 .bss.buffer_flag
                0x000000002000170b        0x1 CMakeFiles/beepmachine-firmware-v0.22.dir/drivers/dac.cc.obj
                0x000000002000170b                buffer_flag
 .bss.claimed   0x000000002000170c        0x1 CMakeFiles/beepmachine-firmware-v0.22.dir/Users/nickallott/pico/pico-sdk/src/rp2_common/hardware_timer/timer.c.obj
 .bss.hardware_index
                0x000000002000170d        0x1 CMakeFiles/beepmachine-firmware-v0.22.dir/main.cc.obj
                0x000000002000170d                hardware_index
 .bss.irq_hander_chain_free_slot_head
                0x000000002000170e        0x1 CMakeFiles/beepmachine-firmware-v0.22.dir/Users/nickallott/pico/pico-sdk/src/rp2_common/hardware_irq/irq.c.obj
 .bss.timer_callbacks_pending
                0x000000002000170f        0x1 CMakeFiles/beepmachine-firmware-v0.22.dir/Users/nickallott/pico/pico-sdk/src/rp2_common/hardware_timer/timer.c.obj
 *(COMMON)
                0x0000000020001710                . = ALIGN (0x4)
                0x0000000020001710                __bss_end__ = .

.heap           0x0000000020001710      0x800
                0x0000000020001710                __end__ = .
                0x0000000020001710                end = __end__
 *(.heap*)
 .heap          0x0000000020001710      0x800 CMakeFiles/beepmachine-firmware-v0.22.dir/Users/nickallott/pico/pico-sdk/src/rp2_common/pico_standard_link/crt0.S.obj
                0x0000000020001f10                __HeapLimit = .

.stack1_dummy   0x0000000020040000        0x0
 *(.stack1*)

.stack_dummy    0x0000000020041000      0x800
 *(.stack*)
 .stack         0x0000000020041000      0x800 CMakeFiles/beepmachine-firmware-v0.22.dir/Users/nickallott/pico/pico-sdk/src/rp2_common/pico_standard_link/crt0.S.obj

.flash_end      0x000000001000f45c        0x0
                0x000000001000f45c                __flash_binary_end = .
                0x0000000020040000                __StackLimit = (ORIGIN (RAM) + LENGTH (RAM))
                0x0000000020041000                __StackOneTop = (ORIGIN (SCRATCH_X) + LENGTH (SCRATCH_X))
                0x0000000020042000                __StackTop = (ORIGIN (SCRATCH_Y) + LENGTH (SCRATCH_Y))
                0x0000000020041000                __StackOneBottom = (__StackOneTop - SIZEOF (.stack1_dummy))
                0x0000000020041800                __StackBottom = (__StackTop - SIZEOF (.stack_dummy))
                0x0000000020042000                PROVIDE (__stack = __StackTop)
                0x0000000000000001                ASSERT ((__StackLimit >= __HeapLimit), region RAM overflowed)
                0x0000000000000001                ASSERT (((__binary_info_header_end - __logical_binary_start) <= 0x100), Binary info must be in first 256 bytes of the binary)
LOAD CMakeFiles/beepmachine-firmware-v0.22.dir/main.cc.obj
LOAD CMakeFiles/beepmachine-firmware-v0.22.dir/synth.cc.obj
LOAD CMakeFiles/beepmachine-firmware-v0.22.dir/drivers/dac.cc.obj
LOAD CMakeFiles/beepmachine-firmware-v0.22.dir/drivers/adc.cc.obj
LOAD CMakeFiles/beepmachine-firmware-v0.22.dir/drivers/keys.cc.obj
LOAD CMakeFiles/beepmachine-firmware-v0.22.dir/hardware.cc.obj
LOAD CMakeFiles/beepmachine-firmware-v0.22.dir/synth/modulation.cc.obj
LOAD CMakeFiles/beepmachine-firmware-v0.22.dir/Users/nickallott/pico/pico-sdk/src/rp2_common/pico_stdlib/stdlib.c.obj
LOAD CMakeFiles/beepmachine-firmware-v0.22.dir/Users/nickallott/pico/pico-sdk/src/rp2_common/hardware_gpio/gpio.c.obj
LOAD CMakeFiles/beepmachine-firmware-v0.22.dir/Users/nickallott/pico/pico-sdk/src/rp2_common/hardware_claim/claim.c.obj
LOAD CMakeFiles/beepmachine-firmware-v0.22.dir/Users/nickallott/pico/pico-sdk/src/rp2_common/pico_platform/platform.c.obj
LOAD CMakeFiles/beepmachine-firmware-v0.22.dir/Users/nickallott/pico/pico-sdk/src/rp2_common/hardware_sync/sync.c.obj
LOAD CMakeFiles/beepmachine-firmware-v0.22.dir/Users/nickallott/pico/pico-sdk/src/rp2_common/hardware_irq/irq.c.obj
LOAD CMakeFiles/beepmachine-firmware-v0.22.dir/Users/nickallott/pico/pico-sdk/src/rp2_common/hardware_irq/irq_handler_chain.S.obj
LOAD CMakeFiles/beepmachine-firmware-v0.22.dir/Users/nickallott/pico/pico-sdk/src/common/pico_sync/sem.c.obj
LOAD CMakeFiles/beepmachine-firmware-v0.22.dir/Users/nickallott/pico/pico-sdk/src/common/pico_sync/lock_core.c.obj
LOAD CMakeFiles/beepmachine-firmware-v0.22.dir/Users/nickallott/pico/pico-sdk/src/common/pico_time/time.c.obj
LOAD CMakeFiles/beepmachine-firmware-v0.22.dir/Users/nickallott/pico/pico-sdk/src/common/pico_time/timeout_helper.c.obj
LOAD CMakeFiles/beepmachine-firmware-v0.22.dir/Users/nickallott/pico/pico-sdk/src/rp2_common/hardware_timer/timer.c.obj
LOAD CMakeFiles/beepmachine-firmware-v0.22.dir/Users/nickallott/pico/pico-sdk/src/common/pico_util/datetime.c.obj
LOAD CMakeFiles/beepmachine-firmware-v0.22.dir/Users/nickallott/pico/pico-sdk/src/common/pico_util/pheap.c.obj
LOAD CMakeFiles/beepmachine-firmware-v0.22.dir/Users/nickallott/pico/pico-sdk/src/common/pico_util/queue.c.obj
LOAD CMakeFiles/beepmachine-firmware-v0.22.dir/Users/nickallott/pico/pico-sdk/src/common/pico_sync/mutex.c.obj
LOAD CMakeFiles/beepmachine-firmware-v0.22.dir/Users/nickallott/pico/pico-sdk/src/common/pico_sync/critical_section.c.obj
LOAD CMakeFiles/beepmachine-firmware-v0.22.dir/Users/nickallott/pico/pico-sdk/src/rp2_common/hardware_uart/uart.c.obj
LOAD CMakeFiles/beepmachine-firmware-v0.22.dir/Users/nickallott/pico/pico-sdk/src/rp2_common/hardware_divider/divider.S.obj
LOAD CMakeFiles/beepmachine-firmware-v0.22.dir/Users/nickallott/pico/pico-sdk/src/rp2_common/pico_runtime/runtime.c.obj
LOAD CMakeFiles/beepmachine-firmware-v0.22.dir/Users/nickallott/pico/pico-sdk/src/rp2_common/hardware_clocks/clocks.c.obj
LOAD CMakeFiles/beepmachine-firmware-v0.22.dir/Users/nickallott/pico/pico-sdk/src/rp2_common/hardware_pll/pll.c.obj
LOAD CMakeFiles/beepmachine-firmware-v0.22.dir/Users/nickallott/pico/pico-sdk/src/rp2_common/hardware_vreg/vreg.c.obj
LOAD CMakeFiles/beepmachine-firmware-v0.22.dir/Users/nickallott/pico/pico-sdk/src/rp2_common/hardware_watchdog/watchdog.c.obj
LOAD CMakeFiles/beepmachine-firmware-v0.22.dir/Users/nickallott/pico/pico-sdk/src/rp2_common/hardware_xosc/xosc.c.obj
LOAD CMakeFiles/beepmachine-firmware-v0.22.dir/Users/nickallott/pico/pico-sdk/src/rp2_common/pico_printf/printf.c.obj
LOAD CMakeFiles/beepmachine-firmware-v0.22.dir/Users/nickallott/pico/pico-sdk/src/rp2_common/pico_bit_ops/bit_ops_aeabi.S.obj