Archive member included to satisfy reference by file (symbol)

/Users/nickallott/.pico-sdk/toolchain/13_2_Rel1/bin/../lib/gcc/arm-none-eabi/13.2.1/thumb/v6-m/nofp/libgcc.a(_dvmd_tls.o)
                              CMakeFiles/wavemachine.dir/Users/nickallott/.pico-sdk/sdk/2.0.0/src/rp2_common/pico_divider/divider_hardware.S.obj (__aeabi_idiv0)
/Users/nickallott/.pico-sdk/toolchain/13_2_Rel1/bin/../lib/gcc/arm-none-eabi/13.2.1/../../../../arm-none-eabi/lib/thumb/v6-m/nofp/libg.a(libc_a-calloc.o)
                              CMakeFiles/wavemachine.dir/Users/nickallott/.pico-sdk/sdk/2.0.0/src/rp2_common/pico_malloc/malloc.c.obj (calloc)
/Users/nickallott/.pico-sdk/toolchain/13_2_Rel1/bin/../lib/gcc/arm-none-eabi/13.2.1/../../../../arm-none-eabi/lib/thumb/v6-m/nofp/libg.a(libc_a-callocr.o)
                              /Users/nickallott/.pico-sdk/toolchain/13_2_Rel1/bin/../lib/gcc/arm-none-eabi/13.2.1/../../../../arm-none-eabi/lib/thumb/v6-m/nofp/libg.a(libc_a-calloc.o) (_calloc_r)
/Users/nickallott/.pico-sdk/toolchain/13_2_Rel1/bin/../lib/gcc/arm-none-eabi/13.2.1/../../../../arm-none-eabi/lib/thumb/v6-m/nofp/libg.a(libc_a-malloc.o)
                              CMakeFiles/wavemachine.dir/Users/nickallott/.pico-sdk/sdk/2.0.0/src/rp2_common/pico_malloc/malloc.c.obj (malloc)
/Users/nickallott/.pico-sdk/toolchain/13_2_Rel1/bin/../lib/gcc/arm-none-eabi/13.2.1/../../../../arm-none-eabi/lib/thumb/v6-m/nofp/libg.a(libc_a-mallocr.o)
                              /Users/nickallott/.pico-sdk/toolchain/13_2_Rel1/bin/../lib/gcc/arm-none-eabi/13.2.1/../../../../arm-none-eabi/lib/thumb/v6-m/nofp/libg.a(libc_a-callocr.o) (_malloc_r)
/Users/nickallott/.pico-sdk/toolchain/13_2_Rel1/bin/../lib/gcc/arm-none-eabi/13.2.1/../../../../arm-none-eabi/lib/thumb/v6-m/nofp/libg.a(libc_a-mlock.o)
                              /Users/nickallott/.pico-sdk/toolchain/13_2_Rel1/bin/../lib/gcc/arm-none-eabi/13.2.1/../../../../arm-none-eabi/lib/thumb/v6-m/nofp/libg.a(libc_a-mallocr.o) (__malloc_lock)
/Users/nickallott/.pico-sdk/toolchain/13_2_Rel1/bin/../lib/gcc/arm-none-eabi/13.2.1/../../../../arm-none-eabi/lib/thumb/v6-m/nofp/libg.a(libc_a-realloc.o)
                              CMakeFiles/wavemachine.dir/Users/nickallott/.pico-sdk/sdk/2.0.0/src/rp2_common/pico_malloc/malloc.c.obj (realloc)
/Users/nickallott/.pico-sdk/toolchain/13_2_Rel1/bin/../lib/gcc/arm-none-eabi/13.2.1/../../../../arm-none-eabi/lib/thumb/v6-m/nofp/libg.a(libc_a-reallocr.o)
                              /Users/nickallott/.pico-sdk/toolchain/13_2_Rel1/bin/../lib/gcc/arm-none-eabi/13.2.1/../../../../arm-none-eabi/lib/thumb/v6-m/nofp/libg.a(libc_a-realloc.o) (_realloc_r)
/Users/nickallott/.pico-sdk/toolchain/13_2_Rel1/bin/../lib/gcc/arm-none-eabi/13.2.1/../../../../arm-none-eabi/lib/thumb/v6-m/nofp/libg.a(libc_a-memcmp.o)
                              CMakeFiles/wavemachine.dir/Users/nickallott/.pico-sdk/sdk/2.0.0/src/rp2_common/pico_atomic/atomic.c.obj (memcmp)
/Users/nickallott/.pico-sdk/toolchain/13_2_Rel1/bin/../lib/gcc/arm-none-eabi/13.2.1/../../../../arm-none-eabi/lib/thumb/v6-m/nofp/libg.a(libc_a-memmove.o)
                              CMakeFiles/wavemachine.dir/Users/nickallott/.pico-sdk/sdk/2.0.0/lib/tinyusb/src/class/msc/msc_device.c.obj (memmove)
/Users/nickallott/.pico-sdk/toolchain/13_2_Rel1/bin/../lib/gcc/arm-none-eabi/13.2.1/../../../../arm-none-eabi/lib/thumb/v6-m/nofp/libg.a(libc_a-lcltime_r.o)
                              CMakeFiles/wavemachine.dir/Users/nickallott/.pico-sdk/sdk/2.0.0/src/common/pico_util/datetime.c.obj (localtime_r)
/Users/nickallott/.pico-sdk/toolchain/13_2_Rel1/bin/../lib/gcc/arm-none-eabi/13.2.1/../../../../arm-none-eabi/lib/thumb/v6-m/nofp/libg.a(libc_a-mktime.o)
                              CMakeFiles/wavemachine.dir/Users/nickallott/.pico-sdk/sdk/2.0.0/src/common/pico_util/datetime.c.obj (mktime)
/Users/nickallott/.pico-sdk/toolchain/13_2_Rel1/bin/../lib/gcc/arm-none-eabi/13.2.1/../../../../arm-none-eabi/lib/thumb/v6-m/nofp/libg.a(libc_a-month_lengths.o)
                              /Users/nickallott/.pico-sdk/toolchain/13_2_Rel1/bin/../lib/gcc/arm-none-eabi/13.2.1/../../../../arm-none-eabi/lib/thumb/v6-m/nofp/libg.a(libc_a-lcltime_r.o) (__month_lengths)
/Users/nickallott/.pico-sdk/toolchain/13_2_Rel1/bin/../lib/gcc/arm-none-eabi/13.2.1/../../../../arm-none-eabi/lib/thumb/v6-m/nofp/libg.a(libc_a-tzcalc_limits.o)
                              /Users/nickallott/.pico-sdk/toolchain/13_2_Rel1/bin/../lib/gcc/arm-none-eabi/13.2.1/../../../../arm-none-eabi/lib/thumb/v6-m/nofp/libg.a(libc_a-lcltime_r.o) (__tzcalc_limits)
/Users/nickallott/.pico-sdk/toolchain/13_2_Rel1/bin/../lib/gcc/arm-none-eabi/13.2.1/../../../../arm-none-eabi/lib/thumb/v6-m/nofp/libg.a(libc_a-tzlock.o)
                              /Users/nickallott/.pico-sdk/toolchain/13_2_Rel1/bin/../lib/gcc/arm-none-eabi/13.2.1/../../../../arm-none-eabi/lib/thumb/v6-m/nofp/libg.a(libc_a-lcltime_r.o) (__tz_lock)
[...]
Memory Configuration

Name             Origin             Length             Attributes
FLASH            0x10000000         0x00200000         xr
RAM              0x20000000         0x00040000         xrw
SCRATCH_X        0x20040000         0x00001000         xrw
SCRATCH_Y        0x20041000         0x00001000         xrw
*default*        0x00000000         0xffffffff

Linker script and memory map

LOAD /Users/nickallott/.pico-sdk/toolchain/13_2_Rel1/bin/../lib/gcc/arm-none-eabi/13.2.1/thumb/v6-m/nofp/crti.o
LOAD /Users/nickallott/.pico-sdk/toolchain/13_2_Rel1/bin/../lib/gcc/arm-none-eabi/13.2.1/thumb/v6-m/nofp/crtbegin.o
LOAD /Users/nickallott/.pico-sdk/toolchain/13_2_Rel1/bin/../lib/gcc/arm-none-eabi/13.2.1/../../../../arm-none-eabi/lib/thumb/v6-m/nofp/crt0.o

.flash_begin    0x10000000        0x0
                0x10000000                        __flash_binary_start = .

.boot2          0x10000000      0x100
                0x10000000                        __boot2_start__ = .
 *(.boot2)
 .boot2         0x10000000      0x100 /var/folders/qh/wzbl_dx50_s371n865l3xj_c0000gn/T//ccYA2zIj.o
                0x10000100                        __boot2_end__ = .
                0x00000001                        ASSERT (((__boot2_end__ - __boot2_start__) == 0x100), ERROR: Pico second stage bootloader must be 256 bytes in size)

.text           0x10000100    0x11af4
                0x10000100                        __logical_binary_start = .
 *(.vectors)
 .vectors       0x10000100       0xd4 CMakeFiles/wavemachine.dir/Users/nickallott/.pico-sdk/sdk/2.0.0/src/rp2_common/pico_crt0/crt0.S.obj
                0x10000100                __VECTOR_TABLE
                0x10000100                __vectors
                0x100001c0                __default_isrs_start
                0x100001c0                isr_invalid
                0x100001c2                isr_nmi
                0x100001c4                isr_hardfault
                0x100001c6                isr_svcall
                0x100001c8                isr_pendsv
                0x100001ca                isr_systick
                0x100001cc                isr_irq28
                0x100001cc                isr_irq19
                0x100001cc                isr_irq0
                0x100001cc                isr_irq6
                0x100001cc                isr_irq22
                0x100001cc                isr_irq17
                0x100001cc                isr_irq14
                0x100001cc                isr_irq2
                0x100001cc                isr_irq10
                0x100001cc                isr_irq8
                0x100001cc                isr_irq24
                0x100001cc                isr_irq1
                0x100001cc                isr_irq7
                0x100001cc                isr_irq21
                0x100001cc                isr_irq20
                0x100001cc                isr_irq15
                0x100001cc                isr_irq25
                0x100001cc                isr_irq4
                0x100001cc                isr_irq16
                0x100001cc                isr_irq29
                0x100001cc                isr_irq26
                0x100001cc                __default_isrs_end
                0x100001cc                isr_irq3
                0x100001cc                isr_irq9
                0x100001cc                __unhandled_user_irq
                0x100001cc                isr_irq13
                0x100001cc                isr_irq27
                0x100001cc                isr_irq31
                0x100001cc                isr_irq5
                0x100001cc                isr_irq11
                0x100001cc                isr_irq23
                0x100001cc                isr_irq18
                0x100001cc                isr_irq30
                0x100001cc                isr_irq12
                0x100001d2                unhandled_user_irq_num_in_r0
 *(.binary_info_header)
 .binary_info_header
                0x100001d4       0x14 CMakeFiles/wavemachine.dir/Users/nickallott/.pico-sdk/sdk/2.0.0/src/rp2_common/pico_crt0/crt0.S.obj
                0x100001e8                        __binary_info_header_end = .
 *(.embedded_block)
                0x100001e8                        __embedded_block_end = .
 *(.reset)
 .reset         0x100001e8       0x9c CMakeFiles/wavemachine.dir/Users/nickallott/.pico-sdk/sdk/2.0.0/src/rp2_common/pico_crt0/crt0.S.obj
                0x100001e8                _entry_point
 *(.init)
 .init          0x10000284        0x4 /Users/nickallott/.pico-sdk/toolchain/13_2_Rel1/bin/../lib/gcc/arm-none-eabi/13.2.1/thumb/v6-m/nofp/crti.o
                0x10000284                _init
 *(EXCLUDE_FILE(*libm.a: *libc.a:*lib_a-mem*.o *libgcc.a:) .text*)
 .text.register_tm_clones
                0x10000288       0x28 /Users/nickallott/.pico-sdk/toolchain/13_2_Rel1/bin/../lib/gcc/arm-none-eabi/13.2.1/thumb/v6-m/nofp/crtbegin.o
 .text.frame_dummy
                0x100002b0       0x24 /Users/nickallott/.pico-sdk/toolchain/13_2_Rel1/bin/../lib/gcc/arm-none-eabi/13.2.1/thumb/v6-m/nofp/crtbegin.o
 .text._Z9synthCorev
                0x100002d4      0x108 CMakeFiles/wavemachine.dir/main.cc.obj
                0x100002d4                synthCore()
 .text._Z12hardwareCorev
                0x100003dc        0xc CMakeFiles/wavemachine.dir/main.cc.obj
                0x100003dc                hardwareCore()
 .text.startup.main
                0x100003e8       0x44 CMakeFiles/wavemachine.dir/main.cc.obj
                0x100003e8                main
 .text.startup._GLOBAL__sub_I_sampleClockLast
                0x1000042c      0x290 CMakeFiles/wavemachine.dir/main.cc.obj
 .text._Z3maplllll
                0x100006bc       0x18 CMakeFiles/wavemachine.dir/functions.cc.obj
                0x100006bc                map(long, long, long, long, long)
 .text._Z15map_constrainedlllll
                0x100006d4       0x24 CMakeFiles/wavemachine.dir/functions.cc.obj
                0x100006d4                map_constrained(long, long, long, long, long)
 .text._Z15applyHysteresisRiii
                0x100006f8       0x14 CMakeFiles/wavemachine.dir/functions.cc.obj
                0x100006f8                applyHysteresis(int&, int, int)
 .text._ZN6RANDOM6updateEt
                0x1000070c       0x20 CMakeFiles/wavemachine.dir/random.cc.obj
                0x1000070c                RANDOM::update(unsigned short)
 .text._ZN6RANDOM3getEv
                0x1000072c        0xc CMakeFiles/wavemachine.dir/random.cc.obj
                0x1000072c                RANDOM::get()
 .text._ZN6RANDOM9getSignalEv
                0x10000738       0x10 CMakeFiles/wavemachine.dir/random.cc.obj
                0x10000738                RANDOM::getSignal()
 .text.tud_descriptor_device_cb
                0x10000748       0x24 CMakeFiles/wavemachine.dir/usb_descriptors.c.obj
                0x10000748                tud_descriptor_device_cb
 .text.tud_umount_cb
                0x1000076c        0x4 CMakeFiles/wavemachine.dir/usb_descriptors.c.obj
                0x1000076c                tud_umount_cb
 .text.tud_suspend_cb
                0x10000770        0x4 CMakeFiles/wavemachine.dir/usb_descriptors.c.obj
                0x10000770                tud_suspend_cb
 .text.tud_descriptor_configuration_cb
                0x10000774       0x1c CMakeFiles/wavemachine.dir/usb_descriptors.c.obj
                0x10000774                tud_descriptor_configuration_cb
 .text.tud_descriptor_string_cb
                0x10000790       0x80 CMakeFiles/wavemachine.dir/usb_descriptors.c.obj
                0x10000790                tud_descriptor_string_cb
 .text._ZN3USB4initEv
                0x10000810        0x8 CMakeFiles/wavemachine.dir/drivers/usb.cc.obj
                0x10000810                USB::init()
 .text._ZN3USB6updateEv
                0x10000818       0x10 CMakeFiles/wavemachine.dir/drivers/usb.cc.obj
                0x10000818                USB::update()
 .text._ZN3USB4MIDI9availableEv
                0x10000828        0xc CMakeFiles/wavemachine.dir/drivers/usb.cc.obj
                0x10000828                USB::MIDI::available()
 .text._ZN3USB4MIDI3getEhPh
                0x10000834       0x10 CMakeFiles/wavemachine.dir/drivers/usb.cc.obj
                0x10000834                USB::MIDI::get(unsigned char, unsigned char*)
 .text._ZN3USB4MIDI4sendEPhj
                0x10000844       0x38 CMakeFiles/wavemachine.dir/drivers/usb.cc.obj
                0x10000844                USB::MIDI::send(unsigned char*, unsigned int)
 .text._ZN3ADC4initEv
                0x1000087c      0x4e8 CMakeFiles/wavemachine.dir/drivers/adc.cc.obj
                0x1000087c                ADC::init()
 .text._ZN3ADC6updateEv
                0x10000d64       0xd0 CMakeFiles/wavemachine.dir/drivers/adc.cc.obj
                0x10000d64                ADC::update()
 .text._ZN3ADC5valueEi
                0x10000e34        0xc CMakeFiles/wavemachine.dir/drivers/adc.cc.obj
                0x10000e34                ADC::value(int)
 .text._ZN3ADC5noiseEv
                0x10000e40       0x1c CMakeFiles/wavemachine.dir/drivers/adc.cc.obj
                0x10000e40                ADC::noise()
 .text._ZN3ADC11temperatureEv
                0x10000e5c        0xc CMakeFiles/wavemachine.dir/drivers/adc.cc.obj
                0x10000e5c                ADC::temperature()
 .text._ZN3ADC7batteryEv
                0x10000e68        0xc CMakeFiles/wavemachine.dir/drivers/adc.cc.obj
                0x10000e68                ADC::battery()
 .text._ZN3ADC12isBatteryLowEv
                0x10000e74        0xc CMakeFiles/wavemachine.dir/drivers/adc.cc.obj
                0x10000e74                ADC::isBatteryLow()
 .text._ZN7Buttons6Button7pressedEv
                0x10000e80       0x38 CMakeFiles/wavemachine.dir/drivers/button.cc.obj
                0x10000e80                Buttons::Button::pressed()
 .text._ZN7Buttons6Button8releasedEv
                0x10000eb8       0x78 CMakeFiles/wavemachine.dir/drivers/button.cc.obj
                0x10000eb8                Buttons::Button::released()
 .text._ZN7Buttons6Button3getENS_5StateE
                0x10000f30       0x80 CMakeFiles/wavemachine.dir/drivers/button.cc.obj
                0x10000f30                Buttons::Button::get(Buttons::State)
 .text.startup._GLOBAL__sub_I__ZN7Buttons6Button7pressedEv
                0x10000fb0       0x4c CMakeFiles/wavemachine.dir/drivers/button.cc.obj
 .text._ZN3DAC12_GLOBAL__N_111dma_handlerEv
                0x10000ffc      0x354 CMakeFiles/wavemachine.dir/drivers/dac.cc.obj
 .text._ZN3DAC4initEv
                0x10001350      0x164 CMakeFiles/wavemachine.dir/drivers/dac.cc.obj
                0x10001350                DAC::init()
 .text.startup._GLOBAL__sub_I_sampleClock
                0x100014b4      0x290 CMakeFiles/wavemachine.dir/drivers/dac.cc.obj
 .text._ZN6EEPROM4initEv
                0x10001744       0x44 CMakeFiles/wavemachine.dir/drivers/eeprom.cc.obj
                0x10001744                EEPROM::init()
 .text._ZN6EEPROM5writeEtPht
                0x10001788       0x70 CMakeFiles/wavemachine.dir/drivers/eeprom.cc.obj
                0x10001788                EEPROM::write(unsigned short, unsigned char*, unsigned short)
 .text._ZN6EEPROM4readEtPht
                0x100017f8       0x78 CMakeFiles/wavemachine.dir/drivers/eeprom.cc.obj
                0x100017f8                EEPROM::read(unsigned short, unsigned char*, unsigned short)
 .text._ZN4KEYS4initEv
                0x10001870       0x34 CMakeFiles/wavemachine.dir/drivers/keys.cc.obj
                0x10001870                KEYS::init()
 .text._ZN4KEYS4readEv
                0x100018a4       0x70 CMakeFiles/wavemachine.dir/drivers/keys.cc.obj
                0x100018a4                KEYS::read()
 .text._ZN4KEYS6updateEv
                0x10001914      0x140 CMakeFiles/wavemachine.dir/drivers/keys.cc.obj
                0x10001914                KEYS::update()
 .text._ZN4LEDS4initEv
                0x10001a54       0x6c CMakeFiles/wavemachine.dir/drivers/leds.cc.obj
                0x10001a54                LEDS::init()
 .text._ZN4LEDS9KNOBS_offEv
                0x10001ac0       0x48 CMakeFiles/wavemachine.dir/drivers/leds.cc.obj
                0x10001ac0                LEDS::KNOBS_off()
 .text._ZN4LEDS11KNOB_selectEhb
                0x10001b08       0x6c CMakeFiles/wavemachine.dir/drivers/leds.cc.obj
                0x10001b08                LEDS::KNOB_select(unsigned char, bool)
 .text._ZN4LEDS11PAGE_selectEh
                0x10001b74       0xa0 CMakeFiles/wavemachine.dir/drivers/leds.cc.obj
                0x10001b74                LEDS::PAGE_select(unsigned char)
 .text._ZN4LEDS4testEh
                0x10001c14      0xa34 CMakeFiles/wavemachine.dir/drivers/leds.cc.obj
                0x10001c14                LEDS::test(unsigned char)
 .text._ZN4LEDS6updateEv
                0x10002648      0x144 CMakeFiles/wavemachine.dir/drivers/leds.cc.obj
                0x10002648                LEDS::update()
 .text.startup._GLOBAL__sub_I__ZN4LEDS4PICOE
                0x1000278c       0x9c CMakeFiles/wavemachine.dir/drivers/leds.cc.obj
 .text._ZN3MUX4initEv
                0x10002828       0xe0 CMakeFiles/wavemachine.dir/drivers/mux.cc.obj
                0x10002828                MUX::init()
 .text._ZN3MUX16incrementAddressEv
                0x10002908       0x84 CMakeFiles/wavemachine.dir/drivers/mux.cc.obj
                0x10002908                MUX::incrementAddress()
 .text._ZN3MUX10getAddressEv
                0x1000298c        0xc CMakeFiles/wavemachine.dir/drivers/mux.cc.obj
                0x1000298c                MUX::getAddress()
 .text._ZN7RGB_LED4initEv
                0x10002998      0x264 CMakeFiles/wavemachine.dir/drivers/rgb.cc.obj
                0x10002998                RGB_LED::init()
 .text._ZN7RGB_LED2onEv
                0x10002bfc       0x18 CMakeFiles/wavemachine.dir/drivers/rgb.cc.obj
                0x10002bfc                RGB_LED::on()
 .text._ZN7RGB_LED6updateEv
                0x10002c14       0xd4 CMakeFiles/wavemachine.dir/drivers/rgb.cc.obj
                0x10002c14                RGB_LED::update()
 .text._ZN7RGB_LED3setEttt
                0x10002ce8       0x1c CMakeFiles/wavemachine.dir/drivers/rgb.cc.obj
                0x10002ce8                RGB_LED::set(unsigned short, unsigned short, unsigned short)
 .text._ZN7RGB_LED3offEv
                0x10002d04       0x10 CMakeFiles/wavemachine.dir/drivers/rgb.cc.obj
                0x10002d04                RGB_LED::off()
 .text.startup._GLOBAL__sub_I__ZN7RGB_LED3RgbE
                0x10002d14       0x10 CMakeFiles/wavemachine.dir/drivers/rgb.cc.obj
 .text._ZN7sn7459513shiftreg_initEv
                0x10002d24       0xe4 CMakeFiles/wavemachine.dir/drivers/shiftreg.cc.obj
                0x10002d24                sn74595::shiftreg_init()
 .text._ZN8ShiftReg4initEv
                0x10002e08       0xf8 CMakeFiles/wavemachine.dir/drivers/shiftreg.cc.obj
                0x10002e08                ShiftReg::init()
 .text._ZN8ShiftReg6updateEv
                0x10002f00       0xc4 CMakeFiles/wavemachine.dir/drivers/shiftreg.cc.obj
                0x10002f00                ShiftReg::update()
 .text._ZN8ShiftReg7set_bitE4Pinsb
                0x10002fc4       0x20 CMakeFiles/wavemachine.dir/drivers/shiftreg.cc.obj
                0x10002fc4                ShiftReg::set_bit(Pins, bool)
 .text._ZN4UART4initEv
                0x10002fe4       0x38 CMakeFiles/wavemachine.dir/drivers/uart.cc.obj
                0x10002fe4                UART::init()
 .text._ZN4UART4MIDI9availableEv
                0x1000301c       0x10 CMakeFiles/wavemachine.dir/drivers/uart.cc.obj
                0x1000301c                UART::MIDI::available()
 .text._ZN4UART4MIDI3getEv
                0x1000302c       0x14 CMakeFiles/wavemachine.dir/drivers/uart.cc.obj
                0x1000302c                UART::MIDI::get()
 .text._ZN4UART4MIDI4sendEPhh
                0x10003040       0x34 CMakeFiles/wavemachine.dir/drivers/uart.cc.obj
                0x10003040                UART::MIDI::send(unsigned char*, unsigned char)
 .text._ZN2UI12printStartUpEv
                0x10003074       0xd8 CMakeFiles/wavemachine.dir/ui.cc.obj
                0x10003074                UI::printStartUp()
 .text._ZN2UI9calibrateEv
                0x1000314c      0x190 CMakeFiles/wavemachine.dir/ui.cc.obj
                0x1000314c                UI::calibrate()
 .text._ZN2UI6updateEv
                0x100032dc       0xb0 CMakeFiles/wavemachine.dir/ui.cc.obj
                0x100032dc                UI::update()
 .text._ZN2UI4initEv
                0x1000338c       0xe0 CMakeFiles/wavemachine.dir/ui.cc.obj
                0x1000338c                UI::init()
 .text.startup._GLOBAL__sub_I__Z10getUSBModev
                0x1000346c      0x290 CMakeFiles/wavemachine.dir/ui.cc.obj
 .text._ZN10PAGINATION7refreshEv
                0x100036fc       0x2c CMakeFiles/wavemachine.dir/pagination.cc.obj
                0x100036fc                PAGINATION::refresh()
 .text._ZN10PAGINATION6updateEv
                0x10003728       0xa0 CMakeFiles/wavemachine.dir/pagination.cc.obj
                0x10003728                PAGINATION::update()
 .text._ZN10PAGINATION4initEv
                0x100037c8        0x8 CMakeFiles/wavemachine.dir/pagination.cc.obj
                0x100037c8                PAGINATION::init()
 .text.startup._GLOBAL__sub_I__ZN10PAGINATION4initEv
                0x100037d0      0x290 CMakeFiles/wavemachine.dir/pagination.cc.obj
 .text._ZN8CONTROLS11holdButton1Ev
                0x10003a60        0x4 CMakeFiles/wavemachine.dir/controls.cc.obj
                0x10003a60                CONTROLS::holdButton1()
 .text._ZN8CONTROLS19exportCurrentPresetEv
                0x10003a64       0x1c CMakeFiles/wavemachine.dir/controls.cc.obj
                0x10003a64                CONTROLS::exportCurrentPreset()
 .text._ZN8CONTROLS13toggleButton2Ev
                0x10003a80       0x9c CMakeFiles/wavemachine.dir/controls.cc.obj
                0x10003a80                CONTROLS::toggleButton2()
 .text._ZN8CONTROLS13toggleButton1Ev
                0x10003b1c       0x78 CMakeFiles/wavemachine.dir/controls.cc.obj
                0x10003b1c                CONTROLS::toggleButton1()
 .text._ZN8CONTROLS11holdButton2Ev
                0x10003b94        0x4 CMakeFiles/wavemachine.dir/controls.cc.obj
                0x10003b94                CONTROLS::holdButton2()
 .text._ZN8CONTROLS10changePageEv
                0x10003b98       0xec CMakeFiles/wavemachine.dir/controls.cc.obj
                0x10003b98                CONTROLS::changePage()
 .text._ZN8CONTROLS21setupButtonAssignmentEv
                0x10003c84       0x54 CMakeFiles/wavemachine.dir/controls.cc.obj
                0x10003c84                CONTROLS::setupButtonAssignment()
 .text._ZN8CONTROLS21applyPresetToControlsERN6PRESET11SynthPresetE
                0x10003cd8      0x134 CMakeFiles/wavemachine.dir/controls.cc.obj
                0x10003cd8                CONTROLS::applyPresetToControls(PRESET::SynthPreset&)
 .text._ZN8CONTROLS25extractPresetFromControlsERN6PRESET11SynthPresetE
                0x10003e0c      0x114 CMakeFiles/wavemachine.dir/controls.cc.obj
                0x10003e0c                CONTROLS::extractPresetFromControls(PRESET::SynthPreset&)
 .text._ZN8CONTROLS16exportAllPresetsEv
                0x10003f20       0x1c CMakeFiles/wavemachine.dir/controls.cc.obj
                0x10003f20                CONTROLS::exportAllPresets()
 .text._ZN8CONTROLS7getPageEv
                0x10003f3c       0x1c CMakeFiles/wavemachine.dir/controls.cc.obj
                0x10003f3c                CONTROLS::getPage()
 .text._ZN8CONTROLS7setKnobEhhtb
                0x10003f58      0x290 CMakeFiles/wavemachine.dir/controls.cc.obj
                0x10003f58                CONTROLS::setKnob(unsigned char, unsigned char, unsigned short, bool)
 .text._ZN8CONTROLS7getKnobEhh
                0x100041e8       0x74 CMakeFiles/wavemachine.dir/controls.cc.obj
                0x100041e8                CONTROLS::getKnob(unsigned char, unsigned char)
 .text._ZN8CONTROLS16refreshInterfaceEv
                0x1000425c       0xc4 CMakeFiles/wavemachine.dir/controls.cc.obj
                0x1000425c                CONTROLS::refreshInterface()
 .text._ZN8CONTROLS18loadPresetFromSlotEh
                0x10004320      0x20c CMakeFiles/wavemachine.dir/controls.cc.obj
                0x10004320                CONTROLS::loadPresetFromSlot(unsigned char)
 .text._ZN8CONTROLS4initEv
                0x1000452c       0x60 CMakeFiles/wavemachine.dir/controls.cc.obj
                0x1000452c                CONTROLS::init()
 .text._ZN8CONTROLS12changePresetEv
                0x1000458c       0x9c CMakeFiles/wavemachine.dir/controls.cc.obj
                0x1000458c                CONTROLS::changePreset()
 .text._ZN8CONTROLS6updateEv
                0x10004628      0x240 CMakeFiles/wavemachine.dir/controls.cc.obj
                0x10004628                CONTROLS::update()
 .text.startup._GLOBAL__sub_I__ZN8CONTROLS7ControlE
                0x10004868      0x568 CMakeFiles/wavemachine.dir/controls.cc.obj
 .text._ZN6PRESET4initEv
                0x10004dd0        0x8 CMakeFiles/wavemachine.dir/preset.cc.obj
                0x10004dd0                PRESET::init()
 .text._ZN6PRESET4loadEhRNS_11SynthPresetE
                0x10004dd8       0x4c CMakeFiles/wavemachine.dir/preset.cc.obj
                0x10004dd8                PRESET::load(unsigned char, PRESET::SynthPreset&)
 .text._ZN6PRESET14exportViaSysExERKNS_11SynthPresetE
                0x10004e24       0xa8 CMakeFiles/wavemachine.dir/preset.cc.obj
                0x10004e24                PRESET::exportViaSysEx(PRESET::SynthPreset const&)
 .text._ZN6PRESET9printDataERKNS_11SynthPresetE
                0x10004ecc      0x2d0 CMakeFiles/wavemachine.dir/preset.cc.obj
                0x10004ecc                PRESET::printData(PRESET::SynthPreset const&)
 .text._ZN6PRESET4saveEhRNS_11SynthPresetE
                0x1000519c       0x4c CMakeFiles/wavemachine.dir/preset.cc.obj
                0x1000519c                PRESET::save(unsigned char, PRESET::SynthPreset&)
 .text.startup._GLOBAL__sub_I__ZN6PRESET4initEv
                0x100051e8      0x290 CMakeFiles/wavemachine.dir/preset.cc.obj
 .text._ZN5QUEUE4initEv
                0x10005478       0x30 CMakeFiles/wavemachine.dir/queue.cc.obj
                0x10005478                QUEUE::init()
 .text._ZN5QUEUE11triggerSendEhhb
                0x100054a8       0x1c CMakeFiles/wavemachine.dir/queue.cc.obj
                0x100054a8                QUEUE::triggerSend(unsigned char, unsigned char, bool)
 .text._ZN5QUEUE14triggerReceiveERhS0_Rb
                0x100054c4       0x30 CMakeFiles/wavemachine.dir/queue.cc.obj
                0x100054c4                QUEUE::triggerReceive(unsigned char&, unsigned char&, bool&)
 .text._ZN5QUEUE17triggerCheckQueueEv
                0x100054f4       0x3c CMakeFiles/wavemachine.dir/queue.cc.obj
                0x100054f4                QUEUE::triggerCheckQueue()
 .text._ZN5QUEUE11releaseSendEh
                0x10005530       0x18 CMakeFiles/wavemachine.dir/queue.cc.obj
                0x10005530                QUEUE::releaseSend(unsigned char)
 .text._ZN5QUEUE14releaseReceiveEv
                0x10005548       0x1c CMakeFiles/wavemachine.dir/queue.cc.obj
                0x10005548                QUEUE::releaseReceive()
 .text._ZN5QUEUE17releaseCheckQueueEv
                0x10005564       0x18 CMakeFiles/wavemachine.dir/queue.cc.obj
                0x10005564                QUEUE::releaseCheckQueue()
 .text._ZN4MIDI19handleControlChangeEhh
                0x1000557c       0x80 CMakeFiles/wavemachine.dir/midi.cc.obj
                0x1000557c                MIDI::handleControlChange(unsigned char, unsigned char)
 .text._ZN4MIDI11sendNoteOffEhh
                0x100055fc       0x24 CMakeFiles/wavemachine.dir/midi.cc.obj
                0x100055fc                MIDI::sendNoteOff(unsigned char, unsigned char)
 .text._ZN4MIDI10sendNoteOnEhh
                0x10005620       0x24 CMakeFiles/wavemachine.dir/midi.cc.obj
                0x10005620                MIDI::sendNoteOn(unsigned char, unsigned char)
 .text._ZN4MIDI9sendSysExEjPKh
                0x10005644       0x50 CMakeFiles/wavemachine.dir/midi.cc.obj
                0x10005644                MIDI::sendSysEx(unsigned int, unsigned char const*)
 .text._ZN4MIDI15toggleClockFlagEv
                0x10005694        0x4 CMakeFiles/wavemachine.dir/midi.cc.obj
                0x10005694                MIDI::toggleClockFlag()
 .text._ZN4MIDI4initEv
                0x10005698        0xc CMakeFiles/wavemachine.dir/midi.cc.obj
                0x10005698                MIDI::init()
 .text._ZN4MIDI17handleMidiMessageERNS_11MidiMessageE
                0x100056a4      0x120 CMakeFiles/wavemachine.dir/midi.cc.obj
                0x100056a4                MIDI::handleMidiMessage(MIDI::MidiMessage&)
 .text._ZN4MIDI13usb_midi_taskEv
                0x100057c4      0x1f0 CMakeFiles/wavemachine.dir/midi.cc.obj
                0x100057c4                MIDI::usb_midi_task()
 .text._ZN4MIDI5parseEv
                0x100059b4      0x324 CMakeFiles/wavemachine.dir/midi.cc.obj
                0x100059b4                MIDI::parse()
 .text._ZN4MIDI9midi_taskEv.part.0
                0x10005cd8      0x124 CMakeFiles/wavemachine.dir/midi.cc.obj
 .text._ZN4MIDI6updateEv
                0x10005dfc       0x48 CMakeFiles/wavemachine.dir/midi.cc.obj
                0x10005dfc                MIDI::update()
 .text.startup._GLOBAL__sub_I__ZN4MIDI17handleMidiMessageERNS_11MidiMessageE
                0x10005e44      0x2a8 CMakeFiles/wavemachine.dir/midi.cc.obj
 .text._ZN4ADSR8Envelope13triggerAttackEv
                0x100060ec       0x24 CMakeFiles/wavemachine.dir/synth/adsr.cc.obj
                0x100060ec                ADSR::Envelope::triggerAttack()
 .text._ZN4ADSR8Envelope14triggerReleaseEv
                0x10006110       0x20 CMakeFiles/wavemachine.dir/synth/adsr.cc.obj
                0x10006110                ADSR::Envelope::triggerRelease()
 .text._ZN4ADSR8Envelope6updateEv
                0x10006130       0x74 CMakeFiles/wavemachine.dir/synth/adsr.cc.obj
                0x10006130                ADSR::Envelope::update()
 .text._ZN3ARP13transferNotesEv.part.0
                0x100061a4      0x108 CMakeFiles/wavemachine.dir/synth/arp.cc.obj
 .text._ZN3ARP8getStateEv
                0x100062ac        0xc CMakeFiles/wavemachine.dir/synth/arp.cc.obj
                0x100062ac                ARP::getState()
 .text._ZN3ARP8playNoteEv
                0x100062b8      0x100 CMakeFiles/wavemachine.dir/synth/arp.cc.obj
                0x100062b8                ARP::playNote()
 .text._ZN3ARP11releaseNoteEv
                0x100063b8      0x2e8 CMakeFiles/wavemachine.dir/synth/arp.cc.obj
                0x100063b8                ARP::releaseNote()
 .text._ZN3ARP10removeNoteEh
                0x100066a0      0x200 CMakeFiles/wavemachine.dir/synth/arp.cc.obj
                0x100066a0                ARP::removeNote(unsigned char)
 .text._ZN3ARP6updateEv
                0x100068a0      0x108 CMakeFiles/wavemachine.dir/synth/arp.cc.obj
                0x100068a0                ARP::update()
 .text._ZN3ARP13clearAllNotesEv
                0x100069a8       0x7c CMakeFiles/wavemachine.dir/synth/arp.cc.obj
                0x100069a8                ARP::clearAllNotes()
 .text._ZN3ARP7addNoteEhh
                0x10006a24       0xe4 CMakeFiles/wavemachine.dir/synth/arp.cc.obj
                0x10006a24                ARP::addNote(unsigned char, unsigned char)
 .text._ZN3ARP9passNotesEv
                0x10006b08       0x80 CMakeFiles/wavemachine.dir/synth/arp.cc.obj
                0x10006b08                ARP::passNotes()
 .text._ZN3ARP9grabNotesEv
                0x10006b88       0x94 CMakeFiles/wavemachine.dir/synth/arp.cc.obj
                0x10006b88                ARP::grabNotes()
 .text._ZN3ARP8setStateEb
                0x10006c1c       0x30 CMakeFiles/wavemachine.dir/synth/arp.cc.obj
                0x10006c1c                ARP::setState(bool)
 .text._ZN3ARP10toggleHoldEv
                0x10006c4c       0x1c CMakeFiles/wavemachine.dir/synth/arp.cc.obj
                0x10006c4c                ARP::toggleHold()
 .text._ZN3ARP7getHoldEv
                0x10006c68        0xc CMakeFiles/wavemachine.dir/synth/arp.cc.obj
                0x10006c68                ARP::getHold()
 .text._ZN3ARP13toggleSustainEv
                0x10006c74       0x1c CMakeFiles/wavemachine.dir/synth/arp.cc.obj
                0x10006c74                ARP::toggleSustain()
 .text._ZN3ARP11setDivisionEt
                0x10006c90       0x30 CMakeFiles/wavemachine.dir/synth/arp.cc.obj
                0x10006c90                ARP::setDivision(unsigned short)
 .text._ZN3ARP8setRangeEt
                0x10006cc0       0x1c CMakeFiles/wavemachine.dir/synth/arp.cc.obj
                0x10006cc0                ARP::setRange(unsigned short)
 .text._ZN3ARP12setDirectionEt
                0x10006cdc       0x54 CMakeFiles/wavemachine.dir/synth/arp.cc.obj
                0x10006cdc                ARP::setDirection(unsigned short)
 .text._ZN3ARP7setGateEt
                0x10006d30       0x1c CMakeFiles/wavemachine.dir/synth/arp.cc.obj
                0x10006d30                ARP::setGate(unsigned short)
 .text._ZN3ARP6setBPMEt
                0x10006d4c       0x24 CMakeFiles/wavemachine.dir/synth/arp.cc.obj
                0x10006d4c                ARP::setBPM(unsigned short)
 .text._ZN3ARP10setOctModeEt
                0x10006d70       0x24 CMakeFiles/wavemachine.dir/synth/arp.cc.obj
                0x10006d70                ARP::setOctMode(unsigned short)
 .text._ZN3ARP14setPlayedOrderEt
                0x10006d94       0x24 CMakeFiles/wavemachine.dir/synth/arp.cc.obj
                0x10006d94                ARP::setPlayedOrder(unsigned short)
 .text.startup._GLOBAL__sub_I__ZN3ARP10playBufferE
                0x10006db8      0x290 CMakeFiles/wavemachine.dir/synth/arp.cc.obj
 .text._ZN5CLOCK4initEv
                0x10007048       0x40 CMakeFiles/wavemachine.dir/synth/clock.cc.obj
                0x10007048                CLOCK::init()
 .text._ZN5CLOCK6setBPMEt
                0x10007088       0x48 CMakeFiles/wavemachine.dir/synth/clock.cc.obj
                0x10007088                CLOCK::setBPM(unsigned short)
 .text._ZN5CLOCK11setDivisionEh
                0x100070d0      0x11c CMakeFiles/wavemachine.dir/synth/clock.cc.obj
                0x100070d0                CLOCK::setDivision(unsigned char)
 .text._ZN5CLOCK17internalClockTickEv
                0x100071ec       0x64 CMakeFiles/wavemachine.dir/synth/clock.cc.obj
                0x100071ec                CLOCK::internalClockTick()
 .text._ZN5CLOCK12getClockTickEv
                0x10007250        0xc CMakeFiles/wavemachine.dir/synth/clock.cc.obj
                0x10007250                CLOCK::getClockTick()
 .text._ZN5CLOCK21getSamplesPerDivisionEv
                0x1000725c        0xc CMakeFiles/wavemachine.dir/synth/clock.cc.obj
                0x1000725c                CLOCK::getSamplesPerDivision()
 .text._ZN5CLOCK6updateEv
                0x10007268       0x30 CMakeFiles/wavemachine.dir/synth/clock.cc.obj
                0x10007268                CLOCK::update()
 .text._ZN5CLOCK15getClockChangedEv
                0x10007298        0xc CMakeFiles/wavemachine.dir/synth/clock.cc.obj
                0x10007298                CLOCK::getClockChanged()
 .text._ZN5CLOCK17resetClockChangedEv
                0x100072a4        0xc CMakeFiles/wavemachine.dir/synth/clock.cc.obj
                0x100072a4                CLOCK::resetClockChanged()
 .text._ZN5CLOCK13midiClockTickEv
                0x100072b0       0x50 CMakeFiles/wavemachine.dir/synth/clock.cc.obj
                0x100072b0                CLOCK::midiClockTick()
 .text._ZN5CLOCK14startMidiClockEv
                0x10007300       0x20 CMakeFiles/wavemachine.dir/synth/clock.cc.obj
                0x10007300                CLOCK::startMidiClock()
 .text._ZN5CLOCK13stopMidiClockEv
                0x10007320       0x20 CMakeFiles/wavemachine.dir/synth/clock.cc.obj
                0x10007320                CLOCK::stopMidiClock()
 .text._ZN5CLOCK17midiClockPositionEt
                0x10007340        0x4 CMakeFiles/wavemachine.dir/synth/clock.cc.obj
                0x10007340                CLOCK::midiClockPosition(unsigned short)
 .text.startup._GLOBAL__sub_I__ZN5CLOCK4initEv
                0x10007344      0x290 CMakeFiles/wavemachine.dir/synth/clock.cc.obj
 .text._ZN6FILTER4initEv
                0x100075d4       0x14 CMakeFiles/wavemachine.dir/synth/filter.cc.obj
                0x100075d4                FILTER::init()
 .text._ZN6FILTER8setStateEb
                0x100075e8       0x1c CMakeFiles/wavemachine.dir/synth/filter.cc.obj
                0x100075e8                FILTER::setState(bool)
 .text._ZN6FILTER9setCutoffEt
                0x10007604       0x10 CMakeFiles/wavemachine.dir/synth/filter.cc.obj
                0x10007604                FILTER::setCutoff(unsigned short)
 .text._ZN6FILTER12setResonanceEt
                0x10007614       0x10 CMakeFiles/wavemachine.dir/synth/filter.cc.obj
                0x10007614                FILTER::setResonance(unsigned short)
 .text._ZN6FILTER8setPunchEt
                0x10007624        0xc CMakeFiles/wavemachine.dir/synth/filter.cc.obj
                0x10007624                FILTER::setPunch(unsigned short)
 .text._ZN6FILTER7setTypeEt
                0x10007630       0x44 CMakeFiles/wavemachine.dir/synth/filter.cc.obj
                0x10007630                FILTER::setType(unsigned short)
 .text._ZN6FILTER14setTriggerModeEt
                0x10007674       0x10 CMakeFiles/wavemachine.dir/synth/filter.cc.obj
                0x10007674                FILTER::setTriggerMode(unsigned short)
 .text._ZN6FILTER14modulateCutoffEt
                0x10007684        0xc CMakeFiles/wavemachine.dir/synth/filter.cc.obj
                0x10007684                FILTER::modulateCutoff(unsigned short)
 .text._ZN6FILTER9setAttackEt
                0x10007690       0x1c CMakeFiles/wavemachine.dir/synth/filter.cc.obj
                0x10007690                FILTER::setAttack(unsigned short)
 .text._ZN6FILTER8setDecayEt
                0x100076ac       0x1c CMakeFiles/wavemachine.dir/synth/filter.cc.obj
                0x100076ac                FILTER::setDecay(unsigned short)
 .text._ZN6FILTER10setSustainEt
                0x100076c8        0xc CMakeFiles/wavemachine.dir/synth/filter.cc.obj
                0x100076c8                FILTER::setSustain(unsigned short)
 .text._ZN6FILTER10setReleaseEt
                0x100076d4       0x1c CMakeFiles/wavemachine.dir/synth/filter.cc.obj
                0x100076d4                FILTER::setRelease(unsigned short)
 .text._ZN6FILTER14voicesIncreaseEv
                0x100076f0       0x2c CMakeFiles/wavemachine.dir/synth/filter.cc.obj
                0x100076f0                FILTER::voicesIncrease()
 .text._ZN6FILTER14voicesDecreaseEv
                0x1000771c       0x2c CMakeFiles/wavemachine.dir/synth/filter.cc.obj
                0x1000771c                FILTER::voicesDecrease()
 .text._ZN6FILTER13triggerAttackEv
                0x10007748       0x48 CMakeFiles/wavemachine.dir/synth/filter.cc.obj
                0x10007748                FILTER::triggerAttack()
 .text._ZN6FILTER14triggerReleaseEv
                0x10007790       0x30 CMakeFiles/wavemachine.dir/synth/filter.cc.obj
                0x10007790                FILTER::triggerRelease()
 .text._ZN6FILTER7processERl
                0x100077c0      0x148 CMakeFiles/wavemachine.dir/synth/filter.cc.obj
                0x100077c0                FILTER::process(long&)
 .text.startup._GLOBAL__sub_I__ZN6FILTER4initEv
                0x10007908       0x3c CMakeFiles/wavemachine.dir/synth/filter.cc.obj
 .text._ZN2FX8SOFTCLIP7setGainEt
                0x10007944       0x18 CMakeFiles/wavemachine.dir/synth/fx.cc.obj
                0x10007944                FX::SOFTCLIP::setGain(unsigned short)
 .text._ZN2FX8SOFTCLIP7processERl
                0x1000795c       0x54 CMakeFiles/wavemachine.dir/synth/fx.cc.obj
                0x1000795c                FX::SOFTCLIP::process(long&)
 .text._ZN2FX8HARDCLIP9process16ERl
                0x100079b0        0x4 CMakeFiles/wavemachine.dir/synth/fx.cc.obj
                0x100079b0                FX::HARDCLIP::process16(long&)
 .text._ZN2FX8HARDCLIP7processERl
                0x100079b4        0x4 CMakeFiles/wavemachine.dir/synth/fx.cc.obj
                0x100079b4                FX::HARDCLIP::process(long&)
 .text._ZN3MOD4initEv
                0x100079b8       0x2c CMakeFiles/wavemachine.dir/synth/modulation.cc.obj
                0x100079b8                MOD::init()
 .text._ZN3MOD6updateEv
                0x100079e4      0x188 CMakeFiles/wavemachine.dir/synth/modulation.cc.obj
                0x100079e4                MOD::update()
 .text._ZN3MOD8setStateEb
                0x10007b6c       0x94 CMakeFiles/wavemachine.dir/synth/modulation.cc.obj
                0x10007b6c                MOD::setState(bool)
 .text._ZN3MOD8setShapeEt
                0x10007c00       0x24 CMakeFiles/wavemachine.dir/synth/modulation.cc.obj
                0x10007c00                MOD::setShape(unsigned short)
 .text._ZN3MOD8setDepthEt
                0x10007c24       0x10 CMakeFiles/wavemachine.dir/synth/modulation.cc.obj
                0x10007c24                MOD::setDepth(unsigned short)
 .text._ZN3MOD7setRateEt
                0x10007c34       0x24 CMakeFiles/wavemachine.dir/synth/modulation.cc.obj
                0x10007c34                MOD::setRate(unsigned short)
 .text._ZN3MOD9setMatrixEt
                0x10007c58        0xc CMakeFiles/wavemachine.dir/synth/modulation.cc.obj
                0x10007c58                MOD::setMatrix(unsigned short)
 .text._ZN3MOD9setAttackEt
                0x10007c64       0x1c CMakeFiles/wavemachine.dir/synth/modulation.cc.obj
                0x10007c64                MOD::setAttack(unsigned short)
 .text._ZN3MOD8setDecayEt
                0x10007c80       0x1c CMakeFiles/wavemachine.dir/synth/modulation.cc.obj
                0x10007c80                MOD::setDecay(unsigned short)
 .text._ZN3MOD10setSustainEt
                0x10007c9c        0xc CMakeFiles/wavemachine.dir/synth/modulation.cc.obj
                0x10007c9c                MOD::setSustain(unsigned short)
 .text._ZN3MOD10setReleaseEt
                0x10007ca8       0x1c CMakeFiles/wavemachine.dir/synth/modulation.cc.obj
                0x10007ca8                MOD::setRelease(unsigned short)
 .text._ZN3MOD14voicesIncreaseEv
                0x10007cc4       0x30 CMakeFiles/wavemachine.dir/synth/modulation.cc.obj
                0x10007cc4                MOD::voicesIncrease()
 .text._ZN3MOD14voicesDecreaseEv
                0x10007cf4       0x30 CMakeFiles/wavemachine.dir/synth/modulation.cc.obj
                0x10007cf4                MOD::voicesDecrease()
 .text._ZN3MOD13triggerAttackEv
                0x10007d24       0x28 CMakeFiles/wavemachine.dir/synth/modulation.cc.obj
                0x10007d24                MOD::triggerAttack()
 .text._ZN3MOD14triggerReleaseEv
                0x10007d4c       0x30 CMakeFiles/wavemachine.dir/synth/modulation.cc.obj
                0x10007d4c                MOD::triggerRelease()
 .text.startup._GLOBAL__sub_I__ZN3MOD10Modulation4initEv
                0x10007d7c      0x2e0 CMakeFiles/wavemachine.dir/synth/modulation.cc.obj
 .text._ZN13NOTE_HANDLING7voiceOnEhhh
                0x1000805c       0x38 CMakeFiles/wavemachine.dir/synth/note_handling.cc.obj
                0x1000805c                NOTE_HANDLING::voiceOn(unsigned char, unsigned char, unsigned char)
 .text._ZN13NOTE_HANDLING8voiceOffEhhh
                0x10008094       0x20 CMakeFiles/wavemachine.dir/synth/note_handling.cc.obj
                0x10008094                NOTE_HANDLING::voiceOff(unsigned char, unsigned char, unsigned char)
 .text._ZN13NOTE_HANDLING18voicesCheckSustainEh
                0x100080b4       0x14 CMakeFiles/wavemachine.dir/synth/note_handling.cc.obj
                0x100080b4                NOTE_HANDLING::voicesCheckSustain(unsigned char)
 .text._ZN13NOTE_HANDLING16voicesActiveNoteEh
                0x100080c8       0x1c CMakeFiles/wavemachine.dir/synth/note_handling.cc.obj
                0x100080c8                NOTE_HANDLING::voicesActiveNote(unsigned char)
 .text._ZN13NOTE_HANDLING10voicesStopEv
                0x100080e4       0x18 CMakeFiles/wavemachine.dir/synth/note_handling.cc.obj
                0x100080e4                NOTE_HANDLING::voicesStop()
 .text._ZN13NOTE_HANDLING8priorityEhh
                0x100080fc      0x2d8 CMakeFiles/wavemachine.dir/synth/note_handling.cc.obj
                0x100080fc                NOTE_HANDLING::priority(unsigned char, unsigned char)
 .text._ZN13NOTE_HANDLING6updateEv
                0x100083d4      0x290 CMakeFiles/wavemachine.dir/synth/note_handling.cc.obj
                0x100083d4                NOTE_HANDLING::update()
 .text._ZN13NOTE_HANDLING6noteOnEhh
                0x10008664       0x24 CMakeFiles/wavemachine.dir/synth/note_handling.cc.obj
                0x10008664                NOTE_HANDLING::noteOn(unsigned char, unsigned char)
 .text._ZN13NOTE_HANDLING7noteOffEhh
                0x10008688      0x1a0 CMakeFiles/wavemachine.dir/synth/note_handling.cc.obj
                0x10008688                NOTE_HANDLING::noteOff(unsigned char, unsigned char)
 .text._ZN13NOTE_HANDLING15setSustainPedalEt
                0x10008828       0x40 CMakeFiles/wavemachine.dir/synth/note_handling.cc.obj
                0x10008828                NOTE_HANDLING::setSustainPedal(unsigned short)
 .text.startup._GLOBAL__sub_I__ZN13NOTE_HANDLING7voiceOnEhhh
                0x10008868      0x290 CMakeFiles/wavemachine.dir/synth/note_handling.cc.obj
 .text._Z12getFrequencyh
                0x10008af8        0xc CMakeFiles/wavemachine.dir/synth/resources.cc.obj
                0x10008af8                getFrequency(unsigned char)
 .text._Z20exponentialFrequencyt
                0x10008b04        0xc CMakeFiles/wavemachine.dir/synth/resources.cc.obj
                0x10008b04                exponentialFrequency(unsigned short)
 .text._Z10filterDampt
                0x10008b10        0xc CMakeFiles/wavemachine.dir/synth/resources.cc.obj
                0x10008b10                filterDamp(unsigned short)
 .text._Z16logarithmicPitcht
                0x10008b1c        0xc CMakeFiles/wavemachine.dir/synth/resources.cc.obj
                0x10008b1c                logarithmicPitch(unsigned short)
 .text._Z16logPotentiometert
                0x10008b28        0xc CMakeFiles/wavemachine.dir/synth/resources.cc.obj
                0x10008b28                logPotentiometer(unsigned short)
 .text._ZN5SYNTH7voiceOnEhh
                0x10008b34       0x6c CMakeFiles/wavemachine.dir/synth/synth.cc.obj
                0x10008b34                SYNTH::voiceOn(unsigned char, unsigned char)
 .text._ZN5SYNTH8voiceOffEh
                0x10008ba0       0x40 CMakeFiles/wavemachine.dir/synth/synth.cc.obj
                0x10008ba0                SYNTH::voiceOff(unsigned char)
 .text._ZN5SYNTH4initEv
                0x10008be0        0xc CMakeFiles/wavemachine.dir/synth/synth.cc.obj
                0x10008be0                SYNTH::init()
 .text._ZN5SYNTH7processEv
                0x10008bec      0x184 CMakeFiles/wavemachine.dir/synth/synth.cc.obj
                0x10008bec                SYNTH::process()
 .text._ZN5SYNTH19calculateIncrementsEv
                0x10008d70      0x350 CMakeFiles/wavemachine.dir/synth/synth.cc.obj
                0x10008d70                SYNTH::calculateIncrements()
 .text._ZN5SYNTH12setWaveShapeEt
                0x100090c0       0x10 CMakeFiles/wavemachine.dir/synth/synth.cc.obj
                0x100090c0                SYNTH::setWaveShape(unsigned short)
 .text._ZN5SYNTH13setWaveVectorEt
                0x100090d0        0xc CMakeFiles/wavemachine.dir/synth/synth.cc.obj
                0x100090d0                SYNTH::setWaveVector(unsigned short)
 .text._ZN5SYNTH9setOctaveEt
                0x100090dc        0xc CMakeFiles/wavemachine.dir/synth/synth.cc.obj
                0x100090dc                SYNTH::setOctave(unsigned short)
 .text._ZN5SYNTH12setPitchBendEt
                0x100090e8       0x1c CMakeFiles/wavemachine.dir/synth/synth.cc.obj
                0x100090e8                SYNTH::setPitchBend(unsigned short)
 .text._ZN5SYNTH9setAttackEt
                0x10009104       0x1c CMakeFiles/wavemachine.dir/synth/synth.cc.obj
                0x10009104                SYNTH::setAttack(unsigned short)
 .text._ZN5SYNTH8setDecayEt
                0x10009120       0x1c CMakeFiles/wavemachine.dir/synth/synth.cc.obj
                0x10009120                SYNTH::setDecay(unsigned short)
 .text._ZN5SYNTH10setSustainEt
                0x1000913c        0xc CMakeFiles/wavemachine.dir/synth/synth.cc.obj
                0x1000913c                SYNTH::setSustain(unsigned short)
 .text._ZN5SYNTH10setReleaseEt
                0x10009148       0x1c CMakeFiles/wavemachine.dir/synth/synth.cc.obj
                0x10009148                SYNTH::setRelease(unsigned short)
 .text._ZN5SYNTH15modulateVibratoEt
                0x10009164       0x24 CMakeFiles/wavemachine.dir/synth/synth.cc.obj
                0x10009164                SYNTH::modulateVibrato(unsigned short)
 .text._ZN5SYNTH15modulateTremeloEt
                0x10009188        0xc CMakeFiles/wavemachine.dir/synth/synth.cc.obj
                0x10009188                SYNTH::modulateTremelo(unsigned short)
 .text._ZN5SYNTH14modulateVectorEt
                0x10009194        0xc CMakeFiles/wavemachine.dir/synth/synth.cc.obj
                0x10009194                SYNTH::modulateVector(unsigned short)
 .text._ZN5SYNTH8setNoiseEt
                0x100091a0        0xc CMakeFiles/wavemachine.dir/synth/synth.cc.obj
                0x100091a0                SYNTH::setNoise(unsigned short)
 .text._ZN5SYNTH9setDetuneEt
                0x100091ac       0x1c CMakeFiles/wavemachine.dir/synth/synth.cc.obj
                0x100091ac                SYNTH::setDetune(unsigned short)
 .text._ZN5SYNTH11setOsc2WaveEt
                0x100091c8       0x10 CMakeFiles/wavemachine.dir/synth/synth.cc.obj
                0x100091c8                SYNTH::setOsc2Wave(unsigned short)
 .text.startup._GLOBAL__sub_I__ZN5SYNTH7voiceOnEhh
                0x100091d8      0x26c CMakeFiles/wavemachine.dir/synth/synth.cc.obj
 .text.tud_msc_inquiry_cb
                0x10009444       0x64 CMakeFiles/wavemachine.dir/msc_disk.cc.obj
                0x10009444                tud_msc_inquiry_cb
 .text.tud_msc_test_unit_ready_cb
                0x100094a8       0x24 CMakeFiles/wavemachine.dir/msc_disk.cc.obj
                0x100094a8                tud_msc_test_unit_ready_cb
 .text.tud_msc_capacity_cb
                0x100094cc        0xc CMakeFiles/wavemachine.dir/msc_disk.cc.obj
                0x100094cc                tud_msc_capacity_cb
 .text.tud_msc_start_stop_cb
                0x100094d8       0x18 CMakeFiles/wavemachine.dir/msc_disk.cc.obj
                0x100094d8                tud_msc_start_stop_cb
 .text.tud_msc_read10_cb
                0x100094f0       0x24 CMakeFiles/wavemachine.dir/msc_disk.cc.obj
                0x100094f0                tud_msc_read10_cb
 .text.tud_msc_is_writable_cb
                0x10009514        0x4 CMakeFiles/wavemachine.dir/msc_disk.cc.obj
                0x10009514                tud_msc_is_writable_cb
 .text.tud_msc_write10_cb
                0x10009518       0x28 CMakeFiles/wavemachine.dir/msc_disk.cc.obj
                0x10009518                tud_msc_write10_cb
 .text.tud_msc_scsi_cb
                0x10009540       0x14 CMakeFiles/wavemachine.dir/msc_disk.cc.obj
                0x10009540                tud_msc_scsi_cb
 .text.gpio_set_function
                0x10009554       0x34 CMakeFiles/wavemachine.dir/Users/nickallott/.pico-sdk/sdk/2.0.0/src/rp2_common/hardware_gpio/gpio.c.obj
                0x10009554                gpio_set_function
 .text.gpio_set_pulls
                0x10009588       0x28 CMakeFiles/wavemachine.dir/Users/nickallott/.pico-sdk/sdk/2.0.0/src/rp2_common/hardware_gpio/gpio.c.obj
                0x10009588                gpio_set_pulls
 .text.gpio_set_slew_rate
                0x100095b0       0x20 CMakeFiles/wavemachine.dir/Users/nickallott/.pico-sdk/sdk/2.0.0/src/rp2_common/hardware_gpio/gpio.c.obj
                0x100095b0                gpio_set_slew_rate
 .text.gpio_set_drive_strength
                0x100095d0       0x24 CMakeFiles/wavemachine.dir/Users/nickallott/.pico-sdk/sdk/2.0.0/src/rp2_common/hardware_gpio/gpio.c.obj
                0x100095d0                gpio_set_drive_strength
 .text.gpio_set_input_enabled
                0x100095f4       0x28 CMakeFiles/wavemachine.dir/Users/nickallott/.pico-sdk/sdk/2.0.0/src/rp2_common/hardware_gpio/gpio.c.obj
                0x100095f4                gpio_set_input_enabled
 .text.gpio_init
                0x1000961c       0x40 CMakeFiles/wavemachine.dir/Users/nickallott/.pico-sdk/sdk/2.0.0/src/rp2_common/hardware_gpio/gpio.c.obj
                0x1000961c                gpio_init
 .text.rp2040_chip_version
                0x1000965c        0xc CMakeFiles/wavemachine.dir/Users/nickallott/.pico-sdk/sdk/2.0.0/src/rp2040/pico_platform/platform.c.obj
                0x1000965c                rp2040_chip_version
 .text.panic    0x10009668       0x30 CMakeFiles/wavemachine.dir/Users/nickallott/.pico-sdk/sdk/2.0.0/src/rp2_common/pico_platform_panic/panic.c.obj
                0x10009668                panic
 .text.hw_claim_lock
                0x10009698       0x18 CMakeFiles/wavemachine.dir/Users/nickallott/.pico-sdk/sdk/2.0.0/src/common/hardware_claim/claim.c.obj
                0x10009698                hw_claim_lock
 .text.hw_claim_unlock
                0x100096b0       0x14 CMakeFiles/wavemachine.dir/Users/nickallott/.pico-sdk/sdk/2.0.0/src/common/hardware_claim/claim.c.obj
                0x100096b0                hw_claim_unlock
 .text.hw_claim_or_assert
                0x100096c4       0x44 CMakeFiles/wavemachine.dir/Users/nickallott/.pico-sdk/sdk/2.0.0/src/common/hardware_claim/claim.c.obj
                0x100096c4                hw_claim_or_assert
 .text.hw_claim_unused_from_range
                0x10009708       0x9c CMakeFiles/wavemachine.dir/Users/nickallott/.pico-sdk/sdk/2.0.0/src/common/hardware_claim/claim.c.obj
                0x10009708                hw_claim_unused_from_range
 .text.next_striped_spin_lock_num
                0x100097a4       0x18 CMakeFiles/wavemachine.dir/Users/nickallott/.pico-sdk/sdk/2.0.0/src/rp2_common/hardware_sync/sync.c.obj
                0x100097a4                next_striped_spin_lock_num
 .text.spin_lock_claim_unused
                0x100097bc       0x24 CMakeFiles/wavemachine.dir/Users/nickallott/.pico-sdk/sdk/2.0.0/src/rp2_common/hardware_sync/sync.c.obj
                0x100097bc                spin_lock_claim_unused
 .text.spin_locks_reset
                0x100097e0       0x1c CMakeFiles/wavemachine.dir/Users/nickallott/.pico-sdk/sdk/2.0.0/src/rp2_common/hardware_sync_spin_lock/sync_spin_lock.c.obj
                0x100097e0                spin_locks_reset
 .text.runtime_init_per_core_irq_priorities
                0x100097fc       0x24 CMakeFiles/wavemachine.dir/Users/nickallott/.pico-sdk/sdk/2.0.0/src/rp2_common/hardware_irq/irq.c.obj
                0x100097fc                runtime_init_per_core_irq_priorities
 .text.irq_set_enabled
                0x10009820       0x24 CMakeFiles/wavemachine.dir/Users/nickallott/.pico-sdk/sdk/2.0.0/src/rp2_common/hardware_irq/irq.c.obj
                0x10009820                irq_set_enabled
 .text.irq_is_enabled
                0x10009844       0x18 CMakeFiles/wavemachine.dir/Users/nickallott/.pico-sdk/sdk/2.0.0/src/rp2_common/hardware_irq/irq.c.obj
                0x10009844                irq_is_enabled
 .text.irq_set_exclusive_handler
                0x1000985c       0x54 CMakeFiles/wavemachine.dir/Users/nickallott/.pico-sdk/sdk/2.0.0/src/rp2_common/hardware_irq/irq.c.obj
                0x1000985c                irq_set_exclusive_handler
 .text.irq_add_shared_handler
                0x100098b0      0x1f4 CMakeFiles/wavemachine.dir/Users/nickallott/.pico-sdk/sdk/2.0.0/src/rp2_common/hardware_irq/irq.c.obj
                0x100098b0                irq_add_shared_handler
 .text.irq_remove_handler
                0x10009aa4      0x1d4 CMakeFiles/wavemachine.dir/Users/nickallott/.pico-sdk/sdk/2.0.0/src/rp2_common/hardware_irq/irq.c.obj
                0x10009aa4                irq_remove_handler
 .text.irq_add_tail_to_free_list
                0x10009c78       0xb4 CMakeFiles/wavemachine.dir/Users/nickallott/.pico-sdk/sdk/2.0.0/src/rp2_common/hardware_irq/irq.c.obj
                0x10009c78                irq_add_tail_to_free_list
 .text.lock_init
                0x10009d2c       0x10 CMakeFiles/wavemachine.dir/Users/nickallott/.pico-sdk/sdk/2.0.0/src/common/pico_sync/lock_core.c.obj
                0x10009d2c                lock_init
 .text.runtime_init_mutex
                0x10009d3c       0x50 CMakeFiles/wavemachine.dir/Users/nickallott/.pico-sdk/sdk/2.0.0/src/common/pico_sync/mutex.c.obj
                0x10009d3c                runtime_init_mutex
 .text.mutex_init
                0x10009d8c       0x1c CMakeFiles/wavemachine.dir/Users/nickallott/.pico-sdk/sdk/2.0.0/src/common/pico_sync/mutex.c.obj
                0x10009d8c                mutex_init
 .text.critical_section_init
                0x10009da8       0x1c CMakeFiles/wavemachine.dir/Users/nickallott/.pico-sdk/sdk/2.0.0/src/common/pico_sync/critical_section.c.obj
                0x10009da8                critical_section_init
 .text.sleep_until_callback
                0x10009dc4       0x30 CMakeFiles/wavemachine.dir/Users/nickallott/.pico-sdk/sdk/2.0.0/src/common/pico_time/time.c.obj
 .text.alarm_pool_irq_handler
                0x10009df4      0x2e4 CMakeFiles/wavemachine.dir/Users/nickallott/.pico-sdk/sdk/2.0.0/src/common/pico_time/time.c.obj
 .text.runtime_init_default_alarm_pool
                0x1000a0d8       0xdc CMakeFiles/wavemachine.dir/Users/nickallott/.pico-sdk/sdk/2.0.0/src/common/pico_time/time.c.obj
                0x1000a0d8                runtime_init_default_alarm_pool
 .text.alarm_pool_add_alarm_at_force_in_context
                0x1000a1b4       0xb0 CMakeFiles/wavemachine.dir/Users/nickallott/.pico-sdk/sdk/2.0.0/src/common/pico_time/time.c.obj
                0x1000a1b4                alarm_pool_add_alarm_at_force_in_context
 .text.alarm_pool_cancel_alarm
                0x1000a264       0x74 CMakeFiles/wavemachine.dir/Users/nickallott/.pico-sdk/sdk/2.0.0/src/common/pico_time/time.c.obj
                0x1000a264                alarm_pool_cancel_alarm
 .text.sleep_until
                0x1000a2d8       0xd8 CMakeFiles/wavemachine.dir/Users/nickallott/.pico-sdk/sdk/2.0.0/src/common/pico_time/time.c.obj
                0x1000a2d8                sleep_until
 .text.sleep_us
                0x1000a3b0       0x28 CMakeFiles/wavemachine.dir/Users/nickallott/.pico-sdk/sdk/2.0.0/src/common/pico_time/time.c.obj
                0x1000a3b0                sleep_us
 .text.sleep_ms
                0x1000a3d8       0x38 CMakeFiles/wavemachine.dir/Users/nickallott/.pico-sdk/sdk/2.0.0/src/common/pico_time/time.c.obj
                0x1000a3d8                sleep_ms
 .text.best_effort_wfe_or_timeout
                0x1000a410      0x134 CMakeFiles/wavemachine.dir/Users/nickallott/.pico-sdk/sdk/2.0.0/src/common/pico_time/time.c.obj
                0x1000a410                best_effort_wfe_or_timeout
 .text.timer_hardware_alarm_claim
                0x1000a544       0x14 CMakeFiles/wavemachine.dir/Users/nickallott/.pico-sdk/sdk/2.0.0/src/rp2_common/hardware_timer/timer.c.obj
                0x1000a544                timer_hardware_alarm_claim
 .text.timer_time_us_64
                0x1000a558       0x10 CMakeFiles/wavemachine.dir/Users/nickallott/.pico-sdk/sdk/2.0.0/src/rp2_common/hardware_timer/timer.c.obj
                0x1000a558                timer_time_us_64
 .text.time_us_64
                0x1000a568       0x14 CMakeFiles/wavemachine.dir/Users/nickallott/.pico-sdk/sdk/2.0.0/src/rp2_common/hardware_timer/timer.c.obj
                0x1000a568                time_us_64
 .text.busy_wait_us
                0x1000a57c       0x68 CMakeFiles/wavemachine.dir/Users/nickallott/.pico-sdk/sdk/2.0.0/src/rp2_common/hardware_timer/timer.c.obj
                0x1000a57c                busy_wait_us
 .text.busy_wait_until
                0x1000a5e4       0x20 CMakeFiles/wavemachine.dir/Users/nickallott/.pico-sdk/sdk/2.0.0/src/rp2_common/hardware_timer/timer.c.obj
                0x1000a5e4                busy_wait_until
 .text.queue_init_with_spinlock
                0x1000a604       0x24 CMakeFiles/wavemachine.dir/Users/nickallott/.pico-sdk/sdk/2.0.0/src/common/pico_util/queue.c.obj
                0x1000a604                queue_init_with_spinlock
 .text.queue_try_add
                0x1000a628       0x70 CMakeFiles/wavemachine.dir/Users/nickallott/.pico-sdk/sdk/2.0.0/src/common/pico_util/queue.c.obj
                0x1000a628                queue_try_add
 .text.queue_try_remove
                0x1000a698       0x74 CMakeFiles/wavemachine.dir/Users/nickallott/.pico-sdk/sdk/2.0.0/src/common/pico_util/queue.c.obj
                0x1000a698                queue_try_remove
 .text.queue_add_blocking
                0x1000a70c       0x74 CMakeFiles/wavemachine.dir/Users/nickallott/.pico-sdk/sdk/2.0.0/src/common/pico_util/queue.c.obj
                0x1000a70c                queue_add_blocking
 .text.uart_init
                0x1000a780      0x120 CMakeFiles/wavemachine.dir/Users/nickallott/.pico-sdk/sdk/2.0.0/src/rp2_common/hardware_uart/uart.c.obj
                0x1000a780                uart_init
 .text.uart_set_fifo_enabled
                0x1000a8a0       0x5c CMakeFiles/wavemachine.dir/Users/nickallott/.pico-sdk/sdk/2.0.0/src/rp2_common/hardware_uart/uart.c.obj
                0x1000a8a0                uart_set_fifo_enabled
 .text.uart_set_translate_crlf
                0x1000a8fc       0x28 CMakeFiles/wavemachine.dir/Users/nickallott/.pico-sdk/sdk/2.0.0/src/rp2_common/hardware_uart/uart.c.obj
                0x1000a8fc                uart_set_translate_crlf
 .text.clock_configure_int_divider
                0x1000a924       0xf4 CMakeFiles/wavemachine.dir/Users/nickallott/.pico-sdk/sdk/2.0.0/src/rp2_common/hardware_clocks/clocks.c.obj
                0x1000a924                clock_configure_int_divider
 .text.clock_configure_undivided
                0x1000aa18       0xe8 CMakeFiles/wavemachine.dir/Users/nickallott/.pico-sdk/sdk/2.0.0/src/rp2_common/hardware_clocks/clocks.c.obj
                0x1000aa18                clock_configure_undivided
 .text.clock_get_hz
                0x1000ab00        0xc CMakeFiles/wavemachine.dir/Users/nickallott/.pico-sdk/sdk/2.0.0/src/rp2_common/hardware_clocks/clocks.c.obj
                0x1000ab00                clock_get_hz
 .text.set_sys_clock_pll
                0x1000ab0c      0x1b8 CMakeFiles/wavemachine.dir/Users/nickallott/.pico-sdk/sdk/2.0.0/src/rp2_common/hardware_clocks/clocks.c.obj
                0x1000ab0c                set_sys_clock_pll
 .text.check_sys_clock_khz
                0x1000acc4      0x234 CMakeFiles/wavemachine.dir/Users/nickallott/.pico-sdk/sdk/2.0.0/src/rp2_common/hardware_clocks/clocks.c.obj
                0x1000acc4                check_sys_clock_khz
 .text.pll_init
                0x1000aef8       0xa4 CMakeFiles/wavemachine.dir/Users/nickallott/.pico-sdk/sdk/2.0.0/src/rp2_common/hardware_pll/pll.c.obj
                0x1000aef8                pll_init
 .text.tick_start
                0x1000af9c       0x10 CMakeFiles/wavemachine.dir/Users/nickallott/.pico-sdk/sdk/2.0.0/src/rp2_common/hardware_ticks/ticks.c.obj
                0x1000af9c                tick_start
 .text.xosc_init
                0x1000afac       0x28 CMakeFiles/wavemachine.dir/Users/nickallott/.pico-sdk/sdk/2.0.0/src/rp2_common/hardware_xosc/xosc.c.obj
                0x1000afac                xosc_init
 .text.first_per_core_initializer
                0x1000afd4        0x4 CMakeFiles/wavemachine.dir/Users/nickallott/.pico-sdk/sdk/2.0.0/src/rp2_common/pico_runtime/runtime.c.obj
 .text.hard_assertion_failure
                0x1000afd8        0xc CMakeFiles/wavemachine.dir/Users/nickallott/.pico-sdk/sdk/2.0.0/src/rp2_common/pico_runtime/runtime.c.obj
                0x1000afd8                hard_assertion_failure
 .text.runtime_run_initializers
                0x1000afe4       0x28 CMakeFiles/wavemachine.dir/Users/nickallott/.pico-sdk/sdk/2.0.0/src/rp2_common/pico_runtime/runtime.c.obj
                0x1000afe4                runtime_run_initializers
 .text.runtime_run_per_core_initializers
                0x1000b00c       0x28 CMakeFiles/wavemachine.dir/Users/nickallott/.pico-sdk/sdk/2.0.0/src/rp2_common/pico_runtime/runtime.c.obj
                0x1000b00c                runtime_run_per_core_initializers
 .text.runtime_init_early_resets
                0x1000b034       0x2c CMakeFiles/wavemachine.dir/Users/nickallott/.pico-sdk/sdk/2.0.0/src/rp2_common/pico_runtime_init/runtime_init.c.obj
                0x1000b034                runtime_init_early_resets
 .text.runtime_init_usb_power_down
                0x1000b060       0x1c CMakeFiles/wavemachine.dir/Users/nickallott/.pico-sdk/sdk/2.0.0/src/rp2_common/pico_runtime_init/runtime_init.c.obj
                0x1000b060                runtime_init_usb_power_down
 .text.runtime_init_post_clock_resets
                0x1000b07c       0x20 CMakeFiles/wavemachine.dir/Users/nickallott/.pico-sdk/sdk/2.0.0/src/rp2_common/pico_runtime_init/runtime_init.c.obj
                0x1000b07c                runtime_init_post_clock_resets
 .text.runtime_init_rp2040_gpio_ie_disable
                0x1000b09c       0x14 CMakeFiles/wavemachine.dir/Users/nickallott/.pico-sdk/sdk/2.0.0/src/rp2_common/pico_runtime_init/runtime_init.c.obj
                0x1000b09c                runtime_init_rp2040_gpio_ie_disable
 .text.runtime_init_spin_locks_reset
                0x1000b0b0        0x8 CMakeFiles/wavemachine.dir/Users/nickallott/.pico-sdk/sdk/2.0.0/src/rp2_common/pico_runtime_init/runtime_init.c.obj
                0x1000b0b0                runtime_init_spin_locks_reset
 .text.runtime_init_install_ram_vector_table
                0x1000b0b8       0x1c CMakeFiles/wavemachine.dir/Users/nickallott/.pico-sdk/sdk/2.0.0/src/rp2_common/pico_runtime_init/runtime_init.c.obj
                0x1000b0b8                runtime_init_install_ram_vector_table
 .text.runtime_init_clocks
                0x1000b0d4       0xd8 CMakeFiles/wavemachine.dir/Users/nickallott/.pico-sdk/sdk/2.0.0/src/rp2_common/pico_runtime_init/runtime_init_clocks.c.obj
                0x1000b0d4                runtime_init_clocks
 .text          0x1000b1ac       0x10 CMakeFiles/wavemachine.dir/Users/nickallott/.pico-sdk/sdk/2.0.0/src/rp2_common/pico_bit_ops/bit_ops_aeabi.S.obj
 .text.ctzsi    0x1000b1bc        0xc CMakeFiles/wavemachine.dir/Users/nickallott/.pico-sdk/sdk/2.0.0/src/rp2_common/pico_bit_ops/bit_ops_aeabi.S.obj
                0x1000b1bc                __wrap___ctzsi2
 .text.rom_func_lookup
                0x1000b1c8       0x10 CMakeFiles/wavemachine.dir/Users/nickallott/.pico-sdk/sdk/2.0.0/src/rp2_common/pico_bootrom/bootrom.c.obj
                0x1000b1c8                rom_func_lookup
 .text.rom_data_lookup
                0x1000b1d8       0x10 CMakeFiles/wavemachine.dir/Users/nickallott/.pico-sdk/sdk/2.0.0/src/rp2_common/pico_bootrom/bootrom.c.obj
                0x1000b1d8                rom_data_lookup
 .text.rom_funcs_lookup
                0x1000b1e8       0x44 CMakeFiles/wavemachine.dir/Users/nickallott/.pico-sdk/sdk/2.0.0/src/rp2_common/pico_bootrom/bootrom.c.obj
                0x1000b1e8                rom_funcs_lookup
 .text.__wrap___aeabi_idiv
                0x1000b22c       0x50 CMakeFiles/wavemachine.dir/Users/nickallott/.pico-sdk/sdk/2.0.0/src/rp2_common/pico_divider/divider_hardware.S.obj
                0x1000b22c                __wrap___aeabi_idivmod
                0x1000b22c                divmod_s32s32
                0x1000b22c                div_s32s32
                0x1000b22c                __wrap___aeabi_idiv
                0x1000b234                divmod_s32s32_unsafe
                0x1000b260                divmod_s32s32_savestate
 .text.__wrap___aeabi_uidiv
                0x1000b27c       0x4c CMakeFiles/wavemachine.dir/Users/nickallott/.pico-sdk/sdk/2.0.0/src/rp2_common/pico_divider/divider_hardware.S.obj
                0x1000b27c                __wrap___aeabi_uidiv
                0x1000b27c                __wrap___aeabi_uidivmod
                0x1000b27c                div_u32u32
                0x1000b27c                divmod_u32u32
                0x1000b284                divmod_u32u32_unsafe
                0x1000b2ac                divmod_u32u32_savestate
 .text.__wrap___aeabi_ldiv
                0x1000b2c8      0x424 CMakeFiles/wavemachine.dir/Users/nickallott/.pico-sdk/sdk/2.0.0/src/rp2_common/pico_divider/divider_hardware.S.obj
                0x1000b2c8                __wrap___aeabi_ldivmod
                0x1000b2c8                div_s64s64
                0x1000b2c8                divmod_s64s64
                0x1000b2f8                divmod_u64u64
                0x1000b2f8                div_u64u64
                0x1000b2f8                __wrap___aeabi_uldivmod
                0x1000b308                divmod_u64u64_savestate
                0x1000b328                divmod_s64s64_unsafe
                0x1000b3b0                divmod_u64u64_unsafe
 .text.__wrap___aeabi_darithmetic
                0x1000b6ec       0x80 CMakeFiles/wavemachine.dir/Users/nickallott/.pico-sdk/sdk/2.0.0/src/rp2_common/pico_double/double_aeabi_rp2040.S.obj
                0x1000b6ec                __wrap___aeabi_drsub
                0x1000b6f2                __wrap___aeabi_dsub
                0x1000b704                __wrap___aeabi_dadd
                0x1000b716                __wrap___aeabi_ddiv
                0x1000b752                __wrap___aeabi_dmul
 .text.__wrap___aeabi_cdcmple
                0x1000b76c       0x6c CMakeFiles/wavemachine.dir/Users/nickallott/.pico-sdk/sdk/2.0.0/src/rp2_common/pico_double/double_aeabi_rp2040.S.obj
                0x1000b76c                __wrap___aeabi_cdrcmple
                0x1000b77c                __wrap___aeabi_cdcmple
                0x1000b77c                __wrap___aeabi_cdcmpeq
 .text.__wrap___aeabi_dcmplt
                0x1000b7d8        0xc CMakeFiles/wavemachine.dir/Users/nickallott/.pico-sdk/sdk/2.0.0/src/rp2_common/pico_double/double_aeabi_rp2040.S.obj
                0x1000b7d8                __wrap___aeabi_dcmplt
 .text.__wrap___aeabi_dcmpge
                0x1000b7e4       0x10 CMakeFiles/wavemachine.dir/Users/nickallott/.pico-sdk/sdk/2.0.0/src/rp2_common/pico_double/double_aeabi_rp2040.S.obj
                0x1000b7e4                __wrap___aeabi_dcmpge
 .text.__wrap___aeabi_dcmpgt
                0x1000b7f4        0xa CMakeFiles/wavemachine.dir/Users/nickallott/.pico-sdk/sdk/2.0.0/src/rp2_common/pico_double/double_aeabi_rp2040.S.obj
                0x1000b7f4                __wrap___aeabi_dcmpgt
 .text.__wrap___aeabi_dcmpun
                0x1000b7fe       0x18 CMakeFiles/wavemachine.dir/Users/nickallott/.pico-sdk/sdk/2.0.0/src/rp2_common/pico_double/double_aeabi_rp2040.S.obj
                0x1000b7fe                __wrap___aeabi_dcmpun
 *fill*         0x1000b816        0x2 
 .text.__wrap___aeabi_i2d
                0x1000b818       0x38 CMakeFiles/wavemachine.dir/Users/nickallott/.pico-sdk/sdk/2.0.0/src/rp2_common/pico_double/double_aeabi_rp2040.S.obj
                0x1000b818                __wrap___aeabi_ui2d
                0x1000b820                __wrap___aeabi_i2d
 .text.__wrap___aeabi_d2iz
                0x1000b850       0x48 CMakeFiles/wavemachine.dir/Users/nickallott/.pico-sdk/sdk/2.0.0/src/rp2_common/pico_double/double_aeabi_rp2040.S.obj
                0x1000b850                __wrap___aeabi_d2iz
                0x1000b850                double2int_z
 .text.__wrap___aeabi_d2uiz
                0x1000b898       0x18 CMakeFiles/wavemachine.dir/Users/nickallott/.pico-sdk/sdk/2.0.0/src/rp2_common/pico_double/double_aeabi_rp2040.S.obj
                0x1000b898                double2uint
                0x1000b898                __wrap___aeabi_d2uiz
 .text.__aeabi_double_init
                0x1000b8b0       0xa4 CMakeFiles/wavemachine.dir/Users/nickallott/.pico-sdk/sdk/2.0.0/src/rp2_common/pico_double/double_init_rom_rp2040.c.obj
                0x1000b8b0                __aeabi_double_init
 .text.double_table_shim_on_use_helper
                0x1000b954       0x2c CMakeFiles/wavemachine.dir/Users/nickallott/.pico-sdk/sdk/2.0.0/src/rp2_common/pico_double/double_v1_rom_shim_rp2040.S.obj
                0x1000b954                double_table_shim_on_use_helper
 .text.__wrap___aeabi_dsub
                0x1000b980       0x10 CMakeFiles/wavemachine.dir/Users/nickallott/.pico-sdk/sdk/2.0.0/src/rp2_common/pico_double/double_v1_rom_shim_rp2040.S.obj
                0x1000b980                drsub_shim
                0x1000b986                dsub_shim
 .text.dadd_shim
                0x1000b990      0x15c CMakeFiles/wavemachine.dir/Users/nickallott/.pico-sdk/sdk/2.0.0/src/rp2_common/pico_double/double_v1_rom_shim_rp2040.S.obj
                0x1000b990                dadd_shim
 .text.dmul_shim
                0x1000baec      0x15c CMakeFiles/wavemachine.dir/Users/nickallott/.pico-sdk/sdk/2.0.0/src/rp2_common/pico_double/double_v1_rom_shim_rp2040.S.obj
                0x1000baec                dmul_shim
 .text.ddiv_shim
                0x1000bc48      0x1b0 CMakeFiles/wavemachine.dir/Users/nickallott/.pico-sdk/sdk/2.0.0/src/rp2_common/pico_double/double_v1_rom_shim_rp2040.S.obj
                0x1000bc48                ddiv_shim
 .text.double2uint_shim
                0x1000bdf8        0xe CMakeFiles/wavemachine.dir/Users/nickallott/.pico-sdk/sdk/2.0.0/src/rp2_common/pico_double/double_v1_rom_shim_rp2040.S.obj
                0x1000bdf8                double2uint_shim
                0x1000bdfa                double2ufix_shim
 *fill*         0x1000be06        0x2 
 .text.double2uint64_shim
                0x1000be08       0x70 CMakeFiles/wavemachine.dir/Users/nickallott/.pico-sdk/sdk/2.0.0/src/rp2_common/pico_double/double_v1_rom_shim_rp2040.S.obj
                0x1000be08                double2uint64_shim
                0x1000be0a                double2ufix64_shim
                0x1000be2a                d2fix_a
 .text.dunpacks
                0x1000be78       0x3c CMakeFiles/wavemachine.dir/Users/nickallott/.pico-sdk/sdk/2.0.0/src/rp2_common/pico_double/double_v1_rom_shim_rp2040.S.obj
                0x1000be78                dunpacks
 .text.__aeabi_lmul
                0x1000beb4       0x32 CMakeFiles/wavemachine.dir/Users/nickallott/.pico-sdk/sdk/2.0.0/src/rp2_common/pico_int64_ops/pico_int64_ops_aeabi.S.obj
                0x1000beb4                __wrap___aeabi_lmul
 *fill*         0x1000bee6        0x2 
 .text.__wrap___aeabi_farithmetic
                0x1000bee8       0x48 CMakeFiles/wavemachine.dir/Users/nickallott/.pico-sdk/sdk/2.0.0/src/rp2_common/pico_float/float_aeabi_rp2040.S.obj
                0x1000bee8                __wrap___aeabi_frsub
                0x1000beee                __wrap___aeabi_fsub
                0x1000bef4                __wrap___aeabi_fadd
                0x1000befa                __wrap___aeabi_fdiv
                0x1000bf22                __wrap___aeabi_fmul
 .text.__wrap___aeabi_cfcmple
                0x1000bf30       0x50 CMakeFiles/wavemachine.dir/Users/nickallott/.pico-sdk/sdk/2.0.0/src/rp2_common/pico_float/float_aeabi_rp2040.S.obj
                0x1000bf30                __wrap___aeabi_cfrcmple
                0x1000bf3c                __wrap___aeabi_cfcmpeq
                0x1000bf3c                __wrap___aeabi_cfcmple
 .text.__wrap___aeabi_fcmplt
                0x1000bf80        0xc CMakeFiles/wavemachine.dir/Users/nickallott/.pico-sdk/sdk/2.0.0/src/rp2_common/pico_float/float_aeabi_rp2040.S.obj
                0x1000bf80                __wrap___aeabi_fcmplt
 .text.__wrap___aeabi_ui2f
                0x1000bf8c        0xa CMakeFiles/wavemachine.dir/Users/nickallott/.pico-sdk/sdk/2.0.0/src/rp2_common/pico_float/float_aeabi_rp2040.S.obj
                0x1000bf8c                uint2float
                0x1000bf8c                __wrap___aeabi_ui2f
 *fill*         0x1000bf96        0x2 
 .text.__wrap___aeabi_i2f
                0x1000bf98       0x44 CMakeFiles/wavemachine.dir/Users/nickallott/.pico-sdk/sdk/2.0.0/src/rp2_common/pico_float/float_aeabi_rp2040.S.obj
                0x1000bf98                int2float
                0x1000bf98                __wrap___aeabi_i2f
 .text.__wrap___aeabi_f2uiz
                0x1000bfdc        0xc CMakeFiles/wavemachine.dir/Users/nickallott/.pico-sdk/sdk/2.0.0/src/rp2_common/pico_float/float_aeabi_rp2040.S.obj
                0x1000bfdc                float2uint_z
                0x1000bfdc                __wrap___aeabi_f2uiz
 .text.__wrap___aeabi_f2d
                0x1000bfe8       0x14 CMakeFiles/wavemachine.dir/Users/nickallott/.pico-sdk/sdk/2.0.0/src/rp2_common/pico_float/float_aeabi_rp2040.S.obj
                0x1000bfe8                __wrap___aeabi_f2d
 .text.__aeabi_float_init
                0x1000bffc       0x64 CMakeFiles/wavemachine.dir/Users/nickallott/.pico-sdk/sdk/2.0.0/src/rp2_common/pico_float/float_init_rom_rp2040.c.obj
                0x1000bffc                __aeabi_float_init
 .text.float_table_shim_on_use_helper
                0x1000c060       0x2c CMakeFiles/wavemachine.dir/Users/nickallott/.pico-sdk/sdk/2.0.0/src/rp2_common/pico_float/float_v1_rom_shim_rp2040.S.obj
                0x1000c060                float_table_shim_on_use_helper
 .text.float2double_shim
                0x1000c08c       0x30 CMakeFiles/wavemachine.dir/Users/nickallott/.pico-sdk/sdk/2.0.0/src/rp2_common/pico_float/float_v1_rom_shim_rp2040.S.obj
                0x1000c08c                float2double_shim
 .text.__wrap_calloc
                0x1000c0bc       0x44 CMakeFiles/wavemachine.dir/Users/nickallott/.pico-sdk/sdk/2.0.0/src/rp2_common/pico_malloc/malloc.c.obj
                0x1000c0bc                __wrap_calloc
 .text          0x1000c100       0x10 CMakeFiles/wavemachine.dir/Users/nickallott/.pico-sdk/sdk/2.0.0/src/rp2_common/pico_mem_ops/mem_ops_aeabi.S.obj
                0x1000c100                __aeabi_mem_init
 .text.memset   0x1000c110        0xc CMakeFiles/wavemachine.dir/Users/nickallott/.pico-sdk/sdk/2.0.0/src/rp2_common/pico_mem_ops/mem_ops_aeabi.S.obj
                0x1000c110                __wrap_memset
 .text.memcpy   0x1000c11c        0xc CMakeFiles/wavemachine.dir/Users/nickallott/.pico-sdk/sdk/2.0.0/src/rp2_common/pico_mem_ops/mem_ops_aeabi.S.obj
                0x1000c11c                __wrap___aeabi_memcpy
                0x1000c11c                __wrap_memcpy
 .text._out_null
                0x1000c128        0x4 CMakeFiles/wavemachine.dir/Users/nickallott/.pico-sdk/sdk/2.0.0/src/rp2_common/pico_printf/printf.c.obj
 .text._out_rev
                0x1000c12c       0xac CMakeFiles/wavemachine.dir/Users/nickallott/.pico-sdk/sdk/2.0.0/src/rp2_common/pico_printf/printf.c.obj
 .text._ntoa_format
                0x1000c1d8      0x250 CMakeFiles/wavemachine.dir/Users/nickallott/.pico-sdk/sdk/2.0.0/src/rp2_common/pico_printf/printf.c.obj
 .text._out_char
                0x1000c428       0x10 CMakeFiles/wavemachine.dir/Users/nickallott/.pico-sdk/sdk/2.0.0/src/rp2_common/pico_printf/printf.c.obj
 .text._out_fct
                0x1000c438       0x10 CMakeFiles/wavemachine.dir/Users/nickallott/.pico-sdk/sdk/2.0.0/src/rp2_common/pico_printf/printf.c.obj
 .text._etoa    0x1000c448      0x464 CMakeFiles/wavemachine.dir/Users/nickallott/.pico-sdk/sdk/2.0.0/src/rp2_common/pico_printf/printf.c.obj
 .text._ftoa    0x1000c8ac      0x3c0 CMakeFiles/wavemachine.dir/Users/nickallott/.pico-sdk/sdk/2.0.0/src/rp2_common/pico_printf/printf.c.obj
 .text._vsnprintf
                0x1000cc6c      0xbc8 CMakeFiles/wavemachine.dir/Users/nickallott/.pico-sdk/sdk/2.0.0/src/rp2_common/pico_printf/printf.c.obj
 .text.vfctprintf
                0x1000d834       0x20 CMakeFiles/wavemachine.dir/Users/nickallott/.pico-sdk/sdk/2.0.0/src/rp2_common/pico_printf/printf.c.obj
                0x1000d834                vfctprintf
 .text.weak_raw_vprintf
                0x1000d854       0x30 CMakeFiles/wavemachine.dir/Users/nickallott/.pico-sdk/sdk/2.0.0/src/rp2_common/pico_printf/printf.c.obj
                0x1000d854                weak_raw_vprintf
 .text._exit    0x1000d884        0x4 CMakeFiles/wavemachine.dir/Users/nickallott/.pico-sdk/sdk/2.0.0/src/rp2_common/pico_clib_interface/newlib_interface.c.obj
                0x1000d884                _exit
 .text._sbrk    0x1000d888       0x34 CMakeFiles/wavemachine.dir/Users/nickallott/.pico-sdk/sdk/2.0.0/src/rp2_common/pico_clib_interface/newlib_interface.c.obj
                0x1000d888                _sbrk
 .text.exit     0x1000d8bc        0x8 CMakeFiles/wavemachine.dir/Users/nickallott/.pico-sdk/sdk/2.0.0/src/rp2_common/pico_clib_interface/newlib_interface.c.obj
                0x1000d8bc                exit
 .text.runtime_init
                0x1000d8c4       0x2c CMakeFiles/wavemachine.dir/Users/nickallott/.pico-sdk/sdk/2.0.0/src/rp2_common/pico_clib_interface/newlib_interface.c.obj
                0x1000d8c4                runtime_init
 .text.stdio_out_chars_no_crlf
                0x1000d8f0       0x10 CMakeFiles/wavemachine.dir/Users/nickallott/.pico-sdk/sdk/2.0.0/src/rp2_common/pico_stdio/stdio.c.obj
 .text.stdio_out_chars_crlf
                0x1000d900       0x94 CMakeFiles/wavemachine.dir/Users/nickallott/.pico-sdk/sdk/2.0.0/src/rp2_common/pico_stdio/stdio.c.obj
 .text.stdio_buffered_printer
                0x1000d994       0x64 CMakeFiles/wavemachine.dir/Users/nickallott/.pico-sdk/sdk/2.0.0/src/rp2_common/pico_stdio/stdio.c.obj
 .text.stdio_put_string
                0x1000d9f8      0x100 CMakeFiles/wavemachine.dir/Users/nickallott/.pico-sdk/sdk/2.0.0/src/rp2_common/pico_stdio/stdio.c.obj
                0x1000d9f8                stdio_put_string
 .text.stdio_set_driver_enabled
                0x1000daf8       0x30 CMakeFiles/wavemachine.dir/Users/nickallott/.pico-sdk/sdk/2.0.0/src/rp2_common/pico_stdio/stdio.c.obj
                0x1000daf8                stdio_set_driver_enabled
 .text.stdio_init_all
                0x1000db28        0xc CMakeFiles/wavemachine.dir/Users/nickallott/.pico-sdk/sdk/2.0.0/src/rp2_common/pico_stdio/stdio.c.obj
                0x1000db28                stdio_init_all
 .text.__wrap_putchar
                0x1000db34       0x98 CMakeFiles/wavemachine.dir/Users/nickallott/.pico-sdk/sdk/2.0.0/src/rp2_common/pico_stdio/stdio.c.obj
                0x1000db34                stdio_putchar
                0x1000db34                __wrap_putchar
 .text.__wrap_puts
                0x1000dbcc       0x3c CMakeFiles/wavemachine.dir/Users/nickallott/.pico-sdk/sdk/2.0.0/src/rp2_common/pico_stdio/stdio.c.obj
                0x1000dbcc                __wrap_puts
                0x1000dbcc                stdio_puts
 .text.__wrap_vprintf
                0x1000dc08       0xd4 CMakeFiles/wavemachine.dir/Users/nickallott/.pico-sdk/sdk/2.0.0/src/rp2_common/pico_stdio/stdio.c.obj
                0x1000dc08                __wrap_vprintf
                0x1000dc08                stdio_vprintf
 .text.__wrap_printf
                0x1000dcdc       0x18 CMakeFiles/wavemachine.dir/Users/nickallott/.pico-sdk/sdk/2.0.0/src/rp2_common/pico_stdio/stdio.c.obj
                0x1000dcdc                stdio_printf
                0x1000dcdc                __wrap_printf
 .text.stdio_uart_out_chars
                0x1000dcf4       0x4c CMakeFiles/wavemachine.dir/Users/nickallott/.pico-sdk/sdk/2.0.0/src/rp2_common/pico_stdio_uart/stdio_uart.c.obj
 .text.stdio_uart_in_chars
                0x1000dd40       0x90 CMakeFiles/wavemachine.dir/Users/nickallott/.pico-sdk/sdk/2.0.0/src/rp2_common/pico_stdio_uart/stdio_uart.c.obj
                0x1000dd40                stdio_uart_in_chars
 .text.on_uart_rx
                0x1000ddd0       0x28 CMakeFiles/wavemachine.dir/Users/nickallott/.pico-sdk/sdk/2.0.0/src/rp2_common/pico_stdio_uart/stdio_uart.c.obj
 .text.stdio_uart_out_flush
                0x1000ddf8       0x10 CMakeFiles/wavemachine.dir/Users/nickallott/.pico-sdk/sdk/2.0.0/src/rp2_common/pico_stdio_uart/stdio_uart.c.obj
 .text.stdio_uart_set_chars_available_callback
                0x1000de08       0x8c CMakeFiles/wavemachine.dir/Users/nickallott/.pico-sdk/sdk/2.0.0/src/rp2_common/pico_stdio_uart/stdio_uart.c.obj
 .text.stdio_uart_init
                0x1000de94       0x50 CMakeFiles/wavemachine.dir/Users/nickallott/.pico-sdk/sdk/2.0.0/src/rp2_common/pico_stdio_uart/stdio_uart.c.obj
                0x1000de94                stdio_uart_init
 .text.core1_trampoline
                0x1000dee4        0x4 CMakeFiles/wavemachine.dir/Users/nickallott/.pico-sdk/sdk/2.0.0/src/rp2_common/pico_multicore/multicore.c.obj
 .text.core1_wrapper
                0x1000dee8        0xc CMakeFiles/wavemachine.dir/Users/nickallott/.pico-sdk/sdk/2.0.0/src/rp2_common/pico_multicore/multicore.c.obj
                0x1000dee8                core1_wrapper
 .text.multicore_launch_core1_raw
                0x1000def4       0x84 CMakeFiles/wavemachine.dir/Users/nickallott/.pico-sdk/sdk/2.0.0/src/rp2_common/pico_multicore/multicore.c.obj
                0x1000def4                multicore_launch_core1_raw
 .text.multicore_launch_core1
                0x1000df78       0x58 CMakeFiles/wavemachine.dir/Users/nickallott/.pico-sdk/sdk/2.0.0/src/rp2_common/pico_multicore/multicore.c.obj
                0x1000df78                multicore_launch_core1
 .text.startup._retrieve_unique_id_on_boot
                0x1000dfd0       0x10 CMakeFiles/wavemachine.dir/Users/nickallott/.pico-sdk/sdk/2.0.0/src/rp2_common/pico_unique_id/unique_id.c.obj
 .text.pico_get_unique_board_id
                0x1000dfe0       0x10 CMakeFiles/wavemachine.dir/Users/nickallott/.pico-sdk/sdk/2.0.0/src/rp2_common/pico_unique_id/unique_id.c.obj
                0x1000dfe0                pico_get_unique_board_id
 .text.pico_get_unique_board_id_string
                0x1000dff0      0x1a8 CMakeFiles/wavemachine.dir/Users/nickallott/.pico-sdk/sdk/2.0.0/src/rp2_common/pico_unique_id/unique_id.c.obj
                0x1000dff0                pico_get_unique_board_id_string
 .text.flash_get_unique_id
                0x1000e198       0x3c CMakeFiles/wavemachine.dir/Users/nickallott/.pico-sdk/sdk/2.0.0/src/rp2_common/hardware_flash/flash.c.obj
                0x1000e198                flash_get_unique_id
 .text.spi_init
                0x1000e1d4      0x13c CMakeFiles/wavemachine.dir/Users/nickallott/.pico-sdk/sdk/2.0.0/src/rp2_common/hardware_spi/spi.c.obj
                0x1000e1d4                spi_init
 .text.dma_claim_unused_channel
                0x1000e310       0x24 CMakeFiles/wavemachine.dir/Users/nickallott/.pico-sdk/sdk/2.0.0/src/rp2_common/hardware_dma/dma.c.obj
                0x1000e310                dma_claim_unused_channel
 .text.dma_timer_claim
                0x1000e334       0x18 CMakeFiles/wavemachine.dir/Users/nickallott/.pico-sdk/sdk/2.0.0/src/rp2_common/hardware_dma/dma.c.obj
                0x1000e334                dma_timer_claim
 .text.adc_init
                0x1000e34c       0x38 CMakeFiles/wavemachine.dir/Users/nickallott/.pico-sdk/sdk/2.0.0/src/rp2_common/hardware_adc/adc.c.obj
                0x1000e34c                adc_init
 .text.i2c_set_baudrate
                0x1000e384       0xc0 CMakeFiles/wavemachine.dir/Users/nickallott/.pico-sdk/sdk/2.0.0/src/rp2_common/hardware_i2c/i2c.c.obj
                0x1000e384                i2c_set_baudrate
 .text.i2c_init
                0x1000e444       0x50 CMakeFiles/wavemachine.dir/Users/nickallott/.pico-sdk/sdk/2.0.0/src/rp2_common/hardware_i2c/i2c.c.obj
                0x1000e444                i2c_init
 .text.i2c_write_blocking
                0x1000e494       0xd0 CMakeFiles/wavemachine.dir/Users/nickallott/.pico-sdk/sdk/2.0.0/src/rp2_common/hardware_i2c/i2c.c.obj
                0x1000e494                i2c_write_blocking
 .text.i2c_read_blocking
                0x1000e564       0x90 CMakeFiles/wavemachine.dir/Users/nickallott/.pico-sdk/sdk/2.0.0/src/rp2_common/hardware_i2c/i2c.c.obj
                0x1000e564                i2c_read_blocking
 .text.pio_add_program
                0x1000e5f4      0x104 CMakeFiles/wavemachine.dir/Users/nickallott/.pico-sdk/sdk/2.0.0/src/rp2_common/hardware_pio/pio.c.obj
                0x1000e5f4                pio_add_program
 .text.pio_sm_set_pins_with_mask
                0x1000e6f8       0xa8 CMakeFiles/wavemachine.dir/Users/nickallott/.pico-sdk/sdk/2.0.0/src/rp2_common/hardware_pio/pio.c.obj
                0x1000e6f8                pio_sm_set_pins_with_mask
 .text.pio_sm_set_consecutive_pindirs
                0x1000e7a0       0xb4 CMakeFiles/wavemachine.dir/Users/nickallott/.pico-sdk/sdk/2.0.0/src/rp2_common/hardware_pio/pio.c.obj
                0x1000e7a0                pio_sm_set_consecutive_pindirs
 .text.pio_sm_init
                0x1000e854       0x98 CMakeFiles/wavemachine.dir/Users/nickallott/.pico-sdk/sdk/2.0.0/src/rp2_common/hardware_pio/pio.c.obj
                0x1000e854                pio_sm_init
 .text.dcd_init
                0x1000e8ec       0x8c CMakeFiles/wavemachine.dir/Users/nickallott/.pico-sdk/sdk/2.0.0/lib/tinyusb/src/portable/raspberrypi/rp2040/dcd_rp2040.c.obj
                0x1000e8ec                dcd_init
 .text.dcd_int_enable
                0x1000e978        0xc CMakeFiles/wavemachine.dir/Users/nickallott/.pico-sdk/sdk/2.0.0/lib/tinyusb/src/portable/raspberrypi/rp2040/dcd_rp2040.c.obj
                0x1000e978                dcd_int_enable
 .text.dcd_set_address
                0x1000e984       0x14 CMakeFiles/wavemachine.dir/Users/nickallott/.pico-sdk/sdk/2.0.0/lib/tinyusb/src/portable/raspberrypi/rp2040/dcd_rp2040.c.obj
                0x1000e984                dcd_set_address
 .text.dcd_sof_enable
                0x1000e998       0x1c CMakeFiles/wavemachine.dir/Users/nickallott/.pico-sdk/sdk/2.0.0/lib/tinyusb/src/portable/raspberrypi/rp2040/dcd_rp2040.c.obj
                0x1000e998                dcd_sof_enable
 .text.dcd_edpt0_status_complete
                0x1000e9b4       0x1c CMakeFiles/wavemachine.dir/Users/nickallott/.pico-sdk/sdk/2.0.0/lib/tinyusb/src/portable/raspberrypi/rp2040/dcd_rp2040.c.obj
                0x1000e9b4                dcd_edpt0_status_complete
 .text.dcd_edpt_open
                0x1000e9d0      0x108 CMakeFiles/wavemachine.dir/Users/nickallott/.pico-sdk/sdk/2.0.0/lib/tinyusb/src/portable/raspberrypi/rp2040/dcd_rp2040.c.obj
                0x1000e9d0                dcd_edpt_open
 .text.dcd_edpt_close_all
                0x1000ead8        0x8 CMakeFiles/wavemachine.dir/Users/nickallott/.pico-sdk/sdk/2.0.0/lib/tinyusb/src/portable/raspberrypi/rp2040/dcd_rp2040.c.obj
                0x1000ead8                dcd_edpt_close_all
 .text.dcd_edpt_xfer
                0x1000eae0       0x24 CMakeFiles/wavemachine.dir/Users/nickallott/.pico-sdk/sdk/2.0.0/lib/tinyusb/src/portable/raspberrypi/rp2040/dcd_rp2040.c.obj
                0x1000eae0                dcd_edpt_xfer
 .text.dcd_edpt_stall
                0x1000eb04       0x34 CMakeFiles/wavemachine.dir/Users/nickallott/.pico-sdk/sdk/2.0.0/lib/tinyusb/src/portable/raspberrypi/rp2040/dcd_rp2040.c.obj
                0x1000eb04                dcd_edpt_stall
 .text.dcd_edpt_clear_stall
                0x1000eb38       0x30 CMakeFiles/wavemachine.dir/Users/nickallott/.pico-sdk/sdk/2.0.0/lib/tinyusb/src/portable/raspberrypi/rp2040/dcd_rp2040.c.obj
                0x1000eb38                dcd_edpt_clear_stall
 .text.rp2040_usb_init
                0x1000eb68       0x40 CMakeFiles/wavemachine.dir/Users/nickallott/.pico-sdk/sdk/2.0.0/lib/tinyusb/src/portable/raspberrypi/rp2040/rp2040_usb.c.obj
                0x1000eb68                rp2040_usb_init
 .text.hw_endpoint_xfer_start
                0x1000eba8       0x40 CMakeFiles/wavemachine.dir/Users/nickallott/.pico-sdk/sdk/2.0.0/lib/tinyusb/src/portable/raspberrypi/rp2040/rp2040_usb.c.obj
                0x1000eba8                hw_endpoint_xfer_start
 .text.tud_vendor_control_xfer_cb
                0x1000ebe8        0x4 CMakeFiles/wavemachine.dir/Users/nickallott/.pico-sdk/sdk/2.0.0/lib/tinyusb/src/device/usbd.c.obj
                0x1000ebe8                tud_vendor_control_xfer_cb
 .text.tud_event_hook_cb
                0x1000ebec        0x4 CMakeFiles/wavemachine.dir/Users/nickallott/.pico-sdk/sdk/2.0.0/lib/tinyusb/src/device/usbd.c.obj
                0x1000ebec                tud_event_hook_cb
 .text.tud_sof_cb
                0x1000ebf0        0x4 CMakeFiles/wavemachine.dir/Users/nickallott/.pico-sdk/sdk/2.0.0/lib/tinyusb/src/device/usbd.c.obj
                0x1000ebf0                tud_sof_cb
 .text.tud_descriptor_bos_cb
                0x1000ebf4        0x4 CMakeFiles/wavemachine.dir/Users/nickallott/.pico-sdk/sdk/2.0.0/lib/tinyusb/src/device/usbd.c.obj
                0x1000ebf4                tud_descriptor_bos_cb
 .text.tud_descriptor_device_qualifier_cb
                0x1000ebf8        0x4 CMakeFiles/wavemachine.dir/Users/nickallott/.pico-sdk/sdk/2.0.0/lib/tinyusb/src/device/usbd.c.obj
                0x1000ebf8                tud_descriptor_device_qualifier_cb
 .text.tud_descriptor_other_speed_configuration_cb
                0x1000ebfc        0x4 CMakeFiles/wavemachine.dir/Users/nickallott/.pico-sdk/sdk/2.0.0/lib/tinyusb/src/device/usbd.c.obj
                0x1000ebfc                tud_descriptor_other_speed_configuration_cb
 .text.tud_mount_cb
                0x1000ec00        0x4 CMakeFiles/wavemachine.dir/Users/nickallott/.pico-sdk/sdk/2.0.0/lib/tinyusb/src/device/usbd.c.obj
                0x1000ec00                tud_mount_cb
 .text.tud_resume_cb
                0x1000ec04        0x4 CMakeFiles/wavemachine.dir/Users/nickallott/.pico-sdk/sdk/2.0.0/lib/tinyusb/src/device/usbd.c.obj
                0x1000ec04                tud_resume_cb
 .text.tud_init
                0x1000ec08       0xe4 CMakeFiles/wavemachine.dir/Users/nickallott/.pico-sdk/sdk/2.0.0/lib/tinyusb/src/device/usbd.c.obj
                0x1000ec08                tud_init
 .text.tud_task_ext
                0x1000ecec      0x800 CMakeFiles/wavemachine.dir/Users/nickallott/.pico-sdk/sdk/2.0.0/lib/tinyusb/src/device/usbd.c.obj
                0x1000ecec                tud_task_ext
 .text.usbd_open_edpt_pair
                0x1000f4ec       0x9c CMakeFiles/wavemachine.dir/Users/nickallott/.pico-sdk/sdk/2.0.0/lib/tinyusb/src/device/usbd.c.obj
                0x1000f4ec                usbd_open_edpt_pair
 .text.usbd_edpt_open
                0x1000f588       0x34 CMakeFiles/wavemachine.dir/Users/nickallott/.pico-sdk/sdk/2.0.0/lib/tinyusb/src/device/usbd.c.obj
                0x1000f588                usbd_edpt_open
 .text.usbd_edpt_claim
                0x1000f5bc       0x28 CMakeFiles/wavemachine.dir/Users/nickallott/.pico-sdk/sdk/2.0.0/lib/tinyusb/src/device/usbd.c.obj
                0x1000f5bc                usbd_edpt_claim
 .text.usbd_edpt_release
                0x1000f5e4       0x28 CMakeFiles/wavemachine.dir/Users/nickallott/.pico-sdk/sdk/2.0.0/lib/tinyusb/src/device/usbd.c.obj
                0x1000f5e4                usbd_edpt_release
 .text.usbd_edpt_xfer
                0x1000f60c       0x4c CMakeFiles/wavemachine.dir/Users/nickallott/.pico-sdk/sdk/2.0.0/lib/tinyusb/src/device/usbd.c.obj
                0x1000f60c                usbd_edpt_xfer
 .text.usbd_edpt_busy
                0x1000f658       0x1c CMakeFiles/wavemachine.dir/Users/nickallott/.pico-sdk/sdk/2.0.0/lib/tinyusb/src/device/usbd.c.obj
                0x1000f658                usbd_edpt_busy
 .text.usbd_edpt_stall
                0x1000f674       0x38 CMakeFiles/wavemachine.dir/Users/nickallott/.pico-sdk/sdk/2.0.0/lib/tinyusb/src/device/usbd.c.obj
                0x1000f674                usbd_edpt_stall
 .text.usbd_edpt_stalled
                0x1000f6ac       0x1c CMakeFiles/wavemachine.dir/Users/nickallott/.pico-sdk/sdk/2.0.0/lib/tinyusb/src/device/usbd.c.obj
                0x1000f6ac                usbd_edpt_stalled
 .text.tud_control_status
                0x1000f6c8       0x2c CMakeFiles/wavemachine.dir/Users/nickallott/.pico-sdk/sdk/2.0.0/lib/tinyusb/src/device/usbd_control.c.obj
                0x1000f6c8                tud_control_status
 .text.tud_control_xfer
                0x1000f6f4       0xac CMakeFiles/wavemachine.dir/Users/nickallott/.pico-sdk/sdk/2.0.0/lib/tinyusb/src/device/usbd_control.c.obj
                0x1000f6f4                tud_control_xfer
 .text.usbd_control_reset
                0x1000f7a0       0x14 CMakeFiles/wavemachine.dir/Users/nickallott/.pico-sdk/sdk/2.0.0/lib/tinyusb/src/device/usbd_control.c.obj
                0x1000f7a0                usbd_control_reset
 .text.usbd_control_set_complete_callback
                0x1000f7b4        0xc CMakeFiles/wavemachine.dir/Users/nickallott/.pico-sdk/sdk/2.0.0/lib/tinyusb/src/device/usbd_control.c.obj
                0x1000f7b4                usbd_control_set_complete_callback
 .text.usbd_control_set_request
                0x1000f7c0       0x1c CMakeFiles/wavemachine.dir/Users/nickallott/.pico-sdk/sdk/2.0.0/lib/tinyusb/src/device/usbd_control.c.obj
                0x1000f7c0                usbd_control_set_request
 .text.usbd_control_xfer_cb
                0x1000f7dc       0xec CMakeFiles/wavemachine.dir/Users/nickallott/.pico-sdk/sdk/2.0.0/lib/tinyusb/src/device/usbd_control.c.obj
                0x1000f7dc                usbd_control_xfer_cb
 .text.tud_midi_n_available
                0x1000f8c8       0x28 CMakeFiles/wavemachine.dir/Users/nickallott/.pico-sdk/sdk/2.0.0/lib/tinyusb/src/class/midi/midi_device.c.obj
                0x1000f8c8                tud_midi_n_available
 .text.tud_midi_n_stream_read